# Authors : Ludovic Fierville, Philippe Aubé
SOURCELONG:Document de Référence du Système (version 3.5)	SOURCESHORT:DRS	SOURCEWEB:http://www.wizards.com/default.asp?x=d20/article/srd35

Acid Arrow.MOD	KEY:Acid Arrow	OUTPUTNAME:Flèche acide	DESC:.CLEAR	DESC:Attaque de contact à distance ; 2d4 points de dégâts pendant ((min(CASTERLEVEL,18)/3)) rounds.
Acid Fog.MOD	KEY:Acid Fog	OUTPUTNAME:Brume acide	DESC:.CLEAR	DESC:Brouillard infligeant des dégâts d’acide.
Acid Splash.MOD	KEY:Acid Splash	OUTPUTNAME:Aspersion d'acide	DESC:.CLEAR	DESC:Orbe infligeant 1d3 points de dégâts d’acide.
Aid.MOD	KEY:Aid	OUTPUTNAME:Aide	DESC:.CLEAR	DESC:+1 aux jets d’attaque et de sauvegarde contre la terreur, 1d8+(min(CASTERLEVEL,10)) points de vie temporaires.
Air Walk.MOD	KEY:Air Walk	OUTPUTNAME:Marche dans les airs	DESC:.CLEAR	DESC:Le sujet marche dans les airs comme sur la terre ferme.
Alarm.MOD	KEY:Alarm	OUTPUTNAME:Alarme	DESC:.CLEAR	DESC:Protège une zone pendant 2 heures/niv.
Align Weapon.MOD	KEY:Align Weapon	OUTPUTNAME:Arme alignée	DESC:.CLEAR	DESC:Une arme devient bonne, chaotique, loyale ou mauvaise.
Alter Self.MOD	KEY:Alter Self	OUTPUTNAME:Modification d'apparence	DESC:.CLEAR	DESC:Permet d’adopter la forme d’une créature.
Analyze Dweomer.MOD	KEY:Analyze Dweomer	OUTPUTNAME:Analyse d'enchantement	DESC:.CLEAR	DESC:Révèle les aspects magiques de la cible.
Animal Growth.MOD	KEY:Animal Growth	OUTPUTNAME:Croissance animale	DESC:.CLEAR	DESC:Double la taille de 1 animal/2 niveaux.
Animal Messenger.MOD	KEY:Animal Messenger	OUTPUTNAME:Messager animal	DESC:.CLEAR	DESC:Envoie un animal de taille TP en un lieu donné.
Animal Shapes.MOD	KEY:Animal Shapes	OUTPUTNAME:Métamorphose animale	DESC:.CLEAR	DESC:(CASTERLEVEL) alliés se transforment en animal choisi.
Animal Trance.MOD	KEY:Animal Trance	OUTPUTNAME:Hypnose des animaux	DESC:.CLEAR	DESC:Fascine 2d6 DV d’animaux.
Animate Dead.MOD	KEY:Animate Dead	OUTPUTNAME:Animation des morts	DESC:.CLEAR	DESC:Crée squelettes et zombis morts-vivants.
Animate Objects.MOD	KEY:Animate Objects	OUTPUTNAME:Animation d'objets	DESC:.CLEAR	DESC:Les objets attaquent les adversaires du lanceur de sorts.
Animate Plants.MOD	KEY:Animate Plants	OUTPUTNAME:Animation des plantes	DESC:.CLEAR	DESC:Une ou plusieurs plantes s’animent et attaquent les adversaires du lanceur de sorts.
Animate Rope.MOD	KEY:Animate Rope	OUTPUTNAME:Corde animée	DESC:.CLEAR	DESC:Une corde bouge sur ordre du lanceur de sorts.
Antilife Shell.MOD	KEY:Antilife Shell	OUTPUTNAME:Coquille antivie	DESC:.CLEAR	DESC:Tient les créatures vivantes à distance (3 m).
Antimagic Field.MOD	KEY:Antimagic Field	OUTPUTNAME:Zone d'antimagie	DESC:.CLEAR	DESC:Réprime toute magie à moins de 3 m.
Antipathy.MOD	KEY:Antipathy	OUTPUTNAME:Aversion	DESC:.CLEAR	DESC:Objet ou lieu repousse certaines créatures.
Antiplant Shell.MOD	KEY:Antiplant Shell	OUTPUTNAME:Coquille antiplantes	DESC:.CLEAR	DESC:Empêche les plantes animées d’approcher.
Arcane Eye.MOD	KEY:Arcane Eye	OUTPUTNAME:Oeil du mage	DESC:.CLEAR	DESC:Oeil invisible avançant de 9 m/round.
Arcane Lock.MOD	KEY:Arcane Lock	OUTPUTNAME:Verrou du mage	DESC:.CLEAR	DESC:Ferme une serrure (porte, coffre) par magie.
Arcane Mark.MOD	KEY:Arcane Mark	OUTPUTNAME:Signature magique	DESC:.CLEAR	DESC:Inscrit la rune personnelle du lanceur de sorts (visible ou non).
Arcane Sight (Greater).MOD	KEY:Arcane Sight (Greater)	OUTPUTNAME:Vision magique suprême	DESC:.CLEAR	DESC:Comme vision magique, mais révèle également les effets magiques sur les créatures et les objets.
Arcane Sight.MOD	KEY:Arcane Sight	OUTPUTNAME:Vision magique	DESC:.CLEAR	DESC:Le lanceur de sort voit les auras magiques.
Astral Projection.MOD	KEY:Astral Projection	OUTPUTNAME:Projection astrale	DESC:.CLEAR	DESC:Emmène le lanceur de sort et ses compagnons dans le plan Astral.
Atonement.MOD	KEY:Atonement	OUTPUTNAME:Pénitence	DESC:.CLEAR	DESC:Permet au sujet d’expier ses fautes.
Augury.MOD	KEY:Augury	OUTPUTNAME:Augure	DESC:.CLEAR	DESC:Révèle si une action aura de bonnes conséquences ou non.
Awaken.MOD	KEY:Awaken	OUTPUTNAME:Eveil	DESC:.CLEAR	DESC:Rend un animal ou un arbre intelligent.
Baleful Polymorph.MOD	KEY:Baleful Polymorph	OUTPUTNAME:Métamorphose funeste	DESC:.CLEAR	DESC:Transforme le sujet en animal inoffensif.
Bane.MOD	KEY:Bane	OUTPUTNAME:Imprécation	DESC:.CLEAR	DESC:Les adversaires subissent –1 à l’attaque et aux jets de sauvegarde contre la terreur.
Banishment.MOD	KEY:Banishment	OUTPUTNAME:Bannissement	DESC:.CLEAR	DESC:Bannit (CASTERLEVEL*2) DV de créatures extraplanaires.
Barkskin.MOD	KEY:Barkskin	OUTPUTNAME:Peau d'écorce	DESC:.CLEAR	DESC:Confère un bonus d’armure naturelle de +(min(max(CASTERLEVEL/3+1,2),5)).
Bear's Endurance (Mass).MOD	KEY:Bear's Endurance (Mass)	OUTPUTNAME:Endurance de l'Ours de groupe	DESC:.CLEAR	DESC:Comme Endurance de l’Ours, mais affecte (CASTERLEVEL) sujets.
Bear's Endurance.MOD	KEY:Bear's Endurance	OUTPUTNAME:Endurance de l'Ours	DESC:.CLEAR	DESC:Confère +4 en Con pendant (CASTERLEVEL) minutes.
Bestow Curse.MOD	KEY:Bestow Curse	OUTPUTNAME:Malédiction	DESC:.CLEAR	DESC:–6 à une caractéristique, –4 aux jets d’attaque, jets de sauvegarde et tests de compétence, ou 50 % de chances de perdre chaque action.
Binding.MOD	KEY:Binding	OUTPUTNAME:Entrave	DESC:.CLEAR	DESC:Diverses possibilités pour emprisonner une créature.
Black Tentacles.MOD	KEY:Black Tentacles	OUTPUTNAME:Tentacules noirs	DESC:.CLEAR	DESC:Tentacules attaquant les créatures un rayon de 4,50 m.
Blade Barrier.MOD	KEY:Blade Barrier	OUTPUTNAME:Barrière de lames	DESC:.CLEAR	DESC:Lames infligeant (min(CASTERLEVEL,15))d6 points de dégâts.
Blasphemy.MOD	KEY:Blasphemy	OUTPUTNAME:Blasphème	DESC:.CLEAR	DESC:Tue, paralyse, affaiblit ou hébète les cibles non mauvaises.
Bless Water.MOD	KEY:Bless Water	OUTPUTNAME:Bénédiction de l'eau	DESC:.CLEAR	DESC:Crée de l’eau bénite.
Bless Weapon.MOD	KEY:Bless Weapon	OUTPUTNAME:Bénédiction d'arme	DESC:.CLEAR	DESC:Arme plus efficace contre les adversaires d’alignement mauvais.
Bless.MOD	KEY:Bless	OUTPUTNAME:Bénédiction	DESC:.CLEAR	DESC:Les alliés gagnent +1 à l’attaque et aux jets de sauvegarde contre la terreur.
Blight.MOD	KEY:Blight	OUTPUTNAME:Flétrissement végétal	DESC:.CLEAR	DESC:Flétrit une plante ou inflige (CASTERLEVEL)d6 points de dégâts à une créature végétale.
Blindness/Deafness.MOD	KEY:Blindness/Deafness	OUTPUTNAME:Cécité/Surdité	DESC:.CLEAR	DESC:Rend la cible aveugle ou sourde.
Blink.MOD	KEY:Blink	OUTPUTNAME:Clignotement	DESC:.CLEAR	DESC:Le lanceur de sort apparaît et disparaît pendant (CASTERLEVEL) rounds.
Blur.MOD	KEY:Blur	OUTPUTNAME:Flou	DESC:.CLEAR	DESC:Chaque attaque a 20 % de chances de rater la cible.
Break Enchantment.MOD	KEY:Break Enchantment	OUTPUTNAME:Annulation d'enchantement	DESC:.CLEAR	DESC:Libère la cible des enchantements, des altérations, des malédictions et de la pétrification.
Bull's Strength (Mass).MOD	KEY:Bull's Strength (Mass)	OUTPUTNAME:Force du Taureau de groupe	DESC:.CLEAR	DESC:Comme Force du Taureau, mais affecte (CASTERLEVEL) sujets.
Bull's Strength.MOD	KEY:Bull's Strength	OUTPUTNAME:Force du Taureau	DESC:.CLEAR	DESC:Confère +4 en For pendant (CASTERLEVEL) minutes.
Burning Hands.MOD	KEY:Burning Hands	OUTPUTNAME:Mains brûlantes	DESC:.CLEAR	DESC:(min(CASTERLEVEL,5))d4 points de dégâts de feu.
Call Lightning Storm.MOD	KEY:Call Lightning Storm	OUTPUTNAME:Appel de la tempête	DESC:.CLEAR	DESC:Appelle la foudre, (min(CASTERLEVEL,10)) éclairs, [5d6 points de dégâts par éclair, 5d10 durant une tempête en extérieur].
Call Lightning.MOD	KEY:Call Lightning	OUTPUTNAME:Appel de la foudre	DESC:.CLEAR	DESC:Appelle la foudre, (min(CASTERLEVEL,10)) éclairs, [3d6 points de dégâts par éclair, 3d10 durant une tempête en extérieur].
Calm Animals.MOD	KEY:Calm Animals	OUTPUTNAME:Apaisement des animaux	DESC:.CLEAR	DESC:Calme 2d4 + (CASTERLEVEL) DV d’animaux.
Calm Emotions.MOD	KEY:Calm Emotions	OUTPUTNAME:Apaisement des émotions	DESC:.CLEAR	DESC:Calme les créatures agitées.
Cat's Grace (Mass).MOD	KEY:Cat's Grace (Mass)	OUTPUTNAME:Grâce féline de groupe	DESC:.CLEAR	DESC:Comme Grâce féline, mais affecte (CASTERLEVEL) sujets.
Cat's Grace.MOD	KEY:Cat's Grace	OUTPUTNAME:Grâce féline	DESC:.CLEAR	DESC:Confère +4 en Dex pendant (CASTERLEVEL) minutes.
Cause Fear.MOD	KEY:Cause Fear	OUTPUTNAME:Frayeur	DESC:.CLEAR	DESC:Une créature à 5 DV ou moins fuit pendant 1d4 rounds.
Chain Lightning.MOD	KEY:Chain Lightning	OUTPUTNAME:Eclair multiple	DESC:.CLEAR	DESC:1d6 pts de dégâts/niveau ; 1 éclair secondaire/niveau infligeant demi-dégâts.
Changestaff.MOD	KEY:Changestaff	OUTPUTNAME:Bâton sylvanien	DESC:.CLEAR	DESC:Transforme le bâton du lanceur de sort en sylvanien.
Chaos Hammer.MOD	KEY:Chaos Hammer	OUTPUTNAME:Marteau du Chaos	DESC:.CLEAR	DESC:Blesse et fait chanceler les créatures loyales.
Charm Animal.MOD	KEY:Charm Animal	OUTPUTNAME:Charme-animal	DESC:.CLEAR	DESC:Un animal devient l’ami du lanceur de sort.
Charm Monster.MOD	KEY:Charm Monster	OUTPUTNAME:Charme-monstre	DESC:.CLEAR	DESC:e monstre croit être l’allié du lanceur de sort.
Charm Monster (Mass).MOD	KEY:Charm Monster (Mass)	OUTPUTNAME:Charme-monstre de groupe	DESC:.CLEAR	DESC:Comme Charme-monstre, mais sur 9 m de rayon.
Charm Person.MOD	KEY:Charm Person	OUTPUTNAME:Charme-personne	DESC:.CLEAR	DESC:La cible devient l’ami du lanceur de sort.
Chill Metal.MOD	KEY:Chill Metal	OUTPUTNAME:Métal gelé	DESC:.CLEAR	DESC:Gèle le métal et inflige des dégâts à qui le touche.
Chill Touch.MOD	KEY:Chill Touch	OUTPUTNAME:Contact glacial	DESC:.CLEAR	DESC:(CASTERLEVEL) attaques ; 1d6 points de dégâts, perte de 1 point de For possible.
Circle of Death.MOD	KEY:Circle of Death	OUTPUTNAME:Cercle de mort	DESC:.CLEAR	DESC:Tue (CASTERLEVEL)d4 DV de créatures.
Clairaudience/Clairvoyance.MOD	KEY:Clairaudience/Clairvoyance	OUTPUTNAME:Clairaudience/Clairvoyance	DESC:.CLEAR	DESC:Permet d’entendre ou de voir de loin pendant (CASTERLEVEL) minutes.
Clenched Fist.MOD	KEY:Clenched Fist	OUTPUTNAME:Poing serré	DESC:.CLEAR	DESC:Main géante qui abrite, pousse ou agrippe.
Cloak of Chaos.MOD	KEY:Cloak of Chaos	OUTPUTNAME:Manteau du Chaos	DESC:.CLEAR	DESC:+4 à la CA, bonus de résistance de +4 et RM de 25 contre les sorts de la Loi.
Clone.MOD	KEY:Clone	OUTPUTNAME:Clone	DESC:.CLEAR	DESC:Double s’éveillant à la mort de l’original.
Cloudkill.MOD	KEY:Cloudkill	OUTPUTNAME:Brume mortelle	DESC:.CLEAR	DESC:Tue les créatures de 3 DV ou moins ; celles de 4–6 DV meurent en cas de jet de sauvegarde raté ; celles de 6 DV ou plus subissent un affaiblissement temporaire de Con.
Color Spray.MOD	KEY:Color Spray	OUTPUTNAME:Couleurs dansantes	DESC:.CLEAR	DESC:Assomme, aveugle et/ou étourdit 1d6 créatures.
Command.MOD	KEY:Command	OUTPUTNAME:Injonction	DESC:.CLEAR	DESC:La cible obéit à un ordre d’un mot pendant 1 round.
Command (Greater).MOD	KEY:Command (Greater)	OUTPUTNAME:Injonction suprême	DESC:.CLEAR	DESC:Comme Injonction, mais affecte (CASTERLEVEL) sujets.
Command Plants.MOD	KEY:Command Plants	OUTPUTNAME:Empire végétal	DESC:.CLEAR	DESC:Influence les actions d’une ou plusieurs créatures végétales.
Command Undead.MOD	KEY:Command Undead	OUTPUTNAME:Contrôle des morts-vivants mineur	DESC:.CLEAR	DESC:Les morts-vivants obéissent au lanceur de sort.
Commune with Nature.MOD	KEY:Commune with Nature	OUTPUTNAME:Communion avec la nature	DESC:.CLEAR	DESC:Permet de connaître les environs sur (CASTERLEVEL*2/3) km.
Commune.MOD	KEY:Commune	OUTPUTNAME:Communion	DESC:.CLEAR	DESC:Le dieu du lanceur de sort répond par oui ou non à (CASTERLEVEL) questions.
Comprehend Languages.MOD	KEY:Comprehend Languages	OUTPUTNAME:Compréhension des langages	DESC:.CLEAR	DESC:Le lanceur de sort comprend tous les langages écrits ou parlés.
Cone of Cold.MOD	KEY:Cone of Cold	OUTPUTNAME:Cône de froid	DESC:.CLEAR	DESC:(min(CASTERLEVEL,15))d6 points de dégâts de froid.
Confusion.MOD	KEY:Confusion	OUTPUTNAME:Confusion	DESC:.CLEAR	DESC:Le sujet se comporte bizarrement pendant (CASTERLEVEL) rounds.
Confusion (Lesser).MOD	KEY:Confusion (Lesser)	OUTPUTNAME:Confusion mineure	DESC:.CLEAR	DESC:Une créature est confuse pendant 1 round.
Consecrate.MOD	KEY:Consecrate	OUTPUTNAME:Consécration	DESC:.CLEAR	DESC:Affaiblit les morts-vivants au sein d’une zone.
Contact Other Plane.MOD	KEY:Contact Other Plane	OUTPUTNAME:Contact avec les plans	DESC:.CLEAR	DESC:Permet d’interroger une entité extraplanaire.
Contagion.MOD	KEY:Contagion	OUTPUTNAME:Contagion	DESC:.CLEAR	DESC:Infecte la cible.
Contingency.MOD	KEY:Contingency	OUTPUTNAME:Prévoyance	DESC:.CLEAR	DESC:Déclenche un autre sort sous condition.
Continual Flame.MOD	KEY:Continual Flame	OUTPUTNAME:Flamme éternelle	DESC:.CLEAR	DESC:Torche permanente ne dégageant aucune chaleur.
Control Plants.MOD	KEY:Control Plants	OUTPUTNAME:Contrôle des plantes	DESC:.CLEAR	DESC:Permet de contrôler une ou plusieurs créatures végétales.
Control Undead.MOD	KEY:Control Undead	OUTPUTNAME:Contrôle des morts-vivants	DESC:.CLEAR	DESC:Les morts-vivants n’attaquent pas le lanceur de sort.
Control Water.MOD	KEY:Control Water	OUTPUTNAME:Contrôle de l'eau	DESC:.CLEAR	DESC:Abaisse ou élève le niveau de l’eau.
Control Weather.MOD	KEY:Control Weather	OUTPUTNAME:Contrôle du climat	DESC:.CLEAR	DESC:Modifie le climat local.
Control Winds.MOD	KEY:Control Winds	OUTPUTNAME:contrôle des vents	DESC:.CLEAR	DESC:Modifie la direction et la force du vent.
Create Food and Water.MOD	KEY:Create Food and Water	OUTPUTNAME:Création de nourriture et d'eau	DESC:.CLEAR	DESC:Nourrit (CASTERLEVEL*3) humains ou (CASTERLEVEL) chevaux.
Create Greater Undead.MOD	KEY:Create Greater Undead	OUTPUTNAME:Création de mort-vivant dominant	DESC:.CLEAR	DESC:Ombre, âme-en-peine, spectre ou dévoreur.
Create Undead.MOD	KEY:Create Undead	OUTPUTNAME:Création de mort-vivant	DESC:.CLEAR	DESC:Goule, blême, momie ou mohrg.
Create Water.MOD	KEY:Create Water	OUTPUTNAME:Création d'eau	DESC:.CLEAR	DESC:Crée (CASTERLEVEL*8) litres d’eau pure.
Creeping Doom.MOD	KEY:Creeping Doom	OUTPUTNAME:Mort rampante	DESC:.CLEAR	DESC:Nuée de mille-pattes tuant tout sur leur passage.
Crushing Despair.MOD	KEY:Crushing Despair	OUTPUTNAME:Désespoir foudroyant	DESC:.CLEAR	DESC:Les sujets subissent –2 aux jets d’attaque, jets de dégâts, jets de sauvegarde et tests.
Crushing Hand.MOD	KEY:Crushing Hand	OUTPUTNAME:Main broyante	DESC:.CLEAR	DESC:Main géante qui abrite, pousse ou agrippe.
Cure Critical Wounds (Mass).MOD	KEY:Cure Critical Wounds (Mass)	OUTPUTNAME:Soin critiques de groupe	DESC:.CLEAR	DESC:Rend 4d8+(min(CASTERLEVEL,40)) points de vie à de nombreuses créatures.
Cure Critical Wounds.MOD	KEY:Cure Critical Wounds	OUTPUTNAME:Soins critiques	DESC:.CLEAR	DESC:Rend 4d8+(min(CASTERLEVEL,20)) points de vie au sujet.
Cure Light Wounds (Mass).MOD	KEY:Cure Light Wounds (Mass)	OUTPUTNAME:Soins légers de groupe	DESC:.CLEAR	DESC:Rend 1d8+(min(CASTERLEVEL,25)) pv à de nombreuses créatures.
Cure Light Wounds.MOD	KEY:Cure Light Wounds	OUTPUTNAME:Soins légers	DESC:.CLEAR	DESC:Rend 1d8+(min(CASTERLEVEL,5)) pv au sujet.
Cure Minor Wounds.MOD	KEY:Cure Minor Wounds	OUTPUTNAME:Soins superficiels	DESC:.CLEAR	DESC:Rend 1 pv à la cible.
Cure Moderate Wounds (Mass).MOD	KEY:Cure Moderate Wounds (Mass)	OUTPUTNAME:Soins modérés de groupe	DESC:.CLEAR	DESC:Rend 2d8+(min(CASTERLEVEL,30)) pv à de nombreuses créatures.
Cure Moderate Wounds.MOD	KEY:Cure Moderate Wounds	OUTPUTNAME:Soins modérés	DESC:.CLEAR	DESC:Rend 2d8+(min(CASTERLEVEL,10)) pv au sujet.
Cure Serious Wounds (Mass).MOD	KEY:Cure Serious Wounds (Mass)	OUTPUTNAME:Soins importants de groupe	DESC:.CLEAR	DESC:Rend 3d8+(min(CASTERLEVEL,35)) pv à de nombreuses créatures.
Cure Serious Wounds.MOD	KEY:Cure Serious Wounds	OUTPUTNAME:Soins importants	DESC:.CLEAR	DESC:Rend 3d8+(min(CASTERLEVEL,15)) pv au sujet.
Curse Water.MOD	KEY:Curse Water	OUTPUTNAME:Malédiction de l'eau	DESC:.CLEAR	DESC:Crée de l’eau maudite.
Dancing Lights.MOD	KEY:Dancing Lights	OUTPUTNAME:Lumières dansantes	DESC:.CLEAR	DESC:Crée torches ou autres lueurs.
Darkness.MOD	KEY:Darkness	OUTPUTNAME:Ténèbres	DESC:.CLEAR	DESC:Obscurité surnaturelle sur 6 m de rayon.
Darkvision.MOD	KEY:Darkvision	OUTPUTNAME:Vision dans le noir	DESC:.CLEAR	DESC:Permet de voir à 18 m sans la moindre luminosité.
Daylight.MOD	KEY:Daylight	OUTPUTNAME:Lumière du jour	DESC:.CLEAR	DESC:Vive lumière sur 18 m de rayon.
Daze Monster.MOD	KEY:Daze Monster	OUTPUTNAME:Hébètement de monstre	DESC:.CLEAR	DESC:Une créature vivante de 6 DV ou moins perd sa prochaine action.
Daze.MOD	KEY:Daze	OUTPUTNAME:Hébètement	DESC:.CLEAR	DESC:Fait perdre 1 action à un humanoïde de 4 DV ou moins.
Death Knell.MOD	KEY:Death Knell	OUTPUTNAME:Mise à mort	DESC:.CLEAR	DESC:Achève une créature mourante ; le lanceur de sort gagne temporairement 1d8 pv, +2 en Force et +1 niveau de lanceur de sorts.
Death Ward.MOD	KEY:Death Ward	OUTPUTNAME:Protection contre la mort	DESC:.CLEAR	DESC:Confère une immunité contre les sorts de mort et les effets d’énergie négative.
Deathwatch.MOD	KEY:Deathwatch	OUTPUTNAME:Perception de la mort	DESC:.CLEAR	DESC:Révèle l’état de santé des créatures à 9 m à la ronde.
Deep Slumber.MOD	KEY:Deep Slumber	OUTPUTNAME:Sommeil profond	DESC:.CLEAR	DESC:Endort 10 DV de créatures.
Deeper Darkness.MOD	KEY:Deeper Darkness	OUTPUTNAME:Ténèbres profondes	DESC:.CLEAR	DESC:Ténèbres surnaturelles sur 18 m de rayon.
Delay Poison.MOD	KEY:Delay Poison	OUTPUTNAME:Ralentissement du poison	DESC:.CLEAR	DESC:Neutralise le poison pendant (CASTERLEVEL) heures.
Delayed Blast Fireball.MOD	KEY:Delayed Blast Fireball	OUTPUTNAME:Boule de feu à retardement	DESC:.CLEAR	DESC:(min(CASTERLEVEL,20))d6 points de dégâts de feu ; l’explosion peut être retardée un maximum de 5 rounds.
Demand.MOD	KEY:Demand	OUTPUTNAME:Exigence	DESC:.CLEAR	DESC:Comme communication à distance, plus suggestion.
Desecrate.MOD	KEY:Desecrate	OUTPUTNAME:Profanation	DESC:.CLEAR	DESC:Rend les morts-vivants plus forts au sein d’une zone.
Destruction.MOD	KEY:Destruction	OUTPUTNAME:Destruction	DESC:.CLEAR	DESC:Tue la cible et détruit son corps.
Detect Animals or Plants.MOD	KEY:Detect Animals or Plants	OUTPUTNAME:Détection de la faune ou de la flore	DESC:.CLEAR	DESC:Détecte espèces de plantes ou d’animaux.
Detect Chaos.MOD	KEY:Detect Chaos	OUTPUTNAME:Détection du Chaos	DESC:.CLEAR	DESC:Révèle l’aura des créatures, sorts ou objets.
Detect Evil.MOD	KEY:Detect Evil	OUTPUTNAME:Détection du Mal	DESC:.CLEAR	DESC:Révèle l’aura des créatures, sorts ou objets.
Detect Good.MOD	KEY:Detect Good	OUTPUTNAME:Détection du Bien	DESC:.CLEAR	DESC:Révèle l’aura des créatures, sorts ou objets.
Detect Law.MOD	KEY:Detect Law	OUTPUTNAME:Détection de la Loi	DESC:.CLEAR	DESC:Révèle l’aura des créatures, sorts ou objets.
Detect Magic.MOD	KEY:Detect Magic	OUTPUTNAME:Détection de la magie	DESC:.CLEAR	DESC:Détecte sorts et objets magiques à 18 m à la ronde.
Detect Poison.MOD	KEY:Detect Poison	OUTPUTNAME:Détection du poison	DESC:.CLEAR	DESC:Détecte le poison chez 1 créature ou 1 petit objet.
Detect Scrying.MOD	KEY:Detect Scrying	OUTPUTNAME:Détection de la scrutation	DESC:.CLEAR	DESC:Détecte l’espionnage magique.
Detect Secret Doors.MOD	KEY:Detect Secret Doors	OUTPUTNAME:Détection des passages secrets	DESC:.CLEAR	DESC:Révèle les passages secrets à 18 m ou moins.
Detect Snares and Pits.MOD	KEY:Detect Snares and Pits	OUTPUTNAME:Détection des collets et des fosses	DESC:.CLEAR	DESC:Détecte pièges naturels ou primitifs.
Detect Thoughts.MOD	KEY:Detect Thoughts	OUTPUTNAME:Détection de pensées	DESC:.CLEAR	DESC:Permet d’écouter les pensées superficielles.
Detect Undead.MOD	KEY:Detect Undead	OUTPUTNAME:Détection des morts-vivants	DESC:.CLEAR	DESC:Révèle les morts-vivants à 18 m ou moins.
Dictum.MOD	KEY:Dictum	OUTPUTNAME:Décret	DESC:.CLEAR	DESC:Tue, paralyse, ralentit ou assourdit les cibles non loyales.
Dimension Door.MOD	KEY:Dimension Door	OUTPUTNAME:Porte dimensionnelle	DESC:.CLEAR	DESC:Téléporte le lanceur de sort sur de courtes distances.
Dimensional Anchor.MOD	KEY:Dimensional Anchor	OUTPUTNAME:Ancre dimensionnelle	DESC:.CLEAR	DESC:Empêche tout déplacement extradimensionnel.
Dimensional Lock.MOD	KEY:Dimensional Lock	OUTPUTNAME:Verrou dimensionnel	DESC:.CLEAR	DESC:Téléportation et voyages interplanaires bloqués pendant (CASTERLEVEL) jours.
Diminish Plants.MOD	KEY:Diminish Plants	OUTPUTNAME:Rabougrissement des plantes	DESC:.CLEAR	DESC:Réduit la taille des plantes ou empêche leur croissance.
Discern Lies.MOD	KEY:Discern Lies	OUTPUTNAME:Détection du mensonge	DESC:.CLEAR	DESC:Révèle les mensonges délibérés.
Discern Location.MOD	KEY:Discern Location	OUTPUTNAME:Localisation suprême	DESC:.CLEAR	DESC:Localise précisément une créature ou un objet.
Disguise Self.MOD	KEY:Disguise Self	OUTPUTNAME:Déguisement	DESC:.CLEAR	DESC:Modifie l’apparence du lanceur de sort.
Disintegrate.MOD	KEY:Disintegrate	OUTPUTNAME:Désintégration	DESC:.CLEAR	DESC:Fait disparaître un objet ou une créature.
Dismissal.MOD	KEY:Dismissal	OUTPUTNAME:Renvoi	DESC:.CLEAR	DESC:Force une créature à retourner dans son plan d’origine.
Dispel Chaos.MOD	KEY:Dispel Chaos	OUTPUTNAME:Rejet du Chaos	DESC:.CLEAR	DESC:+4 à la CA contre les attaques des créatures chaotiques.
Dispel Evil.MOD	KEY:Dispel Evil	OUTPUTNAME:Rejet du Mal	DESC:.CLEAR	DESC:+4 à la CA contre les attaques des créatures mauvaises.
Dispel Good.MOD	KEY:Dispel Good	OUTPUTNAME:Rejet du Bien	DESC:.CLEAR	DESC:+4 à la CA contre les attaques des créatures bonnes.
Dispel Law.MOD	KEY:Dispel Law	OUTPUTNAME:Rejet de la Loi	DESC:.CLEAR	DESC:+4 à la CA contre les attaques des créatures loyales.
Dispel Magic (Greater).MOD	KEY:Dispel Magic (Greater)	OUTPUTNAME:Dissipation suprême	DESC:.CLEAR	DESC:Comme dissipation de la magie, mais jusqu’à +20.
Dispel Magic.MOD	KEY:Dispel Magic	OUTPUTNAME:Dissipation de la magie	DESC:.CLEAR	DESC:Annule sorts et effets magiques.
Displacement.MOD	KEY:Displacement	OUTPUTNAME:Déplacement	DESC:.CLEAR	DESC:Chaque attaque a 50 % de chances de rater la cible.
Disrupt Undead.MOD	KEY:Disrupt Undead	OUTPUTNAME:Destruction de mort-vivant	DESC:.CLEAR	DESC:1d6 points de dégâts à un mort-vivant.
Disrupting Weapon.MOD	KEY:Disrupting Weapon	OUTPUTNAME:Arme destructrice	DESC:.CLEAR	DESC:Une arme de corps à corps détruit les morts-vivants.
Divination.MOD	KEY:Divination	OUTPUTNAME:Divination	DESC:.CLEAR	DESC:Donne des conseils en rapport avec une action envisagée.
Divine Favor.MOD	KEY:Divine Favor	OUTPUTNAME:Faveur divine	DESC:.CLEAR	DESC:Confère un bonus de +(max(min(CASTERLEVEL/3,6),1)) aux jets d’attaque et de dégâts.
Divine Power.MOD	KEY:Divine Power	OUTPUTNAME:Puissance divine	DESC:.CLEAR	DESC:Bonus à l’attaque, +6 en For et +(CASTERLEVEL) pv.
Dominate Animal.MOD	KEY:Dominate Animal	OUTPUTNAME:Domination d'animal	DESC:.CLEAR	DESC:L’animal obéit aux ordres télépathiques du lanceur de sort.
Dominate Monster.MOD	KEY:Dominate Monster	OUTPUTNAME:Domination de monstre	DESC:.CLEAR	DESC:Comme domination, mais sur n’importe qui.	
Dominate Person.MOD	KEY:Dominate Person	OUTPUTNAME:Domination	DESC:.CLEAR	DESC:Permet de contrôler un humanoïde par télépathie.
Doom.MOD	KEY:Doom	OUTPUTNAME:Anathème	DESC:.CLEAR	DESC:Inflige un malus de –2 aux jets d’attaque, jets de sauvegarde et tests.
Dream.MOD	KEY:Dream	OUTPUTNAME:Songe	DESC:.CLEAR	DESC:Envoie un message à un dormeur.
Eagle's Splendor (Mass).MOD	KEY:Eagle's Splendor (Mass)	OUTPUTNAME:Splendeur de l'Aigle de groupe	DESC:.CLEAR	DESC:Comme Splendeur de l’Aigle, mais affecte (CASTERLEVEL) sujets.
Eagle's Splendor.MOD	KEY:Eagle's Splendor	OUTPUTNAME:Splendeur de l'Aigle	DESC:.CLEAR	DESC:Confère +4 en Cha pendant (CASTERLEVEL) minutes.
Earthquake.MOD	KEY:Earthquake	OUTPUTNAME:Tremblement de terre	DESC:.CLEAR	DESC:Secousse sismique dans un rayon de 1,50 m/niveau.
Elemental Swarm.MOD	KEY:Elemental Swarm	OUTPUTNAME:Nuée d'élémentaires	DESC:.CLEAR	DESC:Appelle plusieurs élémentaires.
Endure Elements.MOD	KEY:Endure Elements	OUTPUTNAME:Résistance aux énergies destructives	DESC:.CLEAR	DESC:Protège des environnements chauds ou froids.
Energy Drain.MOD	KEY:Energy Drain	OUTPUTNAME:Absorption d'énergie	DESC:.CLEAR	DESC:La cible gagne 2d4 niveaux négatifs.
Enervation.MOD	KEY:Enervation	OUTPUTNAME:Energie négative	DESC:.CLEAR	DESC:La cible gagne 1d4 niveaux négatifs.
Enlarge Person (Mass).MOD	KEY:Enlarge Person (Mass)	OUTPUTNAME:Agrandissement de groupe	DESC:.CLEAR	DESC:Agrandit plusieurs créatures.
Enlarge Person.MOD	KEY:Enlarge Person	OUTPUTNAME:Agrandissement	DESC:.CLEAR	DESC:Double la taille d’un humanoïde, elle passe ainsi dans la catégorie de taille suivante
Entangle.MOD	KEY:Entangle	OUTPUTNAME:Enchevêtrement	DESC:.CLEAR	DESC:La végétation immobilise tout dans un rayon de 12 m.
Enthrall.MOD	KEY:Enthrall	OUTPUTNAME:Discours captivant	DESC:.CLEAR	DESC:Captive à ((CASTERLEVEL*3)+30) m à la ronde.
Entropic Shield.MOD	KEY:Entropic Shield	OUTPUTNAME:Bouclier entropique	DESC:.CLEAR	DESC:Les attaques à distance ont 20 % de chances de rater le lanceur de sort.
Erase.MOD	KEY:Erase	OUTPUTNAME:Effacement	DESC:.CLEAR	DESC:Efface un texte, même magique.
Ethereal Jaunt.MOD	KEY:Ethereal Jaunt	OUTPUTNAME:Forme éthérée	DESC:.CLEAR	DESC:Le lanceur de sort passe dans le plan Éthéré pour (CASTERLEVEL) rounds.
Etherealness.MOD	KEY:Etherealness	OUTPUTNAME:Passage dans l'éther	DESC:.CLEAR	DESC:Emmène plusieurs créatures dans le plan Éthéré.
Expeditious Retreat.MOD	KEY:Expeditious Retreat	OUTPUTNAME:Repli expéditif	DESC:.CLEAR	DESC:Augmente la vitesse de déplacement de 9 m.
Explosive Runes.MOD	KEY:Explosive Runes	OUTPUTNAME:Runes explosives	DESC:.CLEAR	DESC:6d6 points de dégâts à qui les lit.
Eyebite.MOD	KEY:Eyebite	OUTPUTNAME:Mauvais oeil	DESC:.CLEAR	DESC:Cible paniquée, fiévreuse et comateuse.
Fabricate.MOD	KEY:Fabricate	OUTPUTNAME:Fabrication	DESC:.CLEAR	DESC:Transforme les matières premières en produit fini.
Faerie Fire.MOD	KEY:Faerie Fire	OUTPUTNAME:Lueur féérique	DESC:.CLEAR	DESC:Illumine le sujet (annule flou, camouflage, etc.).
False Life.MOD	KEY:False Life	OUTPUTNAME:Simulacre de vie	DESC:.CLEAR	DESC:Confère 1d10+(min(CASTERLEVEL,10)) pv temporaires.
False Vision.MOD	KEY:False Vision	OUTPUTNAME:Leurre	DESC:.CLEAR	DESC:Illusion abusant la scrutation magique.
Fear.MOD	KEY:Fear	OUTPUTNAME:Terreur	DESC:.CLEAR	DESC:Les sujets pris dans le cône fuient pendant (CASTERLEVEL) rounds.
Feather Fall.MOD	KEY:Feather Fall	OUTPUTNAME:Feuille morte	DESC:.CLEAR	DESC:Ralentit la chute.
Feeblemind.MOD	KEY:Feeblemind	OUTPUTNAME:Débilité	DESC:.CLEAR	DESC::L’Int et le Cha de la cible tombe à 1.
Find the Path.MOD	KEY:Find the Path	OUTPUTNAME:Orientation	DESC:.CLEAR	DESC:Indique comment se rendre à l’endroit choisi.
Find Traps.MOD	KEY:Find Traps	OUTPUTNAME:Détection des pièges	DESC:.CLEAR	DESC:Le lanceur de sort repère les pièges comme un roublard.
Finger of Death.MOD	KEY:Finger of Death	OUTPUTNAME:Doigt de mort	DESC:.CLEAR	DESC:Tue la cible.
Fire Seeds.MOD	KEY:Fire Seeds	OUTPUTNAME:Germes de feu	DESC:.CLEAR	DESC:Glands et baies deviennent des projectiles ou des bombes.
Fire Shield.MOD	KEY:Fire Shield	OUTPUTNAME:Bouclier de feu	DESC:.CLEAR	DESC:Brûle les créatures attaquant le lanceur de sort en protégeant ce dernier contre le feu ou le froid.
Fire Storm.MOD	KEY:Fire Storm	OUTPUTNAME:Tempête de feu	DESC:.CLEAR	DESC:Inflige (min(CASTERLEVEL,20))d6 points de dégâts de feu.
Fire Trap.MOD	KEY:Fire Trap	OUTPUTNAME:Piège à feu	DESC:.CLEAR	DESC:L’objet piégé inflige 1d4+(min(CASTERLEVEL,20)) points de dégâts.
Fireball.MOD	KEY:Fireball	OUTPUTNAME:Boule de feu	DESC:.CLEAR	DESC:(min(CASTERLEVEL,10))d6 points de dégâts de feu, 6 m de rayon.
Flame Arrow.MOD	KEY:Flame Arrow	OUTPUTNAME:Flèches enflammées	DESC:.CLEAR	DESC:Les flèches infligent 1d6 points de dégâts de feu.
Flame Blade.MOD	KEY:Flame Blade	OUTPUTNAME:Lame de feu	DESC:.CLEAR	DESC:Attaque de contact infligeant 1d8 +(min(CASTERLEVEL/2,10)) points de dégâts.
Flame Strike.MOD	KEY:Flame Strike	OUTPUTNAME:Colonne de feu	DESC:.CLEAR	DESC:Feu divin, (min(CASTERLEVEL,15))d6 points de dégâts.
Flaming Sphere.MOD	KEY:Flaming Sphere	OUTPUTNAME:Sphère de feu	DESC:.CLEAR	DESC:Roule au sol, 2d6 points de dégâts, dure (CASTERLEVEL) rounds.
Flare.MOD	KEY:Flare	OUTPUTNAME:Illumination	DESC:.CLEAR	DESC:Eblouit 1 créature (–1 aux jets d’attaque).
Flesh to Stone.MOD	KEY:Flesh to Stone	OUTPUTNAME:Transmutation de pierre en chair	DESC:.CLEAR	DESC:Transforme la cible en statue.
Floating Disk.MOD	KEY:Floating Disk	OUTPUTNAME:Disque flottant	DESC:.CLEAR	DESC:Disque horizontal de 90 cm de diamètre portant (CASTERLEVEL*50) kg.
Fly.MOD	KEY:Fly	OUTPUTNAME:Vol	DESC:.CLEAR	DESC:Le sujet vole à la vitesse de 18 m.
Fog Cloud.MOD	KEY:Fog Cloud	OUTPUTNAME:Nappe de brouillard	DESC:.CLEAR	DESC:Brume gênant la visibilité.
Forbiddance.MOD	KEY:Forbiddance	OUTPUTNAME:Interdiction	DESC:.CLEAR	DESC:Bloque les déplacements planaires, blesse les créatures d’un alignement différent.
Forcecage.MOD	KEY:Forcecage	OUTPUTNAME:Cage de force	DESC:.CLEAR	DESC:Cube de force emprisonnant qui se trouve à l’intérieur.
Forceful Hand.MOD	KEY:Forceful Hand	OUTPUTNAME:Main impérieuse	DESC:.CLEAR	DESC:Main repoussant les adversaires.
Foresight.MOD	KEY:Foresight	OUTPUTNAME:Prémonition	DESC:.CLEAR	DESC:Sixième sens avertissant le lanceur de sort en cas de danger.
Fox's Cunning (Mass).MOD	KEY:Fox's Cunning (Mass)	OUTPUTNAME:Ruse du Renard de groupe	DESC:.CLEAR	DESC:Comme Ruse du Renard, mais affecte (CASTERLEVEL) sujets.
Fox's Cunning.MOD	KEY:Fox's Cunning	OUTPUTNAME:Ruse du Renard	DESC:.CLEAR	DESC:Confère +4 en Int pendant (CASTERLEVEL) minutes.
Freedom of Movement.MOD	KEY:Freedom of Movement	OUTPUTNAME:Liberté de mouvement	DESC:.CLEAR	DESC:La cible bouge normalement malgré les entraves.
Freedom.MOD	KEY:Freedom	OUTPUTNAME:Délivrance	DESC:.CLEAR	DESC:Libère la victime d’un emprisonnement.
Freezing Sphere.MOD	KEY:Freezing Sphere	OUTPUTNAME:Sphère glaciale	DESC:.CLEAR	DESC:Gèle l’eau ou inflige des dégâts de froid.
Gaseous Form.MOD	KEY:Gaseous Form	OUTPUTNAME:Etat gazeux	DESC:.CLEAR	DESC:Le sujet devient intangible et peut voler lentement.
Gate.MOD	KEY:Gate	OUTPUTNAME:Portail	DESC:.CLEAR	DESC:Relie deux plans pour se déplacer ou appeler une entité.
Geas/Quest.MOD	KEY:Geas/Quest	OUTPUTNAME:Quête	DESC:.CLEAR	DESC:Comme Mission, mais affecte n’importe quelle créature.
Geas (Lesser).MOD	KEY:Geas (Lesser)	OUTPUTNAME:Mission	DESC:.CLEAR	DESC:Assigne une tâche à une cible de 7 DV ou moins.
Gentle Repose.MOD	KEY:Gentle Repose	OUTPUTNAME:Préservation des morts	DESC:.CLEAR	DESC:Préserve un cadavre.
Ghost Sound.MOD	KEY:Ghost Sound	OUTPUTNAME:Son imaginaire	DESC:.CLEAR	DESC:Sons illusoires.
Ghoul Touch.MOD	KEY:Ghoul Touch	OUTPUTNAME:Baiser de la goule	DESC:.CLEAR	DESC:Paralyse la cible et lui fait dégager une odeur répugnante qui le rend nauséeux.
Giant Vermin.MOD	KEY:Giant Vermin	OUTPUTNAME:Vermine géante	DESC:.CLEAR	DESC:Transforme les mille-pattes, scorpions et araignées en vermine géante.
Glibness.MOD	KEY:Glibness	OUTPUTNAME:Bagou	DESC:.CLEAR	DESC:Confère +30 aux tests de Bluff ; résiste aux divinations censées détecter les mensonges.
Glitterdust.MOD	KEY:Glitterdust	OUTPUTNAME:Poussière scintillante	DESC:.CLEAR	DESC:Aveugle, révèle la position des créatures invisibles.
Globe of Invulnerability (Lesser).MOD	KEY:Globe of Invulnerability (Lesser)	OUTPUTNAME:Globe d'invulnérabilité partielle	DESC:.CLEAR	DESC:Bloque les sorts de 3e niveau ou moins.
Globe of Invulnerability.MOD	KEY:Globe of Invulnerability	OUTPUTNAME:Globe d'invulnérabilité renforcée	DESC:.CLEAR	DESC:Comme globe d’invulnérabilité partielle, mais bloque aussi les sorts du 4e niveau.
Glyph of Warding (Greater).MOD	KEY:Glyph of Warding (Greater)	OUTPUTNAME:Glyphe de garde suprême	DESC:.CLEAR	DESC:Comme Glyphe de garde, mais avec un sort du 6 niveau ou des dégâts de 10d8 max.
Glyph of Warding.MOD	KEY:Glyph of Warding	OUTPUTNAME:Glyphe de garde	DESC:.CLEAR	DESC:Inscription affectant ceux qui la touchent.
Good Hope.MOD	KEY:Good Hope	OUTPUTNAME:Espoir	DESC:.CLEAR	DESC:Les sujets bénéficient de +2 aux jets d’attaque, jets de dégâts, jets de sauvegarde et tests.
Goodberry.MOD	KEY:Goodberry	OUTPUTNAME:Baie nourricière	DESC:.CLEAR	DESC:2d4 baies rendant chacune 1 pv (maximum 8 pv/24 heures).
Grasping Hand.MOD	KEY:Grasping Hand	OUTPUTNAME:Poigne agrippante	DESC:.CLEAR	DESC:Main géante qui abrite, pousse ou agrippe.
Grease.MOD	KEY:Grease	OUTPUTNAME:Graisse	DESC:.CLEAR	DESC:Rend glissant un objet ou une zone (3 m de côté).
Guards and Wards.MOD	KEY:Guards and Wards	OUTPUTNAME:Défense magique	DESC:.CLEAR	DESC:Plusieurs effets magiques protègent une zone.
Guidance.MOD	KEY:Guidance	OUTPUTNAME:Assistance divine	DESC:.CLEAR	DESC:+1 à un jet d’attaque, jet de sauvegarde ou test de compétence.
Gust of Wind.MOD	KEY:Gust of Wind	OUTPUTNAME:Bourrasque	DESC:.CLEAR	DESC:Emporte ou renverse les créatures de taille modeste.
Hallow.MOD	KEY:Hallow	OUTPUTNAME:Sanctification	DESC:.CLEAR	DESC:Rend un site sacré.
Hallucinatory Terrain.MOD	KEY:Hallucinatory Terrain	OUTPUTNAME:Terrain hallucinatoire	DESC:.CLEAR	DESC:Transforme un type de terrain en un autre (champ en forêt, etc.).
Halt Undead.MOD	KEY:Halt Undead	OUTPUTNAME:Immobilisation de mort-vivant	DESC:.CLEAR	DESC:Stoppe les morts-vivants pendant (CASTERLEVEL) rounds.
Harm.MOD	KEY:Harm	OUTPUTNAME:Mise à mal	DESC:.CLEAR	DESC:Inflige (CASTERLEVEL*10) points de dégâts.
Haste.MOD	KEY:Haste	OUTPUTNAME:Rapidité	DESC:.CLEAR	DESC:(CASTERLEVEL) créatures se déplace plus rapidement, +1 aux jets d’attaque, à la CA et aux jets de Réflexes.
Heal (Mass).MOD	KEY:Heal (Mass)	OUTPUTNAME:Guérison suprême de groupe	DESC:.CLEAR	DESC:Comme Guérison suprême, mais sur plusieurs sujets.
Heal Mount.MOD	KEY:Heal Mount	OUTPUTNAME:Guérison de destrier	DESC:.CLEAR	DESC:Guérison suprême sur la monture du lanceur de sort.
Heal.MOD	KEY:Heal	OUTPUTNAME:Guérison suprême	DESC:.CLEAR	DESC:Soigne (min(CASTERLEVEL*10,150)) points de dégâts, les maladies et les troubles mentaux.
Heat Metal.MOD	KEY:Heat Metal	OUTPUTNAME:Métal brûlant	DESC:.CLEAR	DESC:Chauffe le métal et inflige des dégâts à qui le touche.
Helping Hand.MOD	KEY:Helping Hand	OUTPUTNAME:Main du berger	DESC:.CLEAR	DESC:Guide le sujet jusqu’au lanceur de sort.
Heroes' Feast.MOD	KEY:Heroes' Feast	OUTPUTNAME:Festin des héros	DESC:.CLEAR	DESC:La nourriture ambrosiaque consommée donne certains bénéfices à ceux qui la partage.
Heroism (Greater).MOD	KEY:Heroism (Greater)	OUTPUTNAME:Héroïsme suprême	DESC:.CLEAR	DESC:Confère un bonus de +4 aux jets d’attaque, jets de dégâts et tests de compétence ; immunité contre la terreur ; pv temporaires.
Heroism.MOD	KEY:Heroism	OUTPUTNAME:Héroïsme	DESC:.CLEAR	DESC:Confère +2 aux jets d’attaque, jets de dégâts et tests de compétence.
Hide from Animals.MOD	KEY:Hide from Animals	OUTPUTNAME:Invisibilité pour les animaux	DESC:.CLEAR	DESC:Les animaux ne voient pas (CASTERLEVEL) sujets.
Hide from Undead.MOD	KEY:Hide from Undead	OUTPUTNAME:Invisibilité pour les morts-vivants	DESC:.CLEAR	DESC:Les morts-vivants ne voient pas les sujets (1/niveau).
Hideous Laughter.MOD	KEY:Hideous Laughter	OUTPUTNAME:Fou rire	DESC:.CLEAR	DESC:La cible perd ses actions pendant (CASTERLEVEL) rounds.
Hold Animal.MOD	KEY:Hold Animal	OUTPUTNAME:Immobilisation d'animal	DESC:.CLEAR	DESC:Immobilise un animal pour (CASTERLEVEL) rounds.
Hold Monster.MOD	KEY:Hold Monster	OUTPUTNAME:Immobilisation de monstre	DESC:.CLEAR	DESC:Immobilise n’importe quelle créature.
Hold Monster (Mass).MOD	KEY:Hold Monster (Mass)	OUTPUTNAME:Immobilisation de monstre de groupe	DESC:.CLEAR	DESC:Comme Immobilisation de monstre, mais sur 9 m de rayon.
Hold Person.MOD	KEY:Hold Person	OUTPUTNAME:Immobilisation de personne	DESC:.CLEAR	DESC:Immobilise un humanoïde pendant (CASTERLEVEL) rounds.
Hold Person (Mass).MOD	KEY:Hold Person (Mass)	OUTPUTNAME:Immobilisation de personne de groupe	DESC:.CLEAR	DESC:Comme Immobilisation de personne, mais dans un rayon de 9 m.
Hold Portal.MOD	KEY:Hold Portal	OUTPUTNAME:Verrouillage	DESC:.CLEAR	DESC:Bloque une porte.
Holy Aura.MOD	KEY:Holy Aura	OUTPUTNAME:Aura sacrée	DESC:.CLEAR	DESC:+4 à la CA, bonus de résistance de +4 et RM de 25 contre les sorts des créatures mauvaises.
Holy Smite.MOD	KEY:Holy Smite	OUTPUTNAME:Châtiment sacré	DESC:.CLEAR	DESC:Blesse et aveugle les créatures mauvaises.
Holy Sword.MOD	KEY:Holy Sword	OUTPUTNAME:Epée sainte	DESC:.CLEAR	DESC:L’arme devient +5 et inflige +2d6 points de dégâts contre le Mal.
Holy Word.MOD	KEY:Holy Word	OUTPUTNAME:Parole sacrée	DESC:.CLEAR	DESC:Tue, paralyse, aveugle ou assourdit les cibles non bonnes.
Horrid Wilting.MOD	KEY:Horrid Wilting	OUTPUTNAME:Flétrissure	DESC:.CLEAR	DESC:(min(CASTERLEVEL,20))d6 points de dégâts dans un rayon de 9 m.
Hypnotic Pattern.MOD	KEY:Hypnotic Pattern	OUTPUTNAME:Motif hypnotique	DESC:.CLEAR	DESC:Fascine (2d4 + niveau) DV de créatures.
Hypnotism.MOD	KEY:Hypnotism	OUTPUTNAME:Hypnotisme	DESC:.CLEAR	DESC:Fascine 2d4 DV de créatures.
Ice Storm.MOD	KEY:Ice Storm	OUTPUTNAME:Tempête de grêle	DESC:.CLEAR	DESC:5d6 points de dégâts dans un cylindre de 12 m de diamètre.
Identify.MOD	KEY:Identify	OUTPUTNAME:Identification	DESC:.CLEAR	DESC:Révèle les propriétés d’un objet magique.
Illusory Script.MOD	KEY:Illusory Script	OUTPUTNAME:Texte illusoire	DESC:.CLEAR	DESC:Seul le sujet parvient à le déchiffrer.
Illusory Wall.MOD	KEY:Illusory Wall	OUTPUTNAME:Mur illusoire	DESC:.CLEAR	DESC:Mur, plancher ou plafond illusoire.
Imbue with Spell Ability.MOD	KEY:Imbue with Spell Ability	OUTPUTNAME:Transfert de sorts	DESC:.CLEAR	DESC:Transfère des sorts du lanceur de sort au sujet.
Implosion.MOD	KEY:Implosion	OUTPUTNAME:Implosion	DESC:.CLEAR	DESC:Tue 1 créature/round.
Imprisonment.MOD	KEY:Imprisonment	OUTPUTNAME:Emprisonnement	DESC:.CLEAR	DESC:Emprisonne la cible au centre de la Terre.
Incendiary Cloud.MOD	KEY:Incendiary Cloud	OUTPUTNAME:Nuage incendiaire	DESC:.CLEAR	DESC:Nuage infligeant 4d6 points de dégâts de feu/round.
Inflict Critical Wounds (Mass).MOD	KEY:Inflict Critical Wounds (Mass)	OUTPUTNAME:Blessure critique de groupe	DESC:.CLEAR	DESC:Inflige 4d8+(min(CASTERLEVEL,40)) points de dégâts à de nombreuses créatures.
Inflict Critical Wounds.MOD	KEY:Inflict Critical Wounds	OUTPUTNAME:Blessure critique	DESC:.CLEAR	DESC:Inflige 4d8(min(CASTERLEVEL,20)) points de dégâts.
Inflict Light Wounds (Mass).MOD	KEY:Inflict Light Wounds (Mass)	OUTPUTNAME:Blessure légère de groupe	DESC:.CLEAR	DESC:Inflige 1d8+(CASTERLEVEL) points de dégâts à de nombreuses créatures.
Inflict Light Wounds.MOD	KEY:Inflict Light Wounds	OUTPUTNAME:Blessure légère	DESC:.CLEAR	DESC:Inflige 1d8+(min(CASTERLEVEL,5)) points de dégâts.
Inflict Minor Wounds.MOD	KEY:Inflict Minor Wounds	OUTPUTNAME:Blessure superficielle	DESC:.CLEAR	DESC:Attaque de contact infligeant 1 point de dégâts à la cible.
Inflict Moderate Wounds (Mass).MOD	KEY:Inflict Moderate Wounds (Mass)	OUTPUTNAME:Blessure modérée de groupe	DESC:.CLEAR	DESC:Inflige 2d8+(min(CASTERLEVEL,30)) points de dégâts à de nombreuses créatures.
Inflict Moderate Wounds.MOD	KEY:Inflict Moderate Wounds	OUTPUTNAME:Blessure modérée	DESC:.CLEAR	DESC:Inflige 2d8+(min(CASTERLEVEL,10)) points de dégâts.
Inflict Serious Wounds (Mass).MOD	KEY:Inflict Serious Wounds (Mass)	OUTPUTNAME:Blessure sérieuse de groupe	DESC:.CLEAR	DESC:Inflige 3d8+(min(CASTERLEVEL,35)) points de dégâts à de nombreuses créatures.
Inflict Serious Wounds.MOD	KEY:Inflict Serious Wounds	OUTPUTNAME:Blessure sérieuse	DESC:.CLEAR	DESC:Inflige 3d8+(min(CASTERLEVEL,15)) points de dégâts.
Insanity.MOD	KEY:Insanity	OUTPUTNAME:Aliénation mentale	DESC:.CLEAR	DESC:La cible souffre en permanence de confusion.
Insect Plague.MOD	KEY:Insect Plague	OUTPUTNAME:Fléau d'insectes	DESC:.CLEAR	DESC:Nuée de criquets attaquant des créatures.
Instant Summons.MOD	KEY:Instant Summons	OUTPUTNAME:Invocation instantanée	DESC:.CLEAR	DESC:L’objet préparé apparaît dans la main du lanceur de sort.
Interposing Hand.MOD	KEY:Interposing Hand	OUTPUTNAME:Main interposée	DESC:.CLEAR	DESC:Abri contre un adversaire.
Invisibility (Greater).MOD	KEY:Invisibility (Greater)	OUTPUTNAME:Invisibilité suprême	DESC:.CLEAR	DESC:Comme Invisibilité, mais continue quand le sujet attaque.
Invisibility (Mass).MOD	KEY:Invisibility (Mass)	OUTPUTNAME:Invisibilité de groupe	DESC:.CLEAR	DESC:Comme Invisibilité, mais multiples sujets.
Invisibility Purge.MOD	KEY:Invisibility Purge	OUTPUTNAME:Négation de l'invisibilité	DESC:.CLEAR	DESC:Dissipe l’invisibilité sur (CASTERLEVEL*3/2) m.
Invisibility Sphere.MOD	KEY:Invisibility Sphere	OUTPUTNAME:Sphère d'invisibilité	DESC:.CLEAR	DESC:Rend tout le monde invisible à 3 m à la ronde.
Invisibility.MOD	KEY:Invisibility	OUTPUTNAME:Invisibilité	DESC:.CLEAR	DESC::Sujet invisible pendant (CASTERLEVEL) minutes ou jusqu’à ce qu’il attaque.
Iron Body.MOD	KEY:Iron Body	OUTPUTNAME:Corps de fer	DESC:.CLEAR	DESC:Le corps du lanceur de sort se transforme en fer vivant.
Ironwood.MOD	KEY:Ironwood	OUTPUTNAME:Bois de fer	DESC:.CLEAR	DESC:Rend le bois aussi dur que le fer.
Irresistible Dance.MOD	KEY:Irresistible Dance	OUTPUTNAME:Danse irrésistible	DESC:.CLEAR	DESC:Force le sujet à danser.
Jump.MOD	KEY:Jump	OUTPUTNAME:Saut	DESC:.CLEAR	DESC:Confère un bonus aux tests de Saut.
Keen Edge.MOD	KEY:Keen Edge	OUTPUTNAME:Affûtage	DESC:.CLEAR	DESC:Double la zone de critique possible d’une arme.
Knock.MOD	KEY:Knock	OUTPUTNAME:Déblocage	DESC:.CLEAR	DESC:Ouvre les portes fermées, même par magie.
Know Direction.MOD	KEY:Know Direction	OUTPUTNAME:Repérage	DESC:.CLEAR	DESC:Le lanceur de sort sait où se trouve le nord.
Legend Lore.MOD	KEY:Legend Lore	OUTPUTNAME:Mythes et légendes	DESC:.CLEAR	DESC:Révèle l’histoire d’un lieu, individu ou objet.
Levitate.MOD	KEY:Levitate	OUTPUTNAME:Lévitation	DESC:.CLEAR	DESC:La cible monte ou descend au gré du lanceur de sort.
Light.MOD	KEY:Light	OUTPUTNAME:Lumière	DESC:.CLEAR	DESC:Fait briller un objet comme une torche.
Lightning Bolt.MOD	KEY:Lightning Bolt	OUTPUTNAME:Eclair	DESC:.CLEAR	DESC:(min(CASTERLEVEL,10))d6 points de dégâts d’électricité.
Limited Wish.MOD	KEY:Limited Wish	OUTPUTNAME:Souhait limité	DESC:.CLEAR	DESC:Modifie la réalité dans une certaine mesure.
Liveoak.MOD	KEY:Liveoak	OUTPUTNAME:Chêne animé	DESC:.CLEAR	DESC:Transforme un chêne en sylvanien.
Locate Creature.MOD	KEY:Locate Creature	OUTPUTNAME:Localisation de créature	DESC:.CLEAR	DESC:Indique la direction d’une créature connue.
Locate Object.MOD	KEY:Locate Object	OUTPUTNAME:Localisation d'objet	DESC:.CLEAR	DESC:Indique la direction de l’objet cherché.
Longstrider.MOD	KEY:Longstrider	OUTPUTNAME:Grand pas	DESC:.CLEAR	DESC:Augmente la vitesse de déplacement du lanceur de sort de 3 m.
Lullaby.MOD	KEY:Lullaby	OUTPUTNAME:Berceuse	DESC:.CLEAR	DESC:Rend les sujets somnolents ; –5 aux tests de Détection et de Perception auditive, –2 aux jets de Volonté contre sommeil.
Mage Armor.MOD	KEY:Mage Armor	OUTPUTNAME:Armure de mage	DESC:.CLEAR	DESC:Confère un bonus d’armure de +4.
Mage Hand.MOD	KEY:Mage Hand	OUTPUTNAME:Manipulation à distance	DESC:.CLEAR	DESC:Télékinésie limitée (2,5 kg max.).
Mage's Disjunction.MOD	KEY:Mage's Disjunction	OUTPUTNAME:Disjonction	DESC:.CLEAR	DESC:Dissipe la magie et les propriétés des objets magiques.
Mage's Faithful Hound.MOD	KEY:Mage's Faithful Hound	OUTPUTNAME:Chien de garde	DESC:.CLEAR	DESC:Chien spectral capable de combattre.
Mage's Lucubration.MOD	KEY:Mage's Lucubration	OUTPUTNAME:Remémoration	DESC:.CLEAR	DESC:Permet de se rappeler d’un sort du 5e niveau ou moins
Mage's Magnificent Mansion.MOD	KEY:Mage's Magnificent Mansion	OUTPUTNAME:Manoir somptueux	DESC:.CLEAR	DESC:Demeure extradimensionnelle.
Mage's Private Sanctum.MOD	KEY:Mage's Private Sanctum	OUTPUTNAME:Sanctuaire secret	DESC:.CLEAR	DESC:Empêche quiconque d’observer ou de scruter une zone pendant 24 heures.
Mage's Sword.MOD	KEY:Mage's Sword	OUTPUTNAME:Epée de force	DESC:.CLEAR	DESC:Lame d’énergie flottante.
Magic Aura.MOD	KEY:Magic Aura	OUTPUTNAME:Aura magique	DESC:.CLEAR	DESC:Crée une fausse aura magique.
Magic Circle against Chaos.MOD	KEY:Magic Circle against Chaos	OUTPUTNAME:Cercle magique contre le Chaos	DESC:.CLEAR	DESC:Comme Protection, mais avec un rayon de 3 m et une durée de (CASTERLEVEL*10) minutes.
Magic Circle against Evil.MOD	KEY:Magic Circle against Evil	OUTPUTNAME:Cercle magique contre le Mal	DESC:.CLEAR	DESC:Comme Protection, mais avec un rayon de 3 m et une durée de (CASTERLEVEL*10) minutes.
Magic Circle against Good.MOD	KEY:Magic Circle against Good	OUTPUTNAME:Cercle magique contre le Bien	DESC:.CLEAR	DESC:Comme Protection, mais avec un rayon de 3 m et une durée de (CASTERLEVEL*10) minutes.
Magic Circle against Law.MOD	KEY:Magic Circle against Law	OUTPUTNAME:Cercle magique contre la Loi	DESC:.CLEAR	DESC:Comme Protection, mais avec un rayon de 3 m et une durée de (CASTERLEVEL*10) minutes.
Magic Fang (Greater).MOD	KEY:Magic Fang (Greater)	OUTPUTNAME:Morsure magique suprême	DESC:.CLEAR	DESC:Une arme naturelle du sujet gagne +(min(CASTERLEVEL/4,5)) à l’attaque et aux dégâts.
Magic Fang.MOD	KEY:Magic Fang	OUTPUTNAME:Morsure magique	DESC:.CLEAR	DESC:Une arme naturelle du sujet gagne +1 aux jets d’attaque et de dégâts.
Magic Jar.MOD	KEY:Magic Jar	OUTPUTNAME:Possession	DESC:.CLEAR	DESC:Permet de s’emparer du corps d’un autre.
Magic Missile.MOD	KEY:Magic Missile	OUTPUTNAME:Projectile magique	DESC:.CLEAR	DESC:(min((CASTERLEVEL+1)/2,5)) projectiles, infligeant chacun 1d4+1 points de dégâts.
Magic Mouth.MOD	KEY:Magic Mouth	OUTPUTNAME:Bouche magique	DESC:.CLEAR	DESC:Délivre un message quand on la déclenche.
Magic Stone.MOD	KEY:Magic Stone	OUTPUTNAME:Pierre magique	DESC:.CLEAR	DESC:3 projectiles ; +1 à l’attaque, 1d6+1 points de dégâts.
Magic Vestment.MOD	KEY:Magic Vestment	OUTPUTNAME:Panoplie magique	DESC:.CLEAR	DESC:Armure ou bouclier gagne un bonus d’altération de +(min(CASTERLEVEL/4,5)).
Magic Weapon (Greater).MOD	KEY:Magic Weapon (Greater)	OUTPUTNAME:Arme magique suprême	DESC:.CLEAR	DESC:Confère un bonus de +(min(CASTERLEVEL/4,5)) à une arme.
Magic Weapon.MOD	KEY:Magic Weapon	OUTPUTNAME:Arme magique	DESC:.CLEAR	DESC:Confère un bonus de +1 à une arme.
Major Creation.MOD	KEY:Major Creation	OUTPUTNAME:Création magique	DESC:.CLEAR	DESC:Comme création mineure, plus pierre et métal.
Major Image.MOD	KEY:Major Image	OUTPUTNAME:Image accomplie	DESC:.CLEAR	DESC:Comme image silencieuse, plus sons, odeurs et température.
Make Whole.MOD	KEY:Make Whole	OUTPUTNAME:Réparation intégrale	DESC:.CLEAR	DESC:Répare totalement un objet.
Mark of Justice.MOD	KEY:Mark of Justice	OUTPUTNAME:Marque de la justice	DESC:.CLEAR	DESC:Définit une condition maudissant la cible.
Maze.MOD	KEY:Maze	OUTPUTNAME:Dédale	DESC:.CLEAR	DESC:Enferme la cible dans un labyrinthe extradimensionnel.
Meld into Stone.MOD	KEY:Meld into Stone	OUTPUTNAME:Fusion dans la pierre	DESC:.CLEAR	DESC:Permet d’entrer dans la pierre.
Mending.MOD	KEY:Mending	OUTPUTNAME:Réparation	DESC:.CLEAR	DESC:Répare sommairement un objet.
Message.MOD	KEY:Message	OUTPUTNAME:Message	DESC:.CLEAR	DESC:Conversation chuchotée à distance.
Meteor Swarm.MOD	KEY:Meteor Swarm	OUTPUTNAME:Nuée de météores	DESC:.CLEAR	DESC:Quatre sphères explosives infligeant 6d6 points de dégâts de feu chacune.
Mind Blank.MOD	KEY:Mind Blank	OUTPUTNAME:Esprit impénétrable	DESC:.CLEAR	DESC:Sujet immunisé contre les sorts mentaux et la scrutation.
Mind Fog.MOD	KEY:Mind Fog	OUTPUTNAME:Brume mentale	DESC:.CLEAR	DESC:Malus de –10 aux jets de Sagesse et de Volonté.
Minor Creation.MOD	KEY:Minor Creation	OUTPUTNAME:Création mineure	DESC:.CLEAR	DESC:Crée un objet en tissu ou en bois.
Minor Image.MOD	KEY:Minor Image	OUTPUTNAME:Image imparfaite	DESC:.CLEAR	DESC:Comme image silencieuse, plus sons limités.
Miracle.MOD	KEY:Miracle	OUTPUTNAME:Miracle	DESC:.CLEAR	DESC:Intercède auprès du dieu.
Mirage Arcana.MOD	KEY:Mirage Arcana	OUTPUTNAME:Mirage	DESC:.CLEAR	DESC:Comme terrain hallucinatoire, plus structures artificielles.
Mirror Image.MOD	KEY:Mirror Image	OUTPUTNAME:Image miroir	DESC:.CLEAR	DESC:Crée des doubles illusoires du lanceur de sort [1d4+(CASTERLEVEL/3), max. 8].
Misdirection.MOD	KEY:Misdirection	OUTPUTNAME:Détection faussée	DESC:.CLEAR	DESC:Abuse les divinations lancées sur la cible (créature ou objet).
Mislead.MOD	KEY:Mislead	OUTPUTNAME:Double illusoire	DESC:.CLEAR	DESC:Rend le lanceur de sort invisible et crée son double illusoire.
Mnemonic Enhancer.MOD	KEY:Mnemonic Enhancer	OUTPUTNAME:Mémorisation	DESC:.CLEAR	DESC:Permet de préparer des sorts supplémentaires ou d’en récupérer un que l’on vient de lancer.
Modify Memory.MOD	KEY:Modify Memory	OUTPUTNAME:Modification de mémoire	DESC:.CLEAR	DESC:Change 5 minutes de souvenirs de la cible.
Moment of Prescience.MOD	KEY:Moment of Prescience	OUTPUTNAME:Moment de prescience	DESC:.CLEAR	DESC:Bonus d’intuition sur un jet d’attaque, un test ou un jet de sauvegarde.
Mount.MOD	KEY:Mount	OUTPUTNAME:Monture	DESC:.CLEAR	DESC:Appelle un cheval pendant (CASTERLEVEL*2) heures.
Move Earth.MOD	KEY:Move Earth	OUTPUTNAME:Glissement de terrain	DESC:.CLEAR	DESC:Fait apparaître tranchées ou collines.
Neutralize Poison.MOD	KEY:Neutralize Poison	OUTPUTNAME:Neutralisation du poison	DESC:.CLEAR	DESC:Rend le poison inoffensif.
Nightmare.MOD	KEY:Nightmare	OUTPUTNAME:Cauchemar	DESC:.CLEAR	DESC:Envoie des visions causant fatigue et perte de 1d10 pv.
Nondetection.MOD	KEY:Nondetection	OUTPUTNAME:Antidétection	DESC:.CLEAR	DESC:Protège contre la scrutation et les divinations.
Obscure Object.MOD	KEY:Obscure Object	OUTPUTNAME:Dissimulation d'objet	DESC:.CLEAR	DESC:Dissimule un objet à la scrutation.
Obscuring Mist.MOD	KEY:Obscuring Mist	OUTPUTNAME:Brume de dissimulation	DESC:.CLEAR	DESC:Le lanceur de sort est entouré de brouillard.
Open/Close.MOD	KEY:Open/Close	OUTPUTNAME:Ouverture/Fermeture	DESC:.CLEAR	DESC:Ouvre ou ferme portes, fenêtres ou objets.
Order's Wrath.MOD	KEY:Order's Wrath	OUTPUTNAME:Courroux de l'ordre	DESC:.CLEAR	DESC:Blesse et étourdit les créatures chaotiques.
Overland Flight.MOD	KEY:Overland Flight	OUTPUTNAME:Vol supérieur	DESC:.CLEAR	DESC:Le lanceur de sort vole à 12 m/round et fait du footing sur de longues distances.
Owl's Wisdom (Mass).MOD	KEY:Owl's Wisdom (Mass)	OUTPUTNAME:Sagesse du Hibou de groupe	DESC:.CLEAR	DESC:Comme Sagesse du Hibou, mais affecte (CASTERLEVEL) sujets.
Owl's Wisdom.MOD	KEY:Owl's Wisdom	OUTPUTNAME:Sagesse du Hibou	DESC:.CLEAR	DESC:Confère +4 en Sag pendant (CASTERLEVEL) minutes.
Pass without Trace.MOD	KEY:Pass without Trace	OUTPUTNAME:Passage sans trace	DESC:.CLEAR	DESC:Un total de (CASTERLEVEL) sujet(s) ne laissent pas de traces.
Passwall.MOD	KEY:Passwall	OUTPUTNAME:Passe-muraille	DESC:.CLEAR	DESC:Permet de se tailler un chemin au travers du bois ou de la pierre.
Permanency.MOD	KEY:Permanency	OUTPUTNAME:Permanence	DESC:.CLEAR	DESC:Rend certains sorts permanents ; coûte des PX.
Permanent Image.MOD	KEY:Permanent Image	OUTPUTNAME:Image permanente	DESC:.CLEAR	DESC:Comprend aspects visuels, sonores et olfactifs.
Persistent Image.MOD	KEY:Persistent Image	OUTPUTNAME:Image prédéterminée	DESC:.CLEAR	DESC:Comme image accomplie, mais sans concentration.
Phantasmal Killer.MOD	KEY:Phantasmal Killer	OUTPUTNAME:Assassin illusoire	DESC:.CLEAR	DESC:Illusion tuant la cible ou lui infligeant 3d6 points de dégâts.
Phantom Steed.MOD	KEY:Phantom Steed	OUTPUTNAME:Coursier fantôme	DESC:.CLEAR	DESC:Crée un cheval magique pour (CASTERLEVEL) heures.
Phantom Trap.MOD	KEY:Phantom Trap	OUTPUTNAME:Piège illusoire	DESC:.CLEAR	DESC:Confère l’impression qu’un objet est piégé.
Phase Door.MOD	KEY:Phase Door	OUTPUTNAME:Porte de phase	DESC:.CLEAR	DESC:Passage invisible au travers du bois ou de la pierre.
Planar Ally (Greater).MOD	KEY:Planar Ally (Greater)	OUTPUTNAME:Allié suprême d'outreplan	DESC:.CLEAR	DESC:Comme Allié d’outreplan, mais jusqu’à 18 DV.
Planar Ally (Lesser).MOD	KEY:Planar Ally (Lesser)	OUTPUTNAME:Allié d'outreplan	DESC:.CLEAR	DESC:Échange de services avec une créature extraplanaire à 6 DV.
Planar Ally.MOD	KEY:Planar Ally	OUTPUTNAME:Allié majeur d'outreplan	DESC:.CLEAR	DESC:Comme allié d’outreplan, mais jusqu’à 12 DV.
Planar Binding (Greater).MOD	KEY:Planar Binding (Greater)	OUTPUTNAME:Contrat suprême	DESC:.CLEAR	DESC:Comme Contrat, mais jusqu’à 18 DV.
Planar Binding (Lesser).MOD	KEY:Planar Binding (Lesser)	OUTPUTNAME:Contrat	DESC:.CLEAR	DESC:Force un élémentaire ou un Extérieur de 6 DV ou moins à accomplir une tâche pour le lanceur de sort.
Planar Binding.MOD	KEY:Planar Binding	OUTPUTNAME:Contrat intermédiaire	DESC:.CLEAR	DESC:Comme contrat, mais jusqu’à 12 DV.
Plane Shift.MOD	KEY:Plane Shift	OUTPUTNAME:Changement de plan	DESC:.CLEAR	DESC:Permet de changer de plan (8 sujets maximum).
Plant Growth.MOD	KEY:Plant Growth	OUTPUTNAME:Croissance végétale	DESC:.CLEAR	DESC:Fait pousser la végétation, améliore son rendement.
Poison.MOD	KEY:Poison	OUTPUTNAME:Empoisonnement	DESC:.CLEAR	DESC:Le sujet perd 1d10 points de Con, idem 1 minute plus tard.
Polar Ray.MOD	KEY:Polar Ray	OUTPUTNAME:Rayon polaire	DESC:.CLEAR	DESC:Attaque de contact à distance infligeant (min(CASTERLEVEL,25))d6 points de dégâts de froid.
Polymorph Any Object.MOD	KEY:Polymorph Any Object	OUTPUTNAME:Métamorphose universelle	DESC:.CLEAR	DESC:Transforme n’importe quoi en n’importe quoi d’autre.
Polymorph.MOD	KEY:Polymorph	OUTPUTNAME:Métamorphose	DESC:.CLEAR	DESC:Change la forme du sujet.
Power Word Blind.MOD	KEY:Power Word Blind	OUTPUTNAME:Mot de pouvoir aveuglant	DESC:.CLEAR	DESC:Aveugle jusqu’à 200 pv de créatures.
Power Word Kill.MOD	KEY:Power Word Kill	OUTPUTNAME:Mot de pouvoir mortel	DESC:.CLEAR	DESC:Tue un adversaire doté de 100 pv ou moins.
Power Word Stun.MOD	KEY:Power Word Stun	OUTPUTNAME:Mot de pouvoir étourdissant	DESC:.CLEAR	DESC:Étourdit une créature de 150 pv ou moins.
Prayer.MOD	KEY:Prayer	OUTPUTNAME:Prière	DESC:.CLEAR	DESC:+1 pour les alliés à presque tous les jets, –1 pour les adversaires.
Prestidigitation.MOD	KEY:Prestidigitation	OUTPUTNAME:Prestidigitation	DESC:.CLEAR	DESC:Tours de passe-passe.
Prismatic Sphere.MOD	KEY:Prismatic Sphere	OUTPUTNAME:Sphère prismatique	DESC:.CLEAR	DESC:Comme mur prismatique, mais protège de tous les côtés.
Prismatic Spray.MOD	KEY:Prismatic Spray	OUTPUTNAME:Rayons prismatiques	DESC:.CLEAR	DESC:Rayons magiques à effets variés.
Prismatic Wall.MOD	KEY:Prismatic Wall	OUTPUTNAME:Mur prismatique	DESC:.CLEAR	DESC:Mur à effets magiques variés.
Produce Flame.MOD	KEY:Produce Flame	OUTPUTNAME:Flammes	DESC:.CLEAR	DESC:1d6+(min(CASTERLEVEL,5)) points de dégâts, contact ou lancer.
Programmed Image.MOD	KEY:Programmed Image	OUTPUTNAME:Image programmée	DESC:.CLEAR	DESC:Comme image accomplie, mais déclenchée par condition.
Project Image.MOD	KEY:Project Image	OUTPUTNAME:Projection d'image	DESC:.CLEAR	DESC:Double illusoire pouvant parler et lancer des sorts.
Protection from Arrows.MOD	KEY:Protection from Arrows	OUTPUTNAME:Protection contre les projectiles	DESC:.CLEAR	DESC:Immunise contre la plupart des attaques à distance.
Protection from Chaos.MOD	KEY:Protection from Chaos	OUTPUTNAME:Protection contre le Chaos	DESC:.CLEAR	DESC:+2 à la CA et aux jets de sauvegarde, empêche le contrôle mental, repousse les élémentaires et Extérieurs.
Protection from Energy.MOD	KEY:Protection from Energy	OUTPUTNAME:Protection contre les énergies destructives	DESC:.CLEAR	DESC:Absorbe (min(CASTERLEVEL,10)*12) points de dégâts infligés par le type d’énergie choisi.
Protection from Evil.MOD	KEY:Protection from Evil	OUTPUTNAME:Protection contre le Mal	DESC:.CLEAR	DESC:+2 à la CA et aux jets de sauvegarde, empêche le contrôle mental, repousse les élémentaires et Extérieurs.
Protection from Good.MOD	KEY:Protection from Good	OUTPUTNAME:Protection contre le Bien	DESC:.CLEAR	DESC:+2 à la CA et aux jets de sauvegarde, empêche le contrôle mental, repousse les élémentaires et Extérieurs.
Protection from Law.MOD	KEY:Protection from Law	OUTPUTNAME:Protection contre la Loi	DESC:.CLEAR	DESC:+2 à la CA et aux jets de sauvegarde, empêche le contrôle mental, repousse les élémentaires et Extérieurs.
Protection from Spells.MOD	KEY:Protection from Spells	OUTPUTNAME:Protection contre les sorts	DESC:.CLEAR	DESC:Confère un bonus de résistance de +8.
Prying Eyes (Greater).MOD	KEY:Prying Eyes (Greater)	OUTPUTNAME:Oeil indiscret suprême	DESC:.CLEAR	DESC:1d4+(CASTERLEVEL) yeux flottants servant d’éclaireurs, plus vision lucide.
Prying Eyes.MOD	KEY:Prying Eyes	OUTPUTNAME:Oeil indiscret	DESC:.CLEAR	DESC::1d4+(CASTERLEVEL) yeux flottants servant d’éclaireurs.
Purify Food and Drink.MOD	KEY:Purify Food and Drink	OUTPUTNAME:Purification de nourriture et d'eau	DESC:.CLEAR	DESC:Purifie (CASTERLEVEL*30) dm³ (litres) de nourriture et d’eau.
Pyrotechnics.MOD	KEY:Pyrotechnics	OUTPUTNAME:Pyrotechnie	DESC:.CLEAR	DESC:Transforme un feu en fumée étouffante ou en lumière aveuglante.
Quench.MOD	KEY:Quench	OUTPUTNAME:Extinction des feux	DESC:.CLEAR	DESC:Éteint les feux non magiques ou un objet magique.
Rage.MOD	KEY:Rage	OUTPUTNAME:Rage	DESC:.CLEAR	DESC:Confère +2 en For et en Con, +1 aux jets de Vol, –2 à la CA.
Rainbow Pattern.MOD	KEY:Rainbow Pattern	OUTPUTNAME:Lueur d'arc-en-ciel	DESC:.CLEAR	DESC:Fascine jusqu’à 24 DV de créatures.
Raise Dead.MOD	KEY:Raise Dead	OUTPUTNAME:Rappel à la vie	DESC:.CLEAR	DESC:Ressuscite quelqu’un mort depuis (CASTERLEVEL) jours.
Ray of Enfeeblement.MOD	KEY:Ray of Enfeeblement	OUTPUTNAME:Rayon affaiblissant	DESC:.CLEAR	DESC:La cible perd 1d6 +(min(CASTERLEVEL/2,5)) points de For.
Ray of Exhaustion.MOD	KEY:Ray of Exhaustion	OUTPUTNAME:Rayon d'épuisement	DESC:.CLEAR	DESC:Un rayon épuise la cible.
Ray of Frost.MOD	KEY:Ray of Frost	OUTPUTNAME:Rayon de givre	DESC:.CLEAR	DESC:Rayon infligeant 1d3 points de dégâts.
Read Magic.MOD	KEY:Read Magic	OUTPUTNAME:Lecture de la magie	DESC:.CLEAR	DESC:Permet de lire parchemins et livres de sorts.
Reduce Animal.MOD	KEY:Reduce Animal	OUTPUTNAME:Rapetissement d'animal	DESC:.CLEAR	DESC:Réduit la taille d’un animal consentant.
Reduce Person (Mass).MOD	KEY:Reduce Person (Mass)	OUTPUTNAME:Rapetissement de groupe	DESC:.CLEAR	DESC:Réduit la taille de plusieurs créatures.
Reduce Person.MOD	KEY:Reduce Person	OUTPUTNAME:Rapetissement	DESC:.CLEAR	DESC:Réduit la taille d’un humanoïde de moitié.
Refuge.MOD	KEY:Refuge	OUTPUTNAME:Refuge	DESC:.CLEAR	DESC:Crée une solide maisonnette.
Regenerate.MOD	KEY:Regenerate	OUTPUTNAME:Régénération	DESC:.CLEAR	DESC:Fait repousser les membres tranchés, rend 4d8+(CASTERLEVEL) points de vie [max +35].
Reincarnate.MOD	KEY:Reincarnate	OUTPUTNAME:Réincarnation	DESC:.CLEAR	DESC:Ramène le sujet à la vie, mais dans un autre corps.
Remove Blindness/Deafness.MOD	KEY:Remove Blindness/Deafness	OUTPUTNAME:Guérison de la Cécité/Surdité	DESC:.CLEAR	DESC:Soigne la cécité ou la surdité.
Remove Curse.MOD	KEY:Remove Curse	OUTPUTNAME:Délivrance de la malédiction	DESC:.CLEAR	DESC:Libère des malédictions.
Remove Disease.MOD	KEY:Remove Disease	OUTPUTNAME:Guérison des maladies	DESC:.CLEAR	DESC:Guérit tous les maux du sujet.
Remove Fear.MOD	KEY:Remove Fear	OUTPUTNAME:Regain d'assurance	DESC:.CLEAR	DESC:Supprime la terreur ou donne +4 aux jets de sauvegarde contre celle-ci [(CASTERLEVEL/4+1) sujets].
Remove Paralysis.MOD	KEY:Remove Paralysis	OUTPUTNAME:Délivrance de la paralysie	DESC:.CLEAR	DESC:Délivre de la paralysie, d’immobilisation et de lenteur.
Repel Metal or Stone.MOD	KEY:Repel Metal or Stone	OUTPUTNAME:Eloignement du métal et de la pierre	DESC:.CLEAR	DESC:Repousse le métal et la pierre.
Repel Vermin.MOD	KEY:Repel Vermin	OUTPUTNAME:Répulsif	DESC:.CLEAR	DESC:Les insectes, araignées et autres vermines restent à 3 m du lanceur de sort.
Repel Wood.MOD	KEY:Repel Wood	OUTPUTNAME:Eloignement du bois	DESC:.CLEAR	DESC:Repousse les objets en bois.
Repulsion.MOD	KEY:Repulsion	OUTPUTNAME:Champ de force	DESC:.CLEAR	DESC:Nul ne peut approcher du lanceur de sort.
Resilient Sphere.MOD	KEY:Resilient Sphere	OUTPUTNAME:Sphère d'isolement	DESC:.CLEAR	DESC:Un globe de force emprisonne ou protège le sujet.
Resist Energy.MOD	KEY:Resist Energy	OUTPUTNAME:Résistance aux énergies destructives	DESC:.CLEAR	DESC:Protège contre la forme d’énergie choisie à raison de ((1+(min(floor((CASTERLEVEL-3)/4),2)))*10) points de dégâts/attaque.
Resistance.MOD	KEY:Resistance	OUTPUTNAME:Résistance	DESC:.CLEAR	DESC:Confère +1 aux jets de sauvegarde.
Restoration (Greater).MOD	KEY:Restoration (Greater)	OUTPUTNAME:Restauration suprême	DESC:.CLEAR	DESC:Comme restauration, mais rend tous les niveaux et points de caractéristique perdus.
Restoration (Lesser).MOD	KEY:Restoration (Lesser)	OUTPUTNAME:Restauration partielle	DESC:.CLEAR	DESC:Dissipe effets magiques affaiblissants ou rend 1d4 points de caractéristique perdus.
Restoration.MOD	KEY:Restoration	OUTPUTNAME:Restauration	DESC:.CLEAR	DESC:Rend niveau et points de caractéristique perdus.
Resurrection.MOD	KEY:Resurrection	OUTPUTNAME:Résurrection	DESC:.CLEAR	DESC:Ramène un mort à la vie.
Reverse Gravity.MOD	KEY:Reverse Gravity	OUTPUTNAME:Inversion de la gravité	DESC:.CLEAR	DESC:Objets et créatures tombent vers le haut.
Righteous Might.MOD	KEY:Righteous Might	OUTPUTNAME:Force du colosse	DESC:.CLEAR	DESC:Accroît la taille du lanceur de sort et lui confère des bonus au combat.
Rope Trick.MOD	KEY:Rope Trick	OUTPUTNAME:Corde enchantée	DESC:.CLEAR	DESC:8 créatures peuvent se cacher dans un espace extradimensionnel.
Rusting Grasp.MOD	KEY:Rusting Grasp	OUTPUTNAME:Rouille	DESC:.CLEAR	DESC:Fait rouiller le métal d’un simple contact.
Sanctuary.MOD	KEY:Sanctuary	OUTPUTNAME:Sanctuaire	DESC:.CLEAR	DESC:Les adversaires ne peuvent pas attaquer le lanceur de sort, et inversement.
Scare.MOD	KEY:Scare	OUTPUTNAME:Effroi	DESC:.CLEAR	DESC:Panique les créatures ayant moins de 6 DV.
Scintillating Pattern.MOD	KEY:Scintillating Pattern	OUTPUTNAME:Motif scintillant	DESC:.CLEAR	DESC:Les couleurs frappent de confusion, d’étourdissement ou d’inconscience.
Scorching Ray.MOD	KEY:Scorching Ray	OUTPUTNAME:Rayon ardent	DESC:.CLEAR	DESC:Attaque à distance infligeant (1+min((CASTERLEVEL-3)/4,2)) points de dégâts de feu.
Screen.MOD	KEY:Screen	OUTPUTNAME:Ecran	DESC:.CLEAR	DESC:Empêche de voir dans une zone, même par scrutation.
Scrying (Greater).MOD	KEY:Scrying (Greater)	OUTPUTNAME:Scrutation suprême	DESC:.CLEAR	DESC:Comme Scrutation, mais plus rapidement et plus longtemps.
Scrying.MOD	KEY:Scrying	OUTPUTNAME:Scrutation	DESC:.CLEAR	DESC:Permet d’espionner le sujet à distance.
Sculpt Sound.MOD	KEY:Sculpt Sound	OUTPUTNAME:Manipulation des sons	DESC:.CLEAR	DESC:Altère les sons ou en crée de nouveaux.
Searing Light.MOD	KEY:Searing Light	OUTPUTNAME:Lumière brûlante	DESC:.CLEAR	DESC:(min(CASTERLEVEL/2,5))d8 points de dégâts ; (min(CASTERLEVEL,10))d6 contre les morts-vivants, (min(CASTERLEVEL,10))d8 s'ils sont vulnérables à la lumière ; les objets inanimés ou magiques reçoivent (min(CASTERLEVEL/2,5))d6 de dégâts.
Secret Chest.MOD	KEY:Secret Chest	OUTPUTNAME:Coffre secret	DESC:.CLEAR	DESC:Coffre caché dans le plan Éthéré.
Secret Page.MOD	KEY:Secret Page	OUTPUTNAME:Page secrète	DESC:.CLEAR	DESC:Modifie une page pour cacher son contenu.
Secure Shelter.MOD	KEY:Secure Shelter	OUTPUTNAME:Abri sûr	DESC:.CLEAR	DESC:Enchante un objet pour ramener son possesseur jusqu’au lanceur de sort.
See Invisibility.MOD	KEY:See Invisibility	OUTPUTNAME:Détection de l'invisibilité	DESC:.CLEAR	DESC:Révèle créatures et objets invisibles.
Seeming.MOD	KEY:Seeming	OUTPUTNAME:Faux-semblant	DESC:.CLEAR	DESC:Modifie l’aspect de (CASTERLEVEL/2) personnes.
Sending.MOD	KEY:Sending	OUTPUTNAME:Communication à distance	DESC:.CLEAR	DESC:Transmet un court message n’importe où.
Sepia Snake Sigil.MOD	KEY:Sepia Snake Sigil	OUTPUTNAME:Sceau du serpent	DESC:.CLEAR	DESC:Crée un symbole immobilisant le lecteur.
Sequester.MOD	KEY:Sequester	OUTPUTNAME:Dissimulation suprême	DESC:.CLEAR	DESC:Rend le sujet invisible, même à la scrutation.
Shades.MOD	KEY:Shades	OUTPUTNAME:Reflets d'ombres	DESC:.CLEAR	DESC:Comme Convocation d’ombres, mais jusqu’au 8e niveau et à 80 % réel.
Shadow Conjuration (Greater).MOD	KEY:Shadow Conjuration (Greater)	OUTPUTNAME:Convocation d'ombres suprême	DESC:.CLEAR	DESC:Comme Convocation d’ombres, mais jusqu’au 6e niveau et à 60 % réel.
Shadow Conjuration.MOD	KEY:Shadow Conjuration	OUTPUTNAME:Convocation d'ombres	DESC:.CLEAR	DESC:Reproduit les invocations de 3e niveau ou moins ; 20 % sont réelles.
Shadow Evocation (Greater).MOD	KEY:Shadow Evocation (Greater)	OUTPUTNAME:Magie des ombres suprême	DESC:.CLEAR	DESC:Comme Magie des ombres, mais jusqu’au 7e niveau ; 60 % sont réelles.
Shadow Evocation.MOD	KEY:Shadow Evocation	OUTPUTNAME:Magie des ombres	DESC:.CLEAR	DESC:Reproduit les évocations de 4e niveau ou moins ; 20 % sont réelles.
Shadow Walk.MOD	KEY:Shadow Walk	OUTPUTNAME:Traversée des ombres	DESC:.CLEAR	DESC:Permet de voyager plus rapidement.
Shambler.MOD	KEY:Shambler	OUTPUTNAME:Grand tertre	DESC:.CLEAR	DESC:Appelle 1d4+2 tertres errants luttant pour le lanceur de sort.
Shapechange.MOD	KEY:Shapechange	OUTPUTNAME:Changement de forme	DESC:.CLEAR	DESC:Le lanceur de sort peut se transformer à l’envi (1 fois/round).
Shatter.MOD	KEY:Shatter	OUTPUTNAME:Fracassement	DESC:.CLEAR	DESC:Endommage objets ou créatures cristallines.
Shield of Faith.MOD	KEY:Shield of Faith	OUTPUTNAME:Bouclier de la foi	DESC:.CLEAR	DESC:Aura conférant un bonus de parade de +(min(CASTERLEVEL/6,3)+2).
Shield of Law.MOD	KEY:Shield of Law	OUTPUTNAME:Bouclier de la Loi	DESC:.CLEAR	DESC:+4 à la CA, bonus de résistance de +4 et RM de 25 contre les sorts des créatures chaotiques.
Shield Other.MOD	KEY:Shield Other	OUTPUTNAME:Protection d'autrui	DESC:.CLEAR	DESC:Le lanceur de sort subit 1/2 dégâts à la place du sujet.
Shield.MOD	KEY:Shield	OUTPUTNAME:Bouclier	DESC:.CLEAR	DESC:Disque invisible conférant +4 à la CA et protégeant des projectiles magiques.
Shillelagh.MOD	KEY:Shillelagh	OUTPUTNAME:Gourdin magique	DESC:.CLEAR	DESC:Transforme gourdin ou bâton en arme +1 (1d10 points de dégâts) pendant (CASTERLEVEL) minutes.
Shocking Grasp.MOD	KEY:Shocking Grasp	OUTPUTNAME:Décharge électrique	DESC:.CLEAR	DESC:(min(CASTERLEVEL,5))d6 points de dégâts d’électricité.
Shout.MOD	KEY:Shout	OUTPUTNAME:Cri	DESC:.CLEAR	DESC:Assourdit les victimes et leur inflige 5d6 points de dégâts de son.
Shout (Greater).MOD	KEY:Shout (Greater)	OUTPUTNAME:Cri suprême	DESC:.CLEAR	DESC:Cri dévastateur infligeant 10d6 points de dégâts de son ; étourdit les créatures, abîme les objets.
Shrink Item.MOD	KEY:Shrink Item	OUTPUTNAME:Réduction d'objet	DESC:.CLEAR	DESC:Réduit un objet (1/16e de sa taille initiale).
Silence.MOD	KEY:Silence	OUTPUTNAME:Silence	DESC:.CLEAR	DESC:Étouffe tout bruit dans un rayon de 4,50 m.
Silent Image.MOD	KEY:Silent Image	OUTPUTNAME:Image silencieuse	DESC:.CLEAR	DESC:Crée une illusion visuelle mineure.
Simulacrum.MOD	KEY:Simulacrum	OUTPUTNAME:Simulacre	DESC:.CLEAR	DESC:Crée un double partiellement réel du sujet.
Slay Living.MOD	KEY:Slay Living	OUTPUTNAME:Exécution	DESC:.CLEAR	DESC:Attaque de contact tuant la cible.
Sleep.MOD	KEY:Sleep	OUTPUTNAME:Sommeil	DESC:.CLEAR	DESC:Endort 4 DV de créatures.
Sleet Storm.MOD	KEY:Sleet Storm	OUTPUTNAME:Tempête de neige	DESC:.CLEAR	DESC:Réduit la visibilité et gêne les déplacements.
Slow.MOD	KEY:Slow	OUTPUTNAME:Lenteur	DESC:.CLEAR	DESC:(CASTERLEVEL) cibles n’ont droit qu’à une action simple par round, –1 à la CA et aux jets d’attaque, de dégâts et de Réflexes.
Snare.MOD	KEY:Snare	OUTPUTNAME:Collet	DESC:.CLEAR	DESC:Crée un piège magique tout simple.
Soften Earth and Stone.MOD	KEY:Soften Earth and Stone	OUTPUTNAME:Ramollissement de la terre et de la pierre	DESC:.CLEAR	DESC:Transforme la pierre en argile et la terre en sable ou en boue.
Solid Fog.MOD	KEY:Solid Fog	OUTPUTNAME:Brouillard dense	DESC:.CLEAR	DESC:Réduit la visibilité et gêne les déplacements.
Song of Discord.MOD	KEY:Song of Discord	OUTPUTNAME:Chant de discorde	DESC:.CLEAR	DESC:Force les cibles à s’entretuer.
Soul Bind.MOD	KEY:Soul Bind	OUTPUTNAME:Capture d'âme	DESC:.CLEAR	DESC:Retient l’âme d’un défunt pour empêcher sa résurrection.
Sound Burst.MOD	KEY:Sound Burst	OUTPUTNAME:Cacophonie	DESC:.CLEAR	DESC:1d8 points de dégâts de son, étourdissement possible.
Speak with Animals.MOD	KEY:Speak with Animals	OUTPUTNAME:Communication avec les animaux	DESC:.CLEAR	DESC:Permet de communiquer avec les animaux.
Speak with Dead.MOD	KEY:Speak with Dead	OUTPUTNAME:Communication avec les morts	DESC:.CLEAR	DESC:Un cadavre répond à (CASTERLEVEL/2) questions.
Speak with Plants.MOD	KEY:Speak with Plants	OUTPUTNAME:Communication avec les plantes	DESC:.CLEAR	DESC:Permet de communiquer avec les plantes et les créatures végétales.
Spectral Hand.MOD	KEY:Spectral Hand	OUTPUTNAME:Main spectrale	DESC:.CLEAR	DESC:Main désincarnée portant des attaques de contact.
Spell Immunity (Greater).MOD	KEY:Spell Immunity (Greater)	OUTPUTNAME:Immunité suprême contre les sorts	DESC:.CLEAR	DESC:Immunise le sujet contre (CASTERLEVEL/4) sorts, jusqu'au niveau 8.
Spell Immunity.MOD	KEY:Spell Immunity	OUTPUTNAME:Immunité contre les sorts	DESC:.CLEAR	DESC:Immunise le sujet contre (CASTERLEVEL/4) sorts, jusqu'au niveau 4.
Spell Resistance.MOD	KEY:Spell Resistance	OUTPUTNAME:Résistance à la magie	DESC:.CLEAR	DESC:Le sujet gagne une RM de (CASTERLEVEL+12).
Spell Turning.MOD	KEY:Spell Turning	OUTPUTNAME:Renvoi des sorts	DESC:.CLEAR	DESC:Retourne 1d4+6 niveaux de sorts à l’envoyeur.
Spellstaff.MOD	KEY:Spellstaff	OUTPUTNAME:Bâton à sort	DESC:.CLEAR	DESC:Permet de stocker un sort dans un bâton.
Spider Climb.MOD	KEY:Spider Climb	OUTPUTNAME:Pattes d'araignée	DESC:.CLEAR	DESC:Permet de grimper aux murs.
Spike Growth.MOD	KEY:Spike Growth	OUTPUTNAME:Croissance d'épines	DESC:.CLEAR	DESC:1d4 points de dégâts, lenteur possible.
Spike Stones.MOD	KEY:Spike Stones	OUTPUTNAME:Pierres ascérées	DESC:.CLEAR	DESC:1d8 points de dégâts, lenteur possible.
Spiritual Weapon.MOD	KEY:Spiritual Weapon	OUTPUTNAME:Arme spirituelle	DESC:.CLEAR	DESC:Arme magique attaquant d’elle-même.
Statue.MOD	KEY:Statue	OUTPUTNAME:Statue	DESC:.CLEAR	DESC:Le sujet peut se statufier à volonté.
Status.MOD	KEY:Status	OUTPUTNAME:Rapport	DESC:.CLEAR	DESC:Indique où se trouvent les alliés et quel est leur état.
Stinking Cloud.MOD	KEY:Stinking Cloud	OUTPUTNAME:Nuage nauséabond	DESC:.CLEAR	DESC:Vapeurs nocives, (CASTERLEVEL) rounds.
Stone Shape.MOD	KEY:Stone Shape	OUTPUTNAME:Façonnage de la pierre	DESC:.CLEAR	DESC:Permet de modeler la pierre.
Stone Tell.MOD	KEY:Stone Tell	OUTPUTNAME:Pierres commères	DESC:.CLEAR	DESC:Permet de communiquer avec la pierre.
Stone to Flesh.MOD	KEY:Stone to Flesh	OUTPUTNAME:Transmutation de la pierre en chair	DESC:.CLEAR	DESC:Ramène une créature pétrifiée à la vie.
Stoneskin.MOD	KEY:Stoneskin	OUTPUTNAME:Peau de pierre	DESC:.CLEAR	DESC:Ignore 10 points de dégâts par attaque.
Storm of Vengeance.MOD	KEY:Storm of Vengeance	OUTPUTNAME:Tempête vengeresse	DESC:.CLEAR	DESC:Tempête mêlant acide, éclairs et grêlons.
Suggestion (Mass).MOD	KEY:Suggestion (Mass)	OUTPUTNAME:Suggestion de groupe	DESC:.CLEAR	DESC:Comme Suggestion, mais (CASTERLEVEL) cibles.
Suggestion.MOD	KEY:Suggestion	OUTPUTNAME:Suggestion	DESC:.CLEAR	DESC:Force la cible à accomplir un acte décidé par le lanceur de sort.
Summon Instrument.MOD	KEY:Summon Instrument	OUTPUTNAME:Convocation d'instrument	DESC:.CLEAR	DESC:convoque un instrument de musique au choix.
Summon Monster I.MOD	KEY:Summon Monster I	OUTPUTNAME:Convocation de monstre 1	DESC:.CLEAR	DESC:Appelle une créature extraplanaire luttant pour le lanceur de sort.
Summon Monster II.MOD	KEY:Summon Monster II	OUTPUTNAME:Convocation de monstre 2	DESC:.CLEAR	DESC:Appelle une créature extraplanaire luttant pour le lanceur de sort.
Summon Monster III.MOD	KEY:Summon Monster III	OUTPUTNAME:Convocation de monstre 3	DESC:.CLEAR	DESC:Appelle une créature extraplanaire luttant pour le lanceur de sort.
Summon Monster IV.MOD	KEY:Summon Monster IV	OUTPUTNAME:Convocation de monstre 4	DESC:.CLEAR	DESC:Appelle une créature extraplanaire luttant pour le lanceur de sort.
Summon Monster IX.MOD	KEY:Summon Monster IX	OUTPUTNAME:Convocation de monstre 9	DESC:.CLEAR	DESC:Appelle une créature extraplanaire luttant pour le lanceur de sort.
Summon Monster V.MOD	KEY:Summon Monster V	OUTPUTNAME:Convocation de monstre 5	DESC:.CLEAR	DESC:Appelle une créature extraplanaire luttant pour le lanceur de sort.
Summon Monster VI.MOD	KEY:Summon Monster VI	OUTPUTNAME:Convocation de monstre 6	DESC:.CLEAR	DESC:Appelle une créature extraplanaire luttant pour le lanceur de sort.
Summon Monster VII.MOD	KEY:Summon Monster VII	OUTPUTNAME:Convocation de monstre 7	DESC:.CLEAR	DESC:Appelle une créature extraplanaire luttant pour le lanceur de sort.
Summon Monster VIII.MOD	KEY:Summon Monster VIII	OUTPUTNAME:Convocation de monstre 8	DESC:.CLEAR	DESC:Appelle une créature extraplanaire luttant pour le lanceur de sort.
Summon Nature's Ally I.MOD	KEY:Summon Nature's Ally I	OUTPUTNAME:Convocation d’alliés naturels 1	DESC:.CLEAR	DESC:Appelle une créature luttant pour le lanceur de sort.
Summon Nature's Ally II.MOD	KEY:Summon Nature's Ally II	OUTPUTNAME:Convocation d’alliés naturels 2	DESC:.CLEAR	DESC:Appelle une créature luttant pour le lanceur de sort.
Summon Nature's Ally III.MOD	KEY:Summon Nature's Ally III	OUTPUTNAME:Convocation d’alliés naturels 3	DESC:.CLEAR	DESC:Appelle une créature luttant pour le lanceur de sort.
Summon Nature's Ally IV.MOD	KEY:Summon Nature's Ally IV	OUTPUTNAME:Convocation d’alliés naturels 4	DESC:.CLEAR	DESC:Appelle une créature luttant pour le lanceur de sort.
Summon Nature's Ally IX.MOD	KEY:Summon Nature's Ally IX	OUTPUTNAME:Convocation d’alliés naturels 9	DESC:.CLEAR	DESC:Appelle une créature luttant pour le lanceur de sort.
Summon Nature's Ally V.MOD	KEY:Summon Nature's Ally V	OUTPUTNAME:Convocation d’alliés naturels 5	DESC:.CLEAR	DESC:Appelle une créature luttant pour le lanceur de sort.
Summon Nature's Ally VI.MOD	KEY:Summon Nature's Ally VI	OUTPUTNAME:Convocation d’alliés naturels 6	DESC:.CLEAR	DESC:Appelle une créature luttant pour le lanceur de sort.
Summon Nature's Ally VII.MOD	KEY:Summon Nature's Ally VII	OUTPUTNAME:Convocation d’alliés naturels 7	DESC:.CLEAR	DESC:Appelle une créature luttant pour le lanceur de sort.
Summon Nature's Ally VIII.MOD	KEY:Summon Nature's Ally VIII	OUTPUTNAME:Convocation d’alliés naturels 8	DESC:.CLEAR	DESC:Appelle une créature luttant pour le lanceur de sort.
Summon Swarm.MOD	KEY:Summon Swarm	OUTPUTNAME:Nuée grouillante	DESC:.CLEAR	DESC:Convoque une nuée de chauves-souris, rats ou araignées.
Sunbeam.MOD	KEY:Sunbeam	OUTPUTNAME:Rayon de soleil	DESC:.CLEAR	DESC:(min(CASTERLEVEL/3,6)) éclats aveuglent et infligent, chacun, 4d6 points de dégâts, les morts-vivants reçoivent (min(CASTERLEVEL,20))d6 points de dégâts.
Sunburst.MOD	KEY:Sunburst	OUTPUTNAME:Explosion de lumière	DESC:.CLEAR	DESC:Aveugle à moins de 3 m, 6d6 points de dégâts.
Symbol of Death.MOD	KEY:Symbol of Death	OUTPUTNAME:Symbole de mort	DESC:.CLEAR	DESC:La rune tue les créatures proches.
Symbol of Fear.MOD	KEY:Symbol of Fear	OUTPUTNAME:Symbole de terreur	DESC:.CLEAR	DESC:La rune panique les créatures proches.
Symbol of Insanity.MOD	KEY:Symbol of Insanity	OUTPUTNAME:Symbole d'aliénation mentale	DESC:.CLEAR	DESC:La rune frappe les créatures proches de démence.
Symbol of Pain.MOD	KEY:Symbol of Pain	OUTPUTNAME:Symbole de douleur	DESC:.CLEAR	DESC:La rune inflige de terribles douleurs.
Symbol of Persuasion.MOD	KEY:Symbol of Persuasion	OUTPUTNAME:Symbole de persuasion	DESC:.CLEAR	DESC:La rune charme les créatures proches.
Symbol of Sleep.MOD	KEY:Symbol of Sleep	OUTPUTNAME:Symbole de sommeil	DESC:.CLEAR	DESC:La rune plonge les créatures proches dans un sommeil catatonique.
Symbol of Stunning.MOD	KEY:Symbol of Stunning	OUTPUTNAME:Symbole d'étourdissement	DESC:.CLEAR	DESC:La rune étourdit les créatures proches.
Symbol of Weakness.MOD	KEY:Symbol of Weakness	OUTPUTNAME:Symbole de faiblesse	DESC:.CLEAR	DESC:La rune affaiblit les créatures proches.
Sympathetic Vibration.MOD	KEY:Sympathetic Vibration	OUTPUTNAME:Résonance	DESC:.CLEAR	DESC:Inflige 2d10 points de dégâts/round aux constructions.
Sympathy.MOD	KEY:Sympathy	OUTPUTNAME:Attirance	DESC:.CLEAR	DESC:Objet ou lieu attire certaines créatures.
Telekinesis.MOD	KEY:Telekinesis	OUTPUTNAME:Télékinésie	DESC:.CLEAR	DESC:Permet de déplacer des objets, d'attaquer des créatures, de lancer des objets.
Telekinetic Sphere.MOD	KEY:Telekinetic Sphere	OUTPUTNAME:Sphère téléguidée	DESC:.CLEAR	DESC:Comme sphère d’isolement, mais le lanceur de sort la déplace par télékinésie.
Telepathic Bond.MOD	KEY:Telepathic Bond	OUTPUTNAME:Lien télépathique	DESC:.CLEAR	DESC:Permet de communiquer mentalement.
Teleport (Greater).MOD	KEY:Teleport (Greater)	OUTPUTNAME:Téléportation suprême	DESC:.CLEAR	DESC:Comme téléportation, sans limite de portée et sans risque d’erreur.
Teleport Object.MOD	KEY:Teleport Object	OUTPUTNAME:Téléportation d'objet	DESC:.CLEAR	DESC:Comme téléportation, mais sur un objet.
Teleport.MOD	KEY:Teleport	OUTPUTNAME:Téléportation	DESC:.CLEAR	DESC:Transporte instantanément le lanceur de sort jusqu’à (CASTERLEVEL*150) km.
Teleportation Circle.MOD	KEY:Teleportation Circle	OUTPUTNAME:Cerle de téléportation	DESC:.CLEAR	DESC:Amène qui entre dans le cercle à une destination programmée.
Temporal Stasis.MOD	KEY:Temporal Stasis	OUTPUTNAME:Animation suspendue	DESC:.CLEAR	DESC:Met la cible en état de stase.
Time Stop.MOD	KEY:Time Stop	OUTPUTNAME:Arrêt du temps	DESC:.CLEAR	DESC:Seul le lanceur de sort peut agir pendant 1d4+1 rounds.
Tiny Hut.MOD	KEY:Tiny Hut	OUTPUTNAME:Abri	DESC:.CLEAR	DESC:Crée un abri pour dix créatures.
Tongues.MOD	KEY:Tongues	OUTPUTNAME:Don des langues	DESC:.CLEAR	DESC:Permet de parler toutes les langues.
Touch of Fatigue.MOD	KEY:Touch of Fatigue	OUTPUTNAME:Fatigue	DESC:.CLEAR	DESC:Attaque de contact fatiguant la cible.
Touch of Idiocy.MOD	KEY:Touch of Idiocy	OUTPUTNAME:Idiotie	DESC:.CLEAR	DESC:Le sujet perd 1d6 points d’Int, de Sag et de Cha.
Transformation.MOD	KEY:Transformation	OUTPUTNAME:Transformation	DESC:.CLEAR	DESC:Le lanceur de sort gagne des bonus au combat.
Transmute Metal to Wood.MOD	KEY:Transmute Metal to Wood	OUTPUTNAME:Transmutation du métal en bois	DESC:.CLEAR	DESC:Affecte tout métal à moins de 12 m.
Transmute Mud to Rock.MOD	KEY:Transmute Mud to Rock	OUTPUTNAME:Transmutation de la boue en pierre	DESC:.CLEAR	DESC:Affecte (CASTERLEVEL*2) cubes de 3 m d’arête par niveau.
Transmute Rock to Mud.MOD	KEY:Transmute Rock to Mud	OUTPUTNAME:Transmutation de la pierre en boue	DESC:.CLEAR	DESC:Affecte (CASTERLEVEL*2) cubes de 3 m d’arête par niveau.
Transport via Plants.MOD	KEY:Transport via Plants	OUTPUTNAME:Voie végétale	DESC:.CLEAR	DESC:Le lanceur de sort entre dans une plante et ressort par une autre.
Trap the Soul.MOD	KEY:Trap the Soul	OUTPUTNAME:Séquestration	DESC:.CLEAR	DESC:Emprisonne la cible dans une gemme.
Tree Shape.MOD	KEY:Tree Shape	OUTPUTNAME:Forme d'arbre	DESC:.CLEAR	DESC:Transforme le lanceur de sort en arbre pendant (CASTERLEVEL) heures.
Tree Stride.MOD	KEY:Tree Stride	OUTPUTNAME:Voyage par les arbes	DESC:.CLEAR	DESC:Le lanceur de sort entre dans un arbre et ressort par un autre.
True Resurrection.MOD	KEY:True Resurrection	OUTPUTNAME:Résurrection suprême	DESC:.CLEAR	DESC:Comme Résurrection, sans avoir besoin du corps.
True Seeing.MOD	KEY:True Seeing	OUTPUTNAME:Vision lucide	DESC:.CLEAR	DESC:Permet de voir les choses telles qu’elles sont.
True Strike.MOD	KEY:True Strike	OUTPUTNAME:Coup au but	DESC:.CLEAR	DESC:Confère un bonus de +20 au prochain jet d’attaque.
Undeath to Death.MOD	KEY:Undeath to Death	OUTPUTNAME:Annihilation de mort-vivant	DESC:.CLEAR	DESC:Détruit (min(CASTERLEVEL,20))d4 DV de morts-vivants.
Undetectable Alignment.MOD	KEY:Undetectable Alignment	OUTPUTNAME:Alignement indétectable	DESC:.CLEAR	DESC:Masque l’alignement pendant 24 heures.
Unhallow.MOD	KEY:Unhallow	OUTPUTNAME:Sanctification maléfique	DESC:.CLEAR	DESC:Rend un site maudit.
Unholy Aura.MOD	KEY:Unholy Aura	OUTPUTNAME:Aura maudite	DESC:.CLEAR	DESC:+4 à la CA, bonus de résistance de +4 et RM de 25 contre les sorts des créatures bonnes.
Unholy Blight.MOD	KEY:Unholy Blight	OUTPUTNAME:Ténèbres maudites	DESC:.CLEAR	DESC:Blesse les créatures bonnes et les rend fiévreuses.
Unseen Servant.MOD	KEY:Unseen Servant	OUTPUTNAME:Serviteur invisible	DESC:.CLEAR	DESC:Force invisible obéissant au lanceur de sort.
Vampiric Touch.MOD	KEY:Vampiric Touch	OUTPUTNAME:Baiser du vampire	DESC:.CLEAR	DESC:(min(CASTERLEVEL/2,10)) d6 points de dégâts, récupérés sous forme de pv par le lanceur de sort.
Veil.MOD	KEY:Veil	OUTPUTNAME:Voile	DESC:.CLEAR	DESC:Change l’aspect d’un groupe de créatures.
Ventriloquism.MOD	KEY:Ventriloquism	OUTPUTNAME:Ventriloquie	DESC:.CLEAR	DESC:Permet de parler à distance pendant (CASTERLEVEL) minutes.
Virtue.MOD	KEY:Virtue	OUTPUTNAME:Stimulant	DESC:.CLEAR	DESC:Confère 1 pv temporaire à la cible.
Vision.MOD	KEY:Vision	OUTPUTNAME:Vision mystique	DESC:.CLEAR	DESC:Comme Mythes et légendes, mais plus rapide.
Wail of the Banshee.MOD	KEY:Wail of the Banshee	OUTPUTNAME:Plainte d'outre-tombe	DESC:.CLEAR	DESC:Tue (CASTERLEVEL) créatures.
Wall of Fire.MOD	KEY:Wall of Fire	OUTPUTNAME:Mur de feu	DESC:.CLEAR	DESC:Inflige 2d4 points de dégâts à moins de 3 m, 1d4 à moins de 6 m, 2d6+(CASTERLEVEL) en cas de traversée.
Wall of Force.MOD	KEY:Wall of Force	OUTPUTNAME:Mur de force	DESC:.CLEAR	DESC:Mur immunisé contre les dégâts.
Wall of Ice.MOD	KEY:Wall of Ice	OUTPUTNAME:Mur de glace	DESC:.CLEAR	DESC:Mur plan ayant (CASTERLEVEL+15) points de résistance ou hémisphère permettant d’emprisonner des créatures.
Wall of Iron.MOD	KEY:Wall of Iron	OUTPUTNAME:Mur de fer	DESC:.CLEAR	DESC:30 pr/4 niveaux ; peut s’effondrer sur les adversaires.
Wall of Stone.MOD	KEY:Wall of Stone	OUTPUTNAME:Mur de pierre	DESC:.CLEAR	DESC:Crée un mur qui peut être façonné.
Wall of Thorns.MOD	KEY:Wall of Thorns	OUTPUTNAME:Mur d'épines	DESC:.CLEAR	DESC:Épines blessant quiconque tente de passer.
Warp Wood.MOD	KEY:Warp Wood	OUTPUTNAME:Façonnage du bois	DESC:.CLEAR	DESC:Permet de modeler le bois.
Water Breathing.MOD	KEY:Water Breathing	OUTPUTNAME:Respiration aquatique	DESC:.CLEAR	DESC:Permet de respirer sous l’eau.
Water Walk.MOD	KEY:Water Walk	OUTPUTNAME:Marche sur l'onde	DESC:.CLEAR	DESC:Permet de marcher sur l’eau.
Waves of Exhaustion.MOD	KEY:Waves of Exhaustion	OUTPUTNAME:Vagues d'épuisement	DESC:.CLEAR	DESC:Plusieurs cibles sont épuisées.
Waves of Fatigue.MOD	KEY:Waves of Fatigue	OUTPUTNAME:Vagues de fatigue	DESC:.CLEAR	DESC:Plusieurs cibles sont fatiguées.
Web.MOD	KEY:Web	OUTPUTNAME:Toile d'araignée	DESC:.CLEAR	DESC:Toiles gluantes dans un rayon de 6 m.
Weird.MOD	KEY:Weird	OUTPUTNAME:Ennemi subconscient	DESC:.CLEAR	DESC:Comme assassin imaginaire, mais à 9 m à la ronde.
Whirlwind.MOD	KEY:Whirlwind	OUTPUTNAME:Cyclone	DESC:.CLEAR	DESC:Inflige des dégâts et peut soulever les petites créatures.
Whispering Wind.MOD	KEY:Whispering Wind	OUTPUTNAME:Vent de murmures	DESC:.CLEAR	DESC:Transmet un court message à (CASTERLEVEL*3/2) km de distance.
Wind Walk.MOD	KEY:Wind Walk	OUTPUTNAME:Vent divin	DESC:.CLEAR	DESC:Transforme les cibles en vapeur et les emporte rapidement.
Wind Wall.MOD	KEY:Wind Wall	OUTPUTNAME:Mur de vent	DESC:.CLEAR	DESC:Détourne projectiles, gaz et créatures de taille modeste.
Wish.MOD	KEY:Wish	OUTPUTNAME:Souhait	DESC:.CLEAR	DESC:Comme Souhait limité, mais en plus puissant.
Wood Shape.MOD	KEY:Wood Shape	OUTPUTNAME:Distorsion du bois	DESC:.CLEAR	DESC:Tord le bois (manche d’arme, planche, porte, etc.).
Word of Chaos.MOD	KEY:Word of Chaos	OUTPUTNAME:Parole du Chaos	DESC:.CLEAR	DESC:Tue, cause la confusion, étourdit ou assourdit les cibles non chaotiques.
Word of Recall.MOD	KEY:Word of Recall	OUTPUTNAME:Mot de rappel	DESC:.CLEAR	DESC:Téléporte le lanceur de sort à un endroit choisi à l’avance.
Zone of Silence.MOD	KEY:Zone of Silence	OUTPUTNAME:Zone de silence	DESC:.CLEAR	DESC:Empêche les espions d’entendre des conversations.
Zone of Truth.MOD	KEY:Zone of Truth	OUTPUTNAME:Zone de vérité	DESC:.CLEAR	DESC:Les créatures affectées ne peuvent pas mentir.

Corrupt Weapon.MOD	KEY:Corrupt Weapon	OUTPUTNAME:Corruption d'arme	DESC:.CLEAR	DESC:Arme plus efficace contre les adversaires d’alignement bon.
Transmute Mud to Rock or Rock to Mud.MOD	KEY:Transmute Mud to Rock or Rock to Mud	OUTPUTNAME:Transmutation de boie et pierre ou de pierre en boue	DESC:.CLEAR	DESC:Affecte (CASTERLEVEL*2) cubes de 3 m d’arête par niveau.
Invisibility (Self Only).MOD	KEY:Invisibility (Self Only)	OUTPUTNAME:Invisibilité (personnelle uniquement)	DESC:.CLEAR	DESC:Le lanceur de sort est invisible pendant (CASTERLEVEL) minutes ou jusqu'à ce qu'il attaque.
Polymorph (Self Only).MOD	KEY:Polymorph (Self Only)	OUTPUTNAME:Métamorphose (personnelle uniquement)	DESC:.CLEAR	DESC:Le lanceur de sort peut se transformer en n'importe quoi.

