# Authors : Ludovic Fierville, Philippe Aubé
SOURCELONG:Document de Référence du Système (version 3.5)	SOURCESHORT:DRS	SOURCEWEB:http://www.wizards.com/default.asp?x=d20/article/srd35

Acrobatic.MOD						OUTPUTNAME:Voltigeur								DESC:.CLEAR	DESC:Bonus de +2 sur les tests d'Acrobaties et de Saut.
Agile.MOD							OUTPUTNAME:Funambule								DESC:.CLEAR	DESC:Bonus de +2 sur les tests d'Equilibre et d'Evasion.
Alertness.MOD						OUTPUTNAME:Vigilance								DESC:.CLEAR	DESC:Bonus de +2 sur les tests de Détection et de Perception auditive.
Animal Affinity.MOD					OUTPUTNAME:Fraternité animale						DESC:.CLEAR	DESC:Bonus de +2 sur les tests de Dressage et d'Equitation.
Armor Proficiency (Heavy).MOD		OUTPUTNAME:Port des armures lourdes					DESC:.CLEAR	DESC:Annule le malus d'armure sur les jets d'attaque. Le malus ne s'applique plus qu'aux tests sur les compétences suivantes : Acrobaties, Déplacement silencieux, Discrétion, Equilibre, Escalade, Escamotage, Evasion et Saut .
Armor Proficiency (Light).MOD		OUTPUTNAME:Port des armures légères					DESC:.CLEAR	DESC:Annule le malus d'armure sur les jets d'attaque. Le malus ne s'applique plus qu'aux tests sur les compétences suivantes : Acrobaties, Déplacement silencieux, Discrétion, Equilibre, Escalade, Escamotage, Evasion et Saut .
Armor Proficiency (Medium).MOD		OUTPUTNAME:Port des armures intermédiaires			DESC:.CLEAR	DESC:Annule le malus d'armure sur les jets d'attaque. Le malus ne s'applique plus qu'aux tests sur les compétences suivantes : Acrobaties, Déplacement silencieux, Discrétion, Equilibre, Escalade, Escamotage, Evasion et Saut .
Athletic.MOD						OUTPUTNAME:Athlétisme								DESC:.CLEAR	DESC:Bonus de +2 sur les tests d'Escalade et de Natation.
Augment Summoning.MOD				OUTPUTNAME:Amélioration des créatures convoquées	DESC:.CLEAR	DESC:Les créatures convoquées ont +4 en For et en Con.
Blind Fight.MOD						OUTPUTNAME:Combat en aveugle						DESC:.CLEAR	DESC:Deux chances de passer un camouflage.
Brew Potion.MOD						OUTPUTNAME:Préparation de potions					DESC:.CLEAR	DESC:Permet de fabriquer des potions.
Cleave.MOD							OUTPUTNAME:Enchaînement								DESC:.CLEAR	DESC:Offre une attaque supplémentaire lorsqu'on abat un adversaire.
Combat Casting.MOD					OUTPUTNAME:Magie de guerre							DESC:.CLEAR	DESC:Bonus de =4 sur les tests de Concentration lors d'une incantation sur la défensive.
Combat Expertise.MOD				OUTPUTNAME:Expertise du combat						DESC:.CLEAR	DESC:Permet d'échanger un malus à l'attaque contre un bonus à la CA (5 points maximum).
Combat Reflexes.MOD					OUTPUTNAME:Attaques réflexes						DESC:.CLEAR	DESC:Permet de porter plus d'une attaque d'opportunité par round.
Craft Magic Arms and Armor.MOD		OUTPUTNAME:Création d'armes et armures magiques		DESC:.CLEAR	DESC:Permet de fabriquer des armes, des boucliers et des armures magiques.
Craft Rod.MOD						OUTPUTNAME:Création de sceptres magiques			DESC:.CLEAR	DESC:Permet de fabriquer des sceptres magiques.
Craft Staff.MOD						OUTPUTNAME:Création de bâtons magiques				DESC:.CLEAR	DESC:Permet de fabriquer des bâtons magiques.
Craft Wand.MOD						OUTPUTNAME:Création de baguettes magiques			DESC:.CLEAR	DESC:Permet de fabriquer des baguettes magiques.
Craft Wondrous Item.MOD				OUTPUTNAME:Création d'objets merveilleux			DESC:.CLEAR	DESC:Permet de fabriquer des objets merveilleux.
Deceitful.MOD						OUTPUTNAME:Fourberie								DESC:.CLEAR	DESC:Bonus de +2 sur les tests de Contrefaçon et de Déguisement.
Deflect Arrows.MOD					OUTPUTNAME:Parade de projectiles					DESC:.CLEAR	DESC:Permet de parer une attaque à distance par round.
Deft Hands.MOD						OUTPUTNAME:Doigts de fée							DESC:.CLEAR	DESC:Bonus de +2 sur les tests d'Escamotage et de Maîtrise des cordes.
Diehard.MOD							OUTPUTNAME:Dur à cuire								DESC:.CLEAR	DESC:Permet de rester conscient entre -1 et -9 pv.
Diligent.MOD						OUTPUTNAME:Méticuleux								DESC:.CLEAR	DESC:Bonus de +2 sur les tests de Décryptage et d'Estimation.
Dodge.MOD							OUTPUTNAME:Esquive									DESC:.CLEAR	DESC:Bonus d'esquive de +1 à la CA contre un seul adversaire.
Empower Spell.MOD					OUTPUTNAME:Extension d'effet						DESC:.CLEAR	DESC:Augmente les variables numériques et aléatoires du sort de 50%.
Endurance.MOD						OUTPUTNAME:Endurance								DESC:.CLEAR	DESC:Bonus de +4 sur certains tests et jets de sauvegarde.
Enlarge Spell.MOD					OUTPUTNAME:Extension de portée						DESC:.CLEAR	DESC:Double la portée du sort.
Eschew Materials.MOD				OUTPUTNAME:Dispense de composantes matérielles		DESC:.CLEAR	DESC:Permet de lancer des sorts sans composante matérielle.
Exotic Weapon Proficiency.MOD		OUTPUTNAME:Maîtrise d'une arme exotique				DESC:.CLEAR	DESC:Annule le malus à l'attaque pour l'arme exotique choisie.
Extend Spell.MOD					OUTPUTNAME:Extension de durée						DESC:.CLEAR	DESC:Double la durée du sort.
Extra Turning.MOD					OUTPUTNAME:Emprise sur les morts-vivants			DESC:.CLEAR	DESC:4 tentatives de renvoi ou d'intimidation de morts-vivants supplémentaires par jour.
Far Shot.MOD						OUTPUTNAME:Tir de loin								DESC:.CLEAR	DESC:Augmente le facteur de portée de 50% ou 100%.
Forge Ring.MOD						OUTPUTNAME:Création d'anneaux magiques				DESC:.CLEAR	DESC:Permet de fabriquer des anneaux magiques.
Great Cleave.MOD					OUTPUTNAME:Succession d'enchaînements				DESC:.CLEAR	DESC:Aucune limite au nombre d'enchaînements par round.
Great Fortitude.MOD					OUTPUTNAME:Vigueur surhumaine						DESC:.CLEAR	DESC:Bonus de +2 sur les jets de Vigueur.
Greater Spell Focus.MOD				OUTPUTNAME:Ecole supérieure							DESC:.CLEAR	DESC:Bonus de +1 au DD des jets de sauvegarde contre les sorts de l'école choisie.
Greater Spell Penetration.MOD		OUTPUTNAME:Efficacité des sorts supérieure			DESC:.CLEAR	DESC:Bonus de +2 sur les tests de niveau de lanceur de sorts pour passer une RM.
Greater Two Weapon Fighting.MOD		OUTPUTNAME:Maîtrise du combat à deux armes			DESC:.CLEAR	DESC:Permet une troisième attaque avec l'arme secondaire.
Greater Weapon Focus.MOD			OUTPUTNAME:Arme de prédilection supérieure			DESC:.CLEAR	DESC:Bonus de +1 sur les jets d'attaque avec l'arme choisie.
Greater Weapon Specialization.MOD	OUTPUTNAME:Spécialisation martiale supérieure		DESC:.CLEAR	DESC:Bonus de +2 sur les tests de dégâts effectués avec l'arme choisie.
Heighten Spell.MOD					OUTPUTNAME:Augmentation d'intensité					DESC:.CLEAR	DESC:Augmente le niveau effectif du sort.
Improved Bull Rush.MOD				OUTPUTNAME:Science de la bousculade					DESC:.CLEAR	DESC:Bonus de +4 sur les tentatives de bousculade ; pas d'attaque d'opportunité.
Improved Counterspell.MOD			OUTPUTNAME:Science du contresort					DESC:.CLEAR	DESC:Transforme tout sort de la même école en contresort.
Improved Critical.MOD				OUTPUTNAME:Science du critique						DESC:.CLEAR	DESC:Double la zone critique possible de l'arme.
Improved Disarm.MOD					OUTPUTNAME:Science du désarmement					DESC:.CLEAR	DESC:Bonus de +4 sur les tentatives de désarmement ; pas d'attaque d'opportunité.
Improved Familiar.MOD				OUTPUTNAME:Familier amélioré						DESC:.CLEAR	DESC:Permet aux lanceurs de sorts d'acquérir un familier provenant d'une liste particulière, mais uniquement lorsqu'ils peuvent normalement acquérir un nouveau familier.
Improved Feint.MOD					OUTPUTNAME:Science de la feinte						DESC:.CLEAR	DESC:Permet d'effectuer une feinte par une action de mouvement.
Improved Grapple.MOD				OUTPUTNAME:Science de la lutte						DESC:.CLEAR	DESC:Bonus de +4 sur les tests de lutte ; pas d'attaque d'opportunité.
Improved Initiative.MOD				OUTPUTNAME:Science de l'initiative					DESC:.CLEAR	DESC:Bonus de +4 sur les tests d'initiative.
Improved Overrun.MOD				OUTPUTNAME:Science du renversement					DESC:.CLEAR	DESC:Bonus de +4 sur les tentatives de renversement ; pas d'attaque d'opportunité.
Improved Precise Shot.MOD			OUTPUTNAME:Science du tir de précision				DESC:.CLEAR	DESC:Les attaques à distance ignorent tout abri ou camouflage s'il n'est pas total.
Improved Shield Bash.MOD			OUTPUTNAME:Science du coup de bouclier				DESC:.CLEAR	DESC:Un bouclier utilisé pour attaquer conserve son bonus à la CA.
Improved Sunder.MOD					OUTPUTNAME:Science de la destruction				DESC:.CLEAR	DESC:Bonus de +4 sur les tentatives de destruction ; pas d'attaque d'opportunité.
Improved Trip.MOD					OUTPUTNAME:Science du croc-en-jambe					DESC:.CLEAR	DESC:Bonus de +4 sur les tentatives de croc-en-jambe ; pas d'attaque d'opportunité.
Improved Turning.MOD				OUTPUTNAME:Science du renvoi						DESC:.CLEAR	DESC:Bonus de +1 au niveau pour le renvoi ou l'intimidation des morts-vivants.
Improved Two Weapon Fighting.MOD	OUTPUTNAME:Science du combat à deux armes			DESC:.CLEAR	DESC:Permet une deuxième attaque avec l'arme secondaire.
Improved Unarmed Strike.MOD			OUTPUTNAME:Science du combat à mains nues			DESC:.CLEAR	DESC:Permet d'être considéré armé même à mains nues.
Investigator.MOD					OUTPUTNAME:Fin limier								DESC:.CLEAR	DESC:Bonus de +2 sur les tests de Fouille et de Renseignements.
Iron Will.MOD						OUTPUTNAME:Volonté de fer							DESC:.CLEAR	DESC:Bonus de +2 sur les jets de Volonté.
Leadership.MOD						OUTPUTNAME:Prestige									DESC:.CLEAR	DESC:Attire des compagnons d'armes et des suivants.
Lightning Reflexes.MOD				OUTPUTNAME:Réflexes surhumains						DESC:.CLEAR	DESC:Bonus de +2 sur les jets de Réflexes.
Magical Aptitude.MOD				OUTPUTNAME:Affinité magique							DESC:.CLEAR	DESC:Bonus de +2 sur les tests d'Art de la magie et d'Utilisation d'objets magiques.
Manyshot.MOD						OUTPUTNAME:Feu nourri								DESC:.CLEAR	DESC:Permet de tirer deux flèches ou plus simultanément.
Martial Weapon Proficiency.MOD		OUTPUTNAME:Spécialisation martiale					DESC:.CLEAR	DESC:Bonus de +2 sur les jets de dégâts avec l'arme choisie.
Maximize Spell.MOD					OUTPUTNAME:Quintessence des sorts					DESC:.CLEAR	DESC:Maximise les variables numériques et aléatoires du sort.
Mobility.MOD						OUTPUTNAME:Souplesse du serpent						DESC:.CLEAR	DESC:Bonus d'esquive de +4 contre certaines attaques d'opportunité.
Mounted Archery.MOD					OUTPUTNAME:Tir monté								DESC:.CLEAR	DESC:Réduit de moitié les malus sur le tir monté.
Mounted Combat.MOD					OUTPUTNAME:Combat monté								DESC:.CLEAR	DESC:Permet d'annuler un coup sur sa monture grâce à un test d'Equitation.
Natural Spell.MOD					OUTPUTNAME:Incantation animale						DESC:.CLEAR	DESC:Permet de lancer des sorts sous forme animale.
Negotiator.MOD						OUTPUTNAME:Négociation								DESC:.CLEAR	DESC:Bonus de +2 sur les tests de Diplomatie et de Psychologie.
Nimble Fingers.MOD					OUTPUTNAME:Savoir-faire mécanique					DESC:.CLEAR	DESC:Bonus de +2 sur les tests de Crochetage et de Désarmorçage/sabotage.
Persuasive.MOD						OUTPUTNAME:Persuasion								DESC:.CLEAR	DESC:Bonus de +2 sur les tests de Bluff et d'Intimidation.
Point Blank Shot.MOD				OUTPUTNAME:Tir à bout portant						DESC:.CLEAR	DESC:Bonus de +1 sur les jets d'attaque à distance et de dégâts à 9 mètres ou moins.
Power Attack.MOD					OUTPUTNAME:Attaque en puissance						DESC:.CLEAR	DESC:Permet d'échanger un malus à l'attaque contre un bonus aux dégâts.
Precise Shot.MOD					OUTPUTNAME:Tir de précision							DESC:.CLEAR	DESC:Annule le malus de -4 lors d'un tir dans un corps-à-corps.
Quick Draw.MOD						OUTPUTNAME:Arme en main								DESC:.CLEAR	DESC:Dégainer une arme est une action libre.
Quicken Spell.MOD					OUTPUTNAME:Incantation rapide						DESC:.CLEAR	DESC:Lancer le sort est une action libre.
Rapid Reload.MOD					OUTPUTNAME:Rechargement rapide						DESC:.CLEAR	DESC:Recharger l'arbalète choisie est plus rapide.
Rapid Shot.MOD						OUTPUTNAME:Tir rapide								DESC:.CLEAR	DESC:Une attaque à distance supplémentaire par round.
Ride By Attack.MOD					OUTPUTNAME:Attaque au galop							DESC:.CLEAR	DESC:Permet de se déplacer avant et après une charge montée.
Run.MOD								OUTPUTNAME:Course									DESC:.CLEAR	DESC:Permet de courir à cinq fois sa vitesse de déplacement ; bonus de +4 sur les tests de Saut avec élan.
Scribe Scroll.MOD					OUTPUTNAME:Ecriture de parchemins					DESC:.CLEAR	DESC:Permet de fabriquer des parchemins.
Self Sufficient.MOD					OUTPUTNAME:Autonome									DESC:.CLEAR	DESC:Bonus de +2 sur les tests de Premiers secours et de Survie.
Shield Proficiency.MOD				OUTPUTNAME:Maniement des boucliers					DESC:.CLEAR	DESC:Annule le malus d'armure sur les jets d'attaque.
Shot on the Run.MOD					OUTPUTNAME:Tir en mouvement							DESC:.CLEAR	DESC:Permet de se déplacer avant et après une attaque à distance.
Silent Spell.MOD					OUTPUTNAME:Incantation silencieuse					DESC:.CLEAR	DESC:Permet de lancer le sort sans composante verbale.
Simple Weapon Proficiency.MOD		OUTPUTNAME:Maniement des armes courantes			DESC:.CLEAR	DESC:Annule le malus à l'attaque pour toutes les armes courantes.
Skill Focus.MOD						OUTPUTNAME:Talent									DESC:.CLEAR	DESC:Bonus de +3 sur les tests de la compétence choisie.
Snatch Arrows.MOD					OUTPUTNAME:Interception de projectiles				DESC:.CLEAR	DESC:Permet d'attraper les projectiles parés.
Spell Focus.MOD						OUTPUTNAME:Ecole renforcée							DESC:.CLEAR	DESC:Bonus de +1 au DD des jets de sauvegarde contre les sorts de l'école choisie.
Spell Mastery.MOD					OUTPUTNAME:Maîtrise des sorts						DESC:.CLEAR	DESC:Permet de préparer les sorts choisis sans grimoire.
Spell Penetration.MOD				OUTPUTNAME:Efficacité des sorts accrue				DESC:.CLEAR	DESC:Bonus de +2 sur les tests de niveau de lanceur de sort pour passer une RM.
Spirited Charge.MOD					OUTPUTNAME:Charge dévastatrice						DESC:.CLEAR	DESC:Double les dégâts d'une charge montée.
Spring Attack.MOD					OUTPUTNAME:Attaque éclair							DESC:.CLEAR	DESC:Permet de se déplacer avant et après une attaque au corps à corps.
Stealthy.MOD						OUTPUTNAME:Discret									DESC:.CLEAR	DESC:Bonus de +2 sur les tests de Déplacement silencieux et de Discrétion.
Still Spell.MOD						OUTPUTNAME:Incantation statique						DESC:.CLEAR	DESC:Permet de lancer le sort sans composante gestuelle.
Stunning Fist.MOD					OUTPUTNAME:Coup étourdissant						DESC:.CLEAR	DESC:Permet d'étourdir lors d'attaques à mains nues.
Toughness.MOD						OUTPUTNAME:Robustesse								DESC:.CLEAR	DESC:+3 points de vie.
Tower Shield Proficiency.MOD		OUTPUTNAME:Maniement du pavois						DESC:.CLEAR	DESC:Annule le malus d'armure sur les jets d'attaque.
Track.MOD							OUTPUTNAME:Pistage									DESC:.CLEAR	DESC:Permet d'utiliser Survie pour pister.
Trample.MOD							OUTPUTNAME:Piétinement								DESC:.CLEAR	DESC:Le défenseur ne peut choisir d'éviter un renversement.
Two Weapon Fighting.MOD				OUTPUTNAME:Combat à deux armes						DESC:.CLEAR	DESC:Réduit de 2 points les malus de combat à deux armes.
Two Weapon Defense.MOD				OUTPUTNAME:Défense à deux armes						DESC:.CLEAR	DESC:L'arme secondaire octroie un bonus de bouclier de +1 à la CA.
Weapon Finesse.MOD					OUTPUTNAME:Attaque en finesse						DESC:.CLEAR	DESC:Permet d'appliquer le bonus de Dex (plutôt que de For) sur les jets d'attaque de certaines armes.
Weapon Focus.MOD					OUTPUTNAME:Arme de prédilection						DESC:.CLEAR	DESC:Bonus de +1 sur les jets d'attaque avec l'arme choisie.
Weapon Specialization.MOD			OUTPUTNAME:Spécialisation martiale					DESC:.CLEAR	DESC:Bonus de +2 sur les jets de dégâts effectués avec l'arme choisie.
Whirlwind Attack.MOD				OUTPUTNAME:Attaque en rotation						DESC:.CLEAR	DESC:Permet une attaque au corps à corps contre tous les ennemis à portée.
Widen Spell.MOD						OUTPUTNAME:Extension de zone d'effet				DESC:.CLEAR	DESC:Double les dimensions de la zone d'effet du sort.
