# Authors : Pascal Bousquet
SOURCELONG:Base de référence 	SOURCESHORT:PFR	SOURCEWEB:http://www.pathfinder-fr.org/Wiki/Pathfinder-RPG.Glossaire%%20des%%20dons.ashx

CATEGORY=FEAT|Acrobatic steps.MOD					OUTPUTNAME:Déplacement acrobatique					DESC:.CLEAR					DESC:Ignorer 3 cases supplémentaires de terrain difficile par round																								BENEFIT:.CLEAR	BENEFIT:Quand le personnage se déplace, il peut franchir 4,50 m (3 cases) par round sur un terrain difficile comme s’il s’agissait d’un terrain ordinaire. Les effets de ce don s’ajoutent à ceux accordés par Aisance (don qui permet au personnage de se déplacer normalement sur 6 m (4 cases) par round en terrain difficile).
CATEGORY=FEAT|Acrobatics.MOD					OUTPUTNAME:Voltigeur					DESC:.CLEAR					DESC:+2 en Acrobaties et Vol (+4 si 10+ rangs).																																	BENEFIT:.CLEAR	BENEFIT:Le personnage obtient un bonus de +2 sur tous ses tests d’Acrobaties et de Vol. Si le personnage a 10 rangs ou plus dans l’une de ces compétences, le bonus de cette compétence passe à +4
CATEGORY=FEAT|Additional Traits.MOD					OUTPUTNAME:Traits supplémentaires					DESC:.CLEAR					DESC:Deux traits de plus																																		BENEFIT:.CLEAR	BENEFIT: Le personnage gagne 2 traits supplémentaires (choisis par le joueur). Ces traits doivent appartenir à deux listes différentes, toutes deux distinctes de celles dans lesquelles le personnage a déjà choisi un trait. Il doit remplir toutes les conditions d’accès à ces traits.
CATEGORY=FEAT|Agile Maneuvers.MOD					OUTPUTNAME:Manœuvres agiles					DESC:.CLEAR					DESC:Utiliser le bonus de Dextérité au lieu du bonus de Force pour le calcul du BMC																						BENEFIT:.CLEAR	BENEFIT:Le personnage ajoute son bonus de Dextérité à son bonus de base à l’attaque et à son bonus de taille quand il s’agit de déterminer son bonus de manœuvre offensive au lieu de son bonus de Force.
CATEGORY=FEAT|Alertness.MOD					OUTPUTNAME:Vigilance					DESC:.CLEAR					DESC:+2 Perception et Psychologie (+4 si 10+ rangs)																																	BENEFIT:.CLEAR	BENEFIT:Le personnage obtient un bonus de +2 sur tous ses tests de Perception et de Psychologie. Si le personnage a 10 rangs ou plus dans l’une de ces compétences, le bonus ajouté à cette compétence augmente de +4.
CATEGORY=FEAT|Alignment Channel.MOD					OUTPUTNAME:Canalisation alignée					DESC:.CLEAR					DESC:Permet d’affecter les Extérieurs d’un sous-type (alignement) donné																								BENEFIT:.CLEAR	BENEFIT:L’énergie canalisée par le personnage soigne ou blesse les extérieurs du sous-type choisi au lieu de fonctionner comme à l’accoutumée. Le personnage doit choisir s’il souhaite utiliser ce don ou non à chaque fois qu’il canalise de l’énergie. S’il choisit de soigner ou de blesser une créature de l’alignement en question, cette énergie n’aura aucun effet sur les autres créatures. La quantité de dégâts soignés ou infligés et le DD à battre pour réduire les dégâts de moitié ne changent pas.
CATEGORY=FEAT|Allied Spellcaster.MOD					OUTPUTNAME:Lanceur de sort allié					DESC:.CLEAR					DESC:Bonus de +2 aux tests de NLS pour percer la résistance à la magie																						BENEFIT:.CLEAR	BENEFIT:Chaque fois que le personnage est adjacent à un allié possédant ce même don, il reçoit un bonus de compétences de +2 aux tests de NLS effectués pour percer la résistance à la magie d’une cible. Si l’allié a préparé le même sort (ou s’il connaît ce sort et dispose d’un emplacement de sort adéquat pour le lancer spontanément), ce bonus passe à +4 et le personnage reçoit un bonus de +1 au NLS pour le calcul de toutes les variables qui en dépendent (comme la durée, la portée et l’effet).
CATEGORY=FEAT|Animal Affinity.MOD					OUTPUTNAME:Fraternité animale					DESC:.CLEAR					DESC:+2 en Dressage et Équitation (+4 si 10+ rangs)																													BENEFIT:.CLEAR	BENEFIT:Le personnage obtient un bonus de +2 sur tous ses tests de Dressage et d’Équitation. Si le personnage a 10 rangs ou plus dans l’une de ces compétences, le bonus ajouté à cette compétence augmente de +4.
CATEGORY=FEAT|Arcane Armor Mastery.MOD					OUTPUTNAME:Maîtrise de l’armure magique					DESC:.CLEAR					DESC:Réduire le pourcentage d’échec des sorts de 20%% pendant 1 round (en une action rapide)																BENEFIT:.CLEAR	BENEFIT:Par une action rapide, le personnage réduit les risques d’échec des sorts dus à l’armure de 20%% pour tout sort lancé au cours de ce round. Ce bonus remplace celui accordé par le Port de l’armure magique et ne se cumule pas avec lui.
CATEGORY=FEAT|Arcane Armor Training.MOD					OUTPUTNAME:Port de l’armure magique					DESC:.CLEAR					DESC:Réduire le pourcentage d’échec des sorts de 10%% pendant 1 round (en une action rapide)																	BENEFIT:.CLEAR	BENEFIT:Par une action rapide, le personnage réduit les risques d’échec des sorts dus à l’armure de 10%% pour tout sort lancé au cours de ce round.
CATEGORY=FEAT|Arcane Blast.MOD					OUTPUTNAME:Attaque magique					DESC:.CLEAR					DESC:Sacrifier un sort, gagner une attaque de rayon																															BENEFIT:.CLEAR	BENEFIT:Par une action simple, le personnage peut sacrifier un sort préparé (ou un emplacement de sort inutilisé) de niveau supérieur ou égal à 1 et le transformer en un rayon ciblant n’importe quel ennemi situé dans un rayon de 9 mètres (6 cases) et nécessitant une attaque de contact à distance. Cette attaque inflige 2d6 points de dégâts plus 1d6 points de dégâts par niveau du sort (ou de l’emplacement) sacrifié. Les sorts de niveau 0 ne peuvent pas être sacrifiés dans le cadre de ce don.
CATEGORY=FEAT|Arcane Shield.MOD					OUTPUTNAME:Bouclier magique					DESC:.CLEAR					DESC:Sacrifier un sort, gagner un bonus de parade à la CA																													BENEFIT:.CLEAR	BENEFIT:Par une action immédiate, le personnage peut sacrifier un sort préparé (ou un emplacement de sort inutilisé) de niveau supérieur ou égal à 1 afin d’obtenir un bonus de parade à la CA égal au niveau du sort (ou de l’emplacement) sacrifié pendant 1 round. Les sorts de niveau 0 ne peuvent pas être sacrifiés dans le cadre de ce don.
CATEGORY=FEAT|Arcane Strike.MOD					OUTPUTNAME:Frappe magique					DESC:.CLEAR					DESC:Peut rendre toutes ses armes magiques (+1 dégâts) pour 1 round en une action rapide																					BENEFIT:.CLEAR	BENEFIT:Par une action rapide, le personnage peut imprégner ses armes d’une partie de son pouvoir. Pendant un round, ses armes infligent +1 point de dégâts et sont considérées comme magiques quand il s’agit de vaincre la réduction de dégâts. Ce bonus augmente de +1 pour chaque tranche de cinq niveaux de lanceur de sorts, avec un maximum de +5 au niveau 20.
CATEGORY=FEAT|Arcane Talent.MOD					OUTPUTNAME:Talent magique					DESC:.CLEAR					DESC:Lancer un sort de niveau 0 3/jour comme un pouvoir magique																												BENEFIT:.CLEAR	BENEFIT:Choisissez un sort de niveau 0 appartenant à la liste des ensorceleurs/magiciens. Le personnage peut lancer ce sort trois fois par jour en tant que pouvoir magique avec un NLS égal à son niveau de personnage. Le DD du jet de sauvegarde vaut 10 + le modificateur de Charisme du personnage.
CATEGORY=FEAT|Armor Proficiency, Heavy.MOD					OUTPUTNAME:Port des armures lourdes					DESC:.CLEAR					DESC:Le personnage peut porter les armures lourdes sans subir de pénalités aux jets d’attaque et à toutes les compétences.								BENEFIT:.CLEAR	BENEFIT:Lorsqu’un personnage est formé au port d’une armure, le malus d’armure aux tests associés à celle-ci s’applique uniquement aux tests basés sur la Dextérité et la Force.
CATEGORY=FEAT|Armor Proficiency, Light.MOD					OUTPUTNAME:Port des armures légères					DESC:.CLEAR					DESC:Le personnage peut porter les armures légères sans subir de pénalités aux jets d’attaque et à toutes les compétences.								BENEFIT:.CLEAR	BENEFIT:Lorsqu’un personnage est formé au port d’une armure, le malus d’armure aux tests associés à celle-ci s’applique uniquement aux tests basés sur la Dextérité et la Force.
CATEGORY=FEAT|Armor Proficiency, Medium.MOD					OUTPUTNAME:Port des armures intermédiaires					DESC:.CLEAR					DESC:Le personnage peut porter les armures intermédiaires sans subir de pénalités aux jets d’attaque et à toutes les compétences.				BENEFIT:.CLEAR	BENEFIT:Lorsqu’un personnage est formé au port d’une armure, le malus d’armure aux tests associés à celle-ci s’applique uniquement aux tests basés sur la Dextérité et la Force.
CATEGORY=FEAT|Aspect of the Beast.MOD					OUTPUTNAME:Aspect bestial					DESC:.CLEAR					DESC:Gagner un avantage bestial parmi 4 options
CATEGORY=FEAT|Athletic.MOD					OUTPUTNAME:Athlétisme					DESC:.CLEAR					DESC:+2 en Escalade et Natation (+4 si 10+ rangs)
CATEGORY=FEAT|Augment Summoning.MOD					OUTPUTNAME:Amélioration des créatures convoquées					DESC:.CLEAR					DESC:+4 For et +4 Con aux créatures convoquées
CATEGORY=FEAT|Bashing Finish.MOD					OUTPUTNAME:Coup de bouclier opportuniste					DESC:.CLEAR					DESC:Attaque de bouclier gratuite après un critique
CATEGORY=FEAT|Bleeding Critical.MOD					OUTPUTNAME:Critique sanglant					DESC:.CLEAR					DESC:Les coups critiques par arme tranchante ou perçante infligent un saignement de 2d6 points de dégâts (cumulatifs, au tour de la victime, guérison DD 15)
CATEGORY=FEAT|Blind Fight.MOD					OUTPUTNAME:Combat en aveugle					DESC:.CLEAR					DESC:Permet de relancer le dé de chance d’échec dû au camouflage
CATEGORY=FEAT|Blinding Critical.MOD					OUTPUTNAME:Critique aveuglant					DESC:.CLEAR					DESC:Les coups critiques peuvent aveugler la cible de manière permanente (ébloui 1d4 rounds en cas de JdS de Vigueur DD 10 + BBA réussi).
CATEGORY=FEAT|Bloody Assault.MOD					OUTPUTNAME:Assaut sanglant					DESC:.CLEAR					DESC:Sacrifier du bonus d'attaque, ajouter du saignement au corps à corps
CATEGORY=FEAT|Bodyguard.MOD					OUTPUTNAME:Garde du corps					DESC:.CLEAR					DESC:Utiliser une attaque d'opportunité pour augmenter la CA d'un allié adjacent
CATEGORY=FEAT|Bouncing Spell.MOD					OUTPUTNAME:Sort à rebonds					DESC:.CLEAR					DESC:Redirige un sort qui n'a pas d'effet sur la première cible
CATEGORY=FEAT|Breadth of Experience.MOD					OUTPUTNAME:Expériences variées					DESC:.CLEAR					DESC:+2 sur tous les tests de Connaissances et de Profession
CATEGORY=FEAT|Brew Potion.MOD					OUTPUTNAME:Préparation de potions					DESC:.CLEAR					DESC:Permet de créer des potions magiques
CATEGORY=FEAT|Bull Rush Strike.MOD					OUTPUTNAME:Coup déséquilibrant					DESC:.CLEAR					DESC:Tenter un croc-en-jambe en cas de critique
CATEGORY=FEAT|Catch Off-Guard.MOD					OUTPUTNAME:Surprise					DESC:.CLEAR					DESC:Pas de pénalité en attaquant au corps à corps avec une arme improvisée
CATEGORY=FEAT|Channel Smite.MOD					OUTPUTNAME:Châtiment canalisé					DESC:.CLEAR					DESC:Permet de réaliser une canalisation au travers d’une attaque au corps à corps
CATEGORY=FEAT|Charge Through.MOD					OUTPUTNAME:Charge renversante					DESC:.CLEAR					DESC:Renversement par une action libre au cours d'une charge
CATEGORY=FEAT|Childlike.MOD					OUTPUTNAME:Apparence enfantine					DESC:.CLEAR					DESC:+2 en Déguisement pour se faire passer pour un humain, faire 10 pour Bluff
CATEGORY=FEAT|Cleave.MOD					OUTPUTNAME:Enchaînement					DESC:.CLEAR					DESC:Coup spécial (action simple) pour porter une attaque au corps-à-corps contre un adversaire et, si elle touche, une autre attaque contre une autre cible adjacente
CATEGORY=FEAT|Cloud Step.MOD					OUTPUTNAME:Marche sur les nuages					DESC:.CLEAR					DESC:Marcher dans les airs sur la moitié de la distance de chute ralentie
CATEGORY=FEAT|Cockatrice Strike.MOD					OUTPUTNAME:Coup de la cockatrice					DESC:.CLEAR					DESC:Pétrifier une cible après un critique
CATEGORY=FEAT|Combat Casting.MOD					OUTPUTNAME:Magie de guerre					DESC:.CLEAR					DESC:+4 aux tests de concentration pour incanter sur la défensive
CATEGORY=FEAT|Combat Expertise.MOD					OUTPUTNAME:Expertise du combat					DESC:.CLEAR					DESC:-1 aux attaques de corps à corps et au BMC contre +1 (esquive) à la CA (augmenté toutes les tranches de 4 points de BBA)
CATEGORY=FEAT|Combat Patrol.MOD					OUTPUTNAME:Patrouille en combat					DESC:.CLEAR					DESC:Augmente la zone contrôlée pour les attaques d'opportunité
CATEGORY=FEAT|Combat Reflex.MOD					OUTPUTNAME:Attaques réflexes					DESC:.CLEAR					DESC:Nombre maximal d’attaques d’opportunité par round augmenté du bonus de Dextérité
CATEGORY=FEAT|Command Undead.MOD					OUTPUTNAME:Contrôle des morts-vivants					DESC:.CLEAR					DESC:Permet de contrôler les morts-vivants affectés
CATEGORY=FEAT|Cooperative Crafting.MOD					OUTPUTNAME:Artisanat de groupe					DESC:.CLEAR					DESC:+2 en Artisanat ou Art de la magie pour les travaux en groupe
CATEGORY=FEAT|Coordinated Defense.MOD					OUTPUTNAME:Défenses coordonnées					DESC:.CLEAR					DESC:Bonus de +2 au DMD
CATEGORY=FEAT|Coordinated Maneuvers.MOD					OUTPUTNAME:Manœuvres coordonnées					DESC:.CLEAR					DESC:Bonus de +2 aux tests de manoeuvres de combat.
CATEGORY=FEAT|Cosmopolitan.MOD					OUTPUTNAME:Cosmopolite					DESC:.CLEAR					DESC:Lire et parler 2 langues de plus
CATEGORY=FEAT|Covering Defense.MOD					OUTPUTNAME:Bouclier protecteur					DESC:.CLEAR					DESC:En défense totale, fournir un abri à un allié
CATEGORY=FEAT|Craft Magic Arms & Armor.MOD					OUTPUTNAME:Création d'armes et armures magiques					DESC:.CLEAR					DESC:Permet de créer des armes et des armures magiques
CATEGORY=FEAT|Craft Rod.MOD					OUTPUTNAME:Création de sceptres magiques					DESC:.CLEAR					DESC:Permet de créer des sceptres magiques
CATEGORY=FEAT|Craft Wand.MOD					OUTPUTNAME:Création de baguettes magiques					DESC:.CLEAR					DESC:Permet de créer des baguettes magiques
CATEGORY=FEAT|Craft Wondrous Item.MOD					OUTPUTNAME:Création d’objets merveilleux					DESC:.CLEAR					DESC:Permet de créer des objets merveilleux
CATEGORY=FEAT|Crippling Critical.MOD					OUTPUTNAME:Critique handicapant					DESC:.CLEAR					DESC:Les critiques divisent la vitesse de la cible par deux
CATEGORY=FEAT|Critical Focus.MOD					OUTPUTNAME:Don pour les critiques					DESC:.CLEAR					DESC:+4 (circonstances) pour confirmer les critiques
CATEGORY=FEAT|Critical Mastery.MOD					OUTPUTNAME:Maîtrise du critique					DESC:.CLEAR					DESC:Appliquer 2 dons de critique au lieu d’un seul
CATEGORY=FEAT|Crossbow Mastery.MOD					OUTPUTNAME:Maîtrise des arbalètes					DESC:.CLEAR					DESC:Recharger une arbalète par une action libre, permet les attaques à outrance
CATEGORY=FEAT|Dastardly Finish.MOD					OUTPUTNAME:Coup odieux					DESC:.CLEAR					DESC:Délivrer un coup de grâce à une cible recroquevillée ou étourdie
CATEGORY=FEAT|Dazing Assault.MOD					OUTPUTNAME:Assaut hébétant					DESC:.CLEAR					DESC:Sacrifier du bonus d'attaque, hébéter les cibles au corps à corps
CATEGORY=FEAT|Dazing Spell.MOD					OUTPUTNAME:Sort hébétant					DESC:.CLEAR					DESC:Hébète les créatures blessées
CATEGORY=FEAT|Dazzling Display.MOD					OUTPUTNAME:Démonstration					DESC:.CLEAR					DESC:En tenant l’arme choisie en main, intimider (démoraliser) tous les ennemis à 6 cases en une action complexe
CATEGORY=FEAT|Deadly Aim.MOD					OUTPUTNAME:Viser					DESC:.CLEAR					DESC:-1 attaque, +2 dégâts (augmente toutes les tranches de 4 points dans le BBA)
CATEGORY=FEAT|Deadly Stroke.MOD					OUTPUTNAME:Frappe mortelle					DESC:.CLEAR					DESC:En une action simple, attaquer une créature étourdie ou prise au dépourvu pour des dégâts doublés et un saignement d’1 point de Constitution
CATEGORY=FEAT|Deafening Critical.MOD					OUTPUTNAME:Critique assourdissant					DESC:.CLEAR					DESC:Les coups critiques par arme peuvent assourdir la cible de manière permanente (1 round en cas de JdS de Vigueur DD 10 + BBA réussi).
CATEGORY=FEAT|Deceitful.MOD					OUTPUTNAME:Fourberie					DESC:.CLEAR					DESC:+2 en Bluff et Déguisement (+4 si 10+ rangs)
CATEGORY=FEAT|Deep Drinker.MOD					OUTPUTNAME:Gros buveur					DESC:.CLEAR					DESC:Gagne 2 points temporaires de ki grâce au ki alcoolisé
CATEGORY=FEAT|Deepsight.MOD					OUTPUTNAME:Vision affûtée					DESC:.CLEAR					DESC:Étendre la portée de la vision dans le noir à 36 m
CATEGORY=FEAT|Defensive Combat Training.MOD					OUTPUTNAME:Maîtrise du combat défensif					DESC:.CLEAR					DESC:Permet d’utiliser le nombre de DV au lieu du BBA pour calculer le DMC
CATEGORY=FEAT|Deflect Arrow.MOD					OUTPUTNAME:Parade de projectiles					DESC:.CLEAR					DESC:Le personnage peut parer un projectile par round à condition d’avoir une main libre.
CATEGORY=FEAT|Deft Hands.MOD					OUTPUTNAME:Doigts de fée					DESC:.CLEAR					DESC:+2 Désamorçage & Escamotage (+4 si 10 rangs)
CATEGORY=FEAT|Diehard.MOD					OUTPUTNAME:Dur à cuire					DESC:.CLEAR					DESC:Permet de se stabiliser automatiquement et d’agir lorsque les pv passent sous zéro
CATEGORY=FEAT|Disarming Strike.MOD					OUTPUTNAME:Coup désarmant					DESC:.CLEAR					DESC:Tenter un désarmement en cas de critique
CATEGORY=FEAT|Disrupting Shot.MOD					OUTPUTNAME:Tir perturbateur					DESC:.CLEAR					DESC:Les attaques à distance augmentent le DD des ennemis
CATEGORY=FEAT|Disruptive Spell.MOD					OUTPUTNAME:Sort perturbateur					DESC:.CLEAR					DESC:La cible du sort doit réussir un test de Concentration pour incanter au cours du round suivant
CATEGORY=FEAT|Disruptive.MOD					OUTPUTNAME:Perturbateur					DESC:.CLEAR					DESC:Augmente de +4 le DD pour incanter sur la défensive au contact du personnage
CATEGORY=FEAT|Diviner's Delving.MOD					OUTPUTNAME:Art du devin					DESC:.CLEAR					DESC:+2 aux tests de NLS avec les divinations
CATEGORY=FEAT|Dodge.MOD					OUTPUTNAME:Esquive					DESC:.CLEAR					DESC:+1 (esquive) à la CA
CATEGORY=FEAT|Double Slice.MOD					OUTPUTNAME:Double frappe					DESC:.CLEAR					DESC:Bonus de Force entier aux dégâts de l’arme secondaire.
CATEGORY=FEAT|Dreadful Carnage.MOD					OUTPUTNAME:Carnage effroyable					DESC:.CLEAR					DESC:Test d'Intimidation gratuit en mettant un adversaire au sol
CATEGORY=FEAT|Duck and Cover.MOD					OUTPUTNAME:À l'abri					DESC:.CLEAR					DESC:Utiliser le résultat d'un allié pour son propre JS.
CATEGORY=FEAT|Eagle Eyes.MOD					OUTPUTNAME:Yeux de lynx					DESC:.CLEAR					DESC:Ignorer jusqu'à -5 de pénalité aux tests de Perception visuelle
CATEGORY=FEAT|Eclectic.MOD					OUTPUTNAME:Éclectisme					DESC:.CLEAR					DESC:Gagne une classe de prédilection de plus
CATEGORY=FEAT|Ectoplasmic Spell.MOD					OUTPUTNAME:Sort ectoplasmique					DESC:.CLEAR					DESC:Les créatures intangibles ou éthérées subissent les pleins effets du sort.
CATEGORY=FEAT|Eldritch Claws.MOD					OUTPUTNAME:Griffes magiques					DESC:.CLEAR					DESC:Armes naturelles traitées comme des armes magiques et en argent
CATEGORY=FEAT|Elemental Channel.MOD					OUTPUTNAME:Canalisation élémentaire					DESC:.CLEAR					DESC:Permet d’affecter les Extérieurs d’un sous-type (élémentaire) donné
CATEGORY=FEAT|Elemental Fist.MOD					OUTPUTNAME:Poing élémentaire					DESC:.CLEAR					DESC:Infliger 1d6 points de dégâts d'énergie avec un coup à mains nues
CATEGORY=FEAT|Elemental Focus.MOD					OUTPUTNAME:Élément renforcé					DESC:.CLEAR					DESC:+1 aux DD des JS pour un type d'énergie
CATEGORY=FEAT|Elemental Spell.MOD					OUTPUTNAME:Sort élémentaire					DESC:.CLEAR					DESC:Inflige des dégâts élémentaires au lieu des dégâts normaux du sort
CATEGORY=FEAT|Elven Accuracy.MOD					OUTPUTNAME:Précision elfique					DESC:.CLEAR					DESC:Relancer le pourcentage d'échec à l'arc dû au camouflage
CATEGORY=FEAT|Empower Spell.MOD					OUTPUTNAME:Extension d’effet					DESC:.CLEAR					DESC:+50%% aux variables du sort (+2 niveaux)
CATEGORY=FEAT|Endurance.MOD					OUTPUTNAME:Endurance					DESC:.CLEAR					DESC:+4 aux tests de Vigueur pour résister à certains effets et permet de dormir en armure légère ou intermédiaire
CATEGORY=FEAT|Enforcer.MOD					OUTPUTNAME:Homme de main					DESC:.CLEAR					DESC:Démoraliser un ennemi par une action libre en infligeant des dégâts non létaux
CATEGORY=FEAT|Enlarge Spell.MOD					OUTPUTNAME:Extension de portée					DESC:.CLEAR					DESC:Double la portée du sort (Emplacement de +1 niveau du sort)
CATEGORY=FEAT|Eschew Materials.MOD					OUTPUTNAME:Dispense de composantes matérielles					DESC:.CLEAR					DESC:Permet de se passer des composantes de sorts d’une valeur de 1 po ou moins
CATEGORY=FEAT|Exhausting Critical.MOD					OUTPUTNAME:Critique épuisant					DESC:.CLEAR					DESC:Les coups critiques du personnage rendent la cible épuisée.
CATEGORY=FEAT|Exotic Weapon Proficiency.MOD					OUTPUTNAME:Maniement d’une arme exotique					DESC:.CLEAR					DESC:Maniement d’une arme exotique au choix
CATEGORY=FEAT|Expanded Arcana.MOD					OUTPUTNAME:Connaissances magiques étendues					DESC:.CLEAR					DESC:Ajouter un ou deux sorts à la liste des sorts connus
CATEGORY=FEAT|Extend Spell.MOD					OUTPUTNAME:Extension de durée					DESC:.CLEAR					DESC:Double la durée d’un sort (+1 niveau)
CATEGORY=FEAT|Extra Bombs.MOD					OUTPUTNAME:Bombes supplémentaires					DESC:.CLEAR					DESC:Lancer deux bombes de plus par jour
CATEGORY=FEAT|Extra Channel.MOD					OUTPUTNAME:Canalisation supplémentaire					DESC:.CLEAR					DESC:+2 canalisations par jour
CATEGORY=FEAT|Extra Discovery.MOD					OUTPUTNAME:Découverte supplémentaire					DESC:.CLEAR					DESC:Gagne une découverte de plus
CATEGORY=FEAT|Extra Hex.MOD					OUTPUTNAME:Maléfice supplémentaire					DESC:.CLEAR					DESC:Gagne un maléfice de plus
CATEGORY=FEAT|Extra ki.MOD					OUTPUTNAME:Ki supplémentaire					DESC:.CLEAR					DESC:+2 points de ki
CATEGORY=FEAT|Extra Lay on Hands.MOD					OUTPUTNAME:Imposition des mains supplémentaire					DESC:.CLEAR					DESC:+2 impositions des mains par jour
CATEGORY=FEAT|Extra Mercy.MOD					OUTPUTNAME:Grâce supplémentaire					DESC:.CLEAR					DESC:Permet d’ajouter une grâce aux impositions
CATEGORY=FEAT|Extra Performance.MOD					OUTPUTNAME:Représentation supplémentaire					DESC:.CLEAR					DESC:+6 rounds de représentation par jour
CATEGORY=FEAT|Extra Rage Power.MOD					OUTPUTNAME:Pouvoir de rage supplémentaire					DESC:.CLEAR					DESC:Gagne un pouvoir de rage de plus
CATEGORY=FEAT|Extra Rage.MOD					OUTPUTNAME:Rage supplémentaire					DESC:.CLEAR					DESC:+6 rounds de rage par jour
CATEGORY=FEAT|Extra Revelation.MOD					OUTPUTNAME:Révélation supplémentaire					DESC:.CLEAR					DESC:Gagne une révélation de plus
CATEGORY=FEAT|Extra Rogue Talent.MOD					OUTPUTNAME:Talent supplémentaire					DESC:.CLEAR					DESC:Gagne un talent de roublard de plus
CATEGORY=FEAT|Far Shot.MOD					OUTPUTNAME:Tir de loin					DESC:.CLEAR					DESC:Pénalité de distance réduite à -1 par facteur de portée
CATEGORY=FEAT|Fast Drinker.MOD					OUTPUTNAME:Cul sec					DESC:.CLEAR					DESC:Boire par une action rapide
CATEGORY=FEAT|Fast Healer.MOD					OUTPUTNAME:Guérison rapide					DESC:.CLEAR					DESC:Regagne des points supplémentaires lors des guérisons
CATEGORY=FEAT|Favored Defense.MOD					OUTPUTNAME:Protection contre un ennemi juré					DESC:.CLEAR					DESC:Bonus au DMD et à la CA contre les attaques d'un ennemi juré
CATEGORY=FEAT|Fight On.MOD					OUTPUTNAME:Combattre au-delà de la mort					DESC:.CLEAR					DESC:Gagner des points de vie temporaires une fois réduit à 0 point de vie
CATEGORY=FEAT|Fleet.MOD					OUTPUTNAME:Rapide					DESC:.CLEAR					DESC:Vitesse de déplacement de base augmenté de +1 case (uniquement sans charge et en armure légère au plus)
CATEGORY=FEAT|Focused Shot.MOD					OUTPUTNAME:Tir avec concentration					DESC:.CLEAR					DESC:Ajouter le modificateur d'Intelligence aux dégâts avec les arcs et arbalètes
CATEGORY=FEAT|Focused Spell.MOD					OUTPUTNAME:Sort concentré					DESC:.CLEAR					DESC:Augmente le DD des JS d'une des cibles du sort
CATEGORY=FEAT|Following Step.MOD					OUTPUTNAME:Poursuite					DESC:.CLEAR					DESC:Se déplacer d'au plus 3 m par une action immédiate
CATEGORY=FEAT|Forge Ring.MOD					OUTPUTNAME:Création d’anneaux magiques					DESC:.CLEAR					DESC:Permet de créer des anneaux magiques
CATEGORY=FEAT|Furious Focus.MOD					OUTPUTNAME:Concentration malgré la fureur					DESC:.CLEAR					DESC:Supprime la pénalité d'Attaque en puissance lors de la première attaque
CATEGORY=FEAT|Gang Up.MOD					OUTPUTNAME:Attaque en groupe					DESC:.CLEAR					DESC:Adversaire pris en tenaille si au moins 2 alliés lui sont adjacents
CATEGORY=FEAT|Gnome Trickster.MOD					OUTPUTNAME:Prestidigitateur gnome					DESC:.CLEAR					DESC:Utiliser manipulation à distance et prestidigitation 1/jour
CATEGORY=FEAT|Go Unnoticed.MOD					OUTPUTNAME:Inaperçu					DESC:.CLEAR					DESC:Faire des tests de Discrétion contre les adversaires pris au dépourvu lors du premier round de combat
CATEGORY=FEAT|Gorgon’s Fist.MOD					OUTPUTNAME:Poing de la gorgone					DESC:.CLEAR					DESC:Coup spécial à mains nues (action simple) qui inflige des dégâts normalement et peut (JdS Vigueur) rendre chancelante une cible dont la vitesse a été réduite.
CATEGORY=FEAT|Great Fortitude.MOD					OUTPUTNAME:Vigueur surhumaine					DESC:.CLEAR					DESC:+2 aux jets de Vigueur
CATEGORY=FEAT|Greater Blind-Fight.MOD					OUTPUTNAME:Maîtrise du combat en aveugle					DESC:.CLEAR					DESC:Traiter le camouflage total comme un camouflage partiel
CATEGORY=FEAT|Greater Bull Rush.MOD					OUTPUTNAME:Bousculade supérieure					DESC:.CLEAR					DESC:+2 au test et le mouvement de la victime provoque des attaques d’opportunité
CATEGORY=FEAT|Greater Cleave.MOD					OUTPUTNAME:Succession d’enchaînements					DESC:.CLEAR					DESC:Comme Enchaînement mais sans limite sur le nombre de cibles adjacentes touchées
CATEGORY=FEAT|Greater Dirty Trick.MOD					OUTPUTNAME:Sale coup supérieur					DESC:.CLEAR					DESC:La pénalité des sales coups durent 1d4 rounds
CATEGORY=FEAT|Greater Disarm.MOD					OUTPUTNAME:Désarmement supérieur					DESC:.CLEAR					DESC:+2 au test, l’arme désarmée tombe 3 cases plus loin
CATEGORY=FEAT|Greater Drag.MOD					OUTPUTNAME:Entraînement supérieur					DESC:.CLEAR					DESC:Les ennemis entraînés provoquent des attaques d'opportunité
CATEGORY=FEAT|Greater Elemental Focus.MOD					OUTPUTNAME:Élément supérieur					DESC:.CLEAR					DESC:+1 aux DD des JS pour un type d'énergie
CATEGORY=FEAT|Greater Feint.MOD					OUTPUTNAME:Feinte supérieure					DESC:.CLEAR					DESC:Bonus de Dextérité perdu par la victime jusqu’au début du prochain tour du personnag
CATEGORY=FEAT|Greater Grapple.MOD					OUTPUTNAME:Lutte supérieure					DESC:.CLEAR					DESC:Maintenir une prise ne prend qu’une action de mouvement, ce qui permet au personnage de faire deux jets de lutte par round s’il le désire.
CATEGORY=FEAT|Greater Overrun.MOD					OUTPUTNAME:Renversement supérieur					DESC:.CLEAR					DESC:+2 au test et la victime provoque une attaque d’opportunité si elle tombe
CATEGORY=FEAT|Greater Penetrating Strike.MOD					OUTPUTNAME:Attaque puissante supérieure					DESC:.CLEAR					DESC:Les attaques avec l’arme choisie ignorent 10 points de RD typée ou 5 points de RD non-typée.
CATEGORY=FEAT|Greater Reposition.MOD					OUTPUTNAME:Repositionnement supérieur					DESC:.CLEAR					DESC:Les ennemis repositionnés provoquent des attaques d'opportunité
CATEGORY=FEAT|Greater Shield Focus.MOD					OUTPUTNAME:Art du bouclier supérieur					DESC:.CLEAR					DESC:Bonus des boucliers à la CA augmenté de +1 (cumulatif)
CATEGORY=FEAT|Greater Shield Specialization.MOD					OUTPUTNAME:Spécialisation supérieure aux boucliers					DESC:.CLEAR					DESC:Bonus de +2 à la CA contre les critiques et annuler un critique 1/jour
CATEGORY=FEAT|Greater Spell Focus.MOD					OUTPUTNAME:École supérieure					DESC:.CLEAR					DESC:+1 aux DD des sorts d’une école choisie
CATEGORY=FEAT|Greater Spell Penetration.MOD					OUTPUTNAME:Efficacité des sorts accrue supérieure					DESC:.CLEAR					DESC:encore +2 aux tests de NLS pour percer une RM
CATEGORY=FEAT|Greater Steal.MOD					OUTPUTNAME:Subtilisation supérieure					DESC:.CLEAR					DESC:Les ennemis ne remarquent pas la subtilisation avant la fin du combat
CATEGORY=FEAT|Greater Sunder.MOD					OUTPUTNAME:Destruction d’arme supérieure					DESC:.CLEAR					DESC:+2 au test et les dégâts excédentaires sont appliqués au porteur de la cible
CATEGORY=FEAT|Greater Trip.MOD					OUTPUTNAME:Croc-en-jambe supérieur					DESC:.CLEAR					DESC:+2 au test et la chute de la victime du croc-en-jambe provoque des attaques d’opportunité
CATEGORY=FEAT|Greater Two-Weapon Fighting.MOD					OUTPUTNAME:Combat à deux armes supérieur					DESC:.CLEAR					DESC:Troisième attaque secondaire à -10
CATEGORY=FEAT|Greater Vital Strike.MOD					OUTPUTNAME:Frappe décisive supérieure					DESC:.CLEAR					DESC:Coup spécial (action simple) en lançant les dégâts de base 4 fois
CATEGORY=FEAT|Greater Weapon Focus.MOD					OUTPUTNAME:Arme de prédilection supérieure					DESC:.CLEAR					DESC:+1 à l’attaque avec l’arme choisie
CATEGORY=FEAT|Greater Weapon Specialization.MOD					OUTPUTNAME:Spécialisation martiale supérieure					DESC:.CLEAR					DESC:+2 aux dégâts avec l’arme choisie
CATEGORY=FEAT|Groundling.MOD					OUTPUTNAME:Proche de la terre					DESC:.CLEAR					DESC:Pouvoir magique permettant de parler avec les animaux fouisseurs
CATEGORY=FEAT|Heighten Spell.MOD					OUTPUTNAME:Augmentation d’intensité					DESC:.CLEAR					DESC:Permet d’élever le niveau d’un sort
CATEGORY=FEAT|Heroic Defiance.MOD					OUTPUTNAME:Résistance héroïque					DESC:.CLEAR					DESC:Une fois par jour, reporter l'effet d'états préjudiciables d'un round
CATEGORY=FEAT|Heroic Recovery.MOD					OUTPUTNAME:Récupération héroïque					DESC:.CLEAR					DESC:Une fois par jour, permet un nouveau jet de Vigueur contre un état préjudiciable
CATEGORY=FEAT|Improved Blind-Fight.MOD					OUTPUTNAME:Science du combat en aveugle					DESC:.CLEAR					DESC:Ignorer le pourcentage d'échec pour les camouflages non totaux
CATEGORY=FEAT|Improved Bull Rush.MOD					OUTPUTNAME:Science de la bousculade					DESC:.CLEAR					DESC:+2 au test, pas d’attaque d’opportunité, +2 au DMC contre la bousculade
CATEGORY=FEAT|Improved Channel.MOD					OUTPUTNAME:Science de la canalisation					DESC:.CLEAR					DESC:+2 au DD des canalisations d’énergie
CATEGORY=FEAT|Improved Counterspell.MOD					OUTPUTNAME:Science du contresort					DESC:.CLEAR					DESC:Permet de contrer un sort avec un sort de la même école et d’un niveau supérieur
CATEGORY=FEAT|Improved Critical.MOD					OUTPUTNAME:Science du critique					DESC:.CLEAR					DESC:La zone de critique d’un type d’armes choisi est doublée pour le personnage.
CATEGORY=FEAT|Improved Dirty Trick.MOD					OUTPUTNAME:Science du sale coup					DESC:.CLEAR					DESC:+2 aux tentatives de sale coup, pas d'attaque d'opportunité
CATEGORY=FEAT|Improved Disarm.MOD					OUTPUTNAME:Science du désarmement					DESC:.CLEAR					DESC:+2 au test, pas d’attaque d’opportunité, +2 au BMC contre le désarmement
CATEGORY=FEAT|Improved Drag.MOD					OUTPUTNAME:Science de l'entraînement					DESC:.CLEAR					DESC:+2 aux tentatives d'entraînement, pas d'attaque d'opportunité
CATEGORY=FEAT|Improved Familiar.MOD					OUTPUTNAME:Familier supérieur					DESC:.CLEAR					DESC:Permet de convoquer un familier plus puissant
CATEGORY=FEAT|Improved Feint.MOD					OUTPUTNAME:Science de la feinte					DESC:.CLEAR					DESC:Faire une feinte en une action de mouvement
CATEGORY=FEAT|Improved Grapple.MOD					OUTPUTNAME:Science de la lutte					DESC:.CLEAR					DESC:+2 au test de lutte, pas d’attaque d’opportunité et +2 au DMC pour résister à une lutte
CATEGORY=FEAT|Improved Greater Fortitude.MOD					OUTPUTNAME:Science de la vigueur surhumaine					DESC:.CLEAR					DESC:Permet de relancer un jet de Vigueur par jour
CATEGORY=FEAT|Improved Initiative.MOD					OUTPUTNAME:Science de l’initiative					DESC:.CLEAR					DESC:+4 à l’Initiative
CATEGORY=FEAT|Improved Iron Will.MOD					OUTPUTNAME:Science de la volonté de fer					DESC:.CLEAR					DESC:Permet de relancer un jet de Volonté par jour
CATEGORY=FEAT|Improved Ki Throw.MOD					OUTPUTNAME:Science du lancer ki					DESC:.CLEAR					DESC:Lancer un adversaire dans une case occupée en tant que bousculade
CATEGORY=FEAT|Improved Overrun.MOD					OUTPUTNAME:Science du renversement					DESC:.CLEAR					DESC:+2 au test, pas d’attaque d’opportunité, +2 au DMC contre le renversement
CATEGORY=FEAT|Improved Precise Shot.MOD					OUTPUTNAME:Science du tir de précision					DESC:.CLEAR					DESC:Ignore le camouflage et l’abri (sauf camouflage total et abri total)
CATEGORY=FEAT|Improved Reposition.MOD					OUTPUTNAME:Science du repositionnement					DESC:.CLEAR					DESC:+2 aux tentatives de repositionnement, pas d'attaque d'opportunité
CATEGORY=FEAT|Improved Second Chance.MOD					OUTPUTNAME:Science de la seconde chance					DESC:.CLEAR					DESC:Pénalité de -5 aux attaques suivantes pour relancer la première attaque ratée
CATEGORY=FEAT|Improved Share Spells.MOD					OUTPUTNAME:Science du partage des sorts					DESC:.CLEAR					DESC:Les sorts affectent à la fois le personnage et sa créature liée
CATEGORY=FEAT|Improved Shield Bash.MOD					OUTPUTNAME:Science du coup de bouclier					DESC:.CLEAR					DESC:Conserver le bonus à la CA d’un bouclier tout en portant un coup avec celui-ci
CATEGORY=FEAT|Improved Sidestep.MOD					OUTPUTNAME:Science du pas de côté					DESC:.CLEAR					DESC:Le pas de côté n'utilise pas le pas de placement du round suivant
CATEGORY=FEAT|Improved Steal.MOD					OUTPUTNAME:Science de la subtilisation					DESC:.CLEAR					DESC:+2 aux tentatives de subtilisation, pas d'attaque d'opportunité
CATEGORY=FEAT|Improved Stonecunning.MOD					OUTPUTNAME:Connaissance supérieure de la pierre					DESC:.CLEAR					DESC:+4 aux tests de Perception pour repérer les ouvrages de pierre inhabituels
CATEGORY=FEAT|Improved Sunder.MOD					OUTPUTNAME:Science de la destruction					DESC:.CLEAR					DESC:+2 au test, pas d’attaque d’opportunité, +2 au DMC contre la destruction
CATEGORY=FEAT|Improved Trip.MOD					OUTPUTNAME:Science du croc-en-jambe					DESC:.CLEAR					DESC:+2 au test, pas d’attaque d’opportunité, +2 au BMC contre le croc-en-jambe
CATEGORY=FEAT|Improved Two-Weapon Fighting.MOD					OUTPUTNAME:Science du combat à deux armes					DESC:.CLEAR					DESC:Seconde attaque secondaire à -5
CATEGORY=FEAT|Improved Unarmed Strike.MOD					OUTPUTNAME:Science du combat à mains nues					DESC:.CLEAR					DESC:Toujours considéré comme armé, contrôle des cases adjacentes, peut infliger des dégâts létaux à mains nues, attaques à mains nues ne provoquent pas d’attaque d’opportunité.
CATEGORY=FEAT|Improved Vital Strike.MOD					OUTPUTNAME:Science de la frappe décisive					DESC:.CLEAR					DESC:Coup spécial (action simple) en lançant les dégâts de base 3 fois
CATEGORY=FEAT|Improvised Weapon Mastery.MOD					OUTPUTNAME:Maîtrise des armes improvisées					DESC:.CLEAR					DESC:Augmente les dégâts des armes improvisées et passe les critiques à 19-20/x2
CATEGORY=FEAT|In Harm's Way.MOD					OUTPUTNAME:Interception de coups					DESC:.CLEAR					DESC:Subir les dégâts d'une attaque réussie contre un allié adjacent
CATEGORY=FEAT|Intensified Spell.MOD					OUTPUTNAME:Sort intense					DESC:.CLEAR					DESC:Augmente le nombre maximum de dés de dégâts de 5 niveaux
CATEGORY=FEAT|Intimidating Prowess.MOD					OUTPUTNAME:Force intimidante					DESC:.CLEAR					DESC:Ajouter le modificateur de Force en plus de celui de Charisme aux tests d’Intimidation
CATEGORY=FEAT|Iron Will.MOD					OUTPUTNAME:Volonté de fer					DESC:.CLEAR					DESC:+2 aux jets de Volonté
CATEGORY=FEAT|Ironguts.MOD					OUTPUTNAME:Boyaux d'acier					DESC:.CLEAR					DESC:+2 aux JS contre les états nauséeux et fiévreux et les poisons ingérés
CATEGORY=FEAT|Ironhide.MOD					OUTPUTNAME:Peau de fer					DESC:.CLEAR					DESC:Bonus d'armure naturelle de +1 à la CA
CATEGORY=FEAT|Keen Scent.MOD					OUTPUTNAME:Odorat supérieur					DESC:.CLEAR					DESC:Gagne la capacité spéciale d'odorat
CATEGORY=FEAT|Ki Throw.MOD					OUTPUTNAME:Lancer ki					DESC:.CLEAR					DESC:Lancer un adversaire dans une case adjacente en tant que croc-en-jambe
CATEGORY=FEAT|Leadership.MOD					OUTPUTNAME:Prestige					DESC:.CLEAR					DESC:Permet d’obtenir une cohorte
CATEGORY=FEAT|Leaf Singer.MOD					OUTPUTNAME:Chanteur de la nature					DESC:.CLEAR					DESC:Améliore les représentations en forêt et contre les fées
CATEGORY=FEAT|Light Step.MOD					OUTPUTNAME:Pas léger					DESC:.CLEAR					DESC:Se déplacer de sa VD normale sur un terrain difficile
CATEGORY=FEAT|Lightning Reflexes.MOD					OUTPUTNAME:Réflexes surhumains					DESC:.CLEAR					DESC:+2 aux jets de Réflexes
CATEGORY=FEAT|Lightning Stance.MOD					OUTPUTNAME:Comme l’éclair					DESC:.CLEAR					DESC:50%% de camouflage pendant 1 round en cas de double mouvement ou de retraite
CATEGORY=FEAT|Lingering Performance.MOD					OUTPUTNAME:Représentation obsédante					DESC:.CLEAR					DESC:Les effets des représentations continuent pendant 2 rounds après la fin
CATEGORY=FEAT|Lingering Spell.MOD					OUTPUTNAME:Sort soutenu					DESC:.CLEAR					DESC:Un sort instantané à zone d'effet persiste pendant 1 round
CATEGORY=FEAT|Lookout.MOD					OUTPUTNAME:Vigie					DESC:.CLEAR					DESC:Agir lors du round de surprise si un allié le peut
CATEGORY=FEAT|Low Profile.MOD					OUTPUTNAME:Profil bas					DESC:.CLEAR					DESC:Bonus d'esquive de +1 à la CA contre les attaques à distance
CATEGORY=FEAT|Lucky Halfling.MOD					OUTPUTNAME:Halfelin porte-chance					DESC:.CLEAR					DESC:Permet de lancer un JS pour un allié 1/jour
CATEGORY=FEAT|Lunge.MOD					OUTPUTNAME:Fente					DESC:.CLEAR					DESC:Permet d’augmenter l’allonge de +1 case en acceptant un malus de -2 à la CA
CATEGORY=FEAT|Magical Aptitude.MOD					OUTPUTNAME:Aptitude magique					DESC:.CLEAR					DESC:+2 en Art de la magie et Utilisation d’objets magiques (+4 si 10+ rangs)
CATEGORY=FEAT|Major Spell Expertise.MOD					OUTPUTNAME:Expertise magique majeure					DESC:.CLEAR					DESC:Lancer un sort de niveau inférieur ou égal à 5 comme pouvoir magique 2/jour
CATEGORY=FEAT|Manyshot.MOD					OUTPUTNAME:Feu nourri					DESC:.CLEAR					DESC:La première attaque d’une attaque à outrance envoie deux flèches
CATEGORY=FEAT|Martial Weapon Proficiency.MOD					OUTPUTNAME:Maniement d’une arme de guerre					DESC:.CLEAR					DESC:Maniement d’une arme de guerre au choix
CATEGORY=FEAT|Master Alchemist.MOD					OUTPUTNAME:Maître alchimiste					DESC:.CLEAR					DESC:+2 aux tests d'Artisanat (alchimie), permet de créer des objets alchimiques et des poisons plus rapidement
CATEGORY=FEAT|Master Craftsman.MOD					OUTPUTNAME:Maître Artisan					DESC:.CLEAR					DESC:+2 dans une compétence d’Artisanat ou de Profession qui peut être utilisée comme NLS pour Création d’armes/armures magiques ou d’objets merveilleux
CATEGORY=FEAT|Maximize Spell.MOD					OUTPUTNAME:Quintessence des sorts					DESC:.CLEAR					DESC:Maximise les variables du sort (+3 niveaux)
CATEGORY=FEAT|Medusa’s Wrath.MOD					OUTPUTNAME:Fureur de la méduse					DESC:.CLEAR					DESC:Lors d’une attaque à outrance comportant au moins une attaque à mains nues, ajoute 2 attaques (au bonus d’attaque maximal) contre une cible hébétée, prise au dépourvu, paralysée, chancelante, étourdie ou inconsciente
CATEGORY=FEAT|Merciful Spell.MOD					OUTPUTNAME:Sort miséricordieux					DESC:.CLEAR					DESC:Le sort inflige des dégâts non létaux au lieu de dégâts létaux
CATEGORY=FEAT|Minor Spell Expertise.MOD					OUTPUTNAME:Expertise magique mineure					DESC:.CLEAR					DESC:Lancer un sort de 1er niveau comme pouvoir magique 2/jour
CATEGORY=FEAT|Missile Shield.MOD					OUTPUTNAME:Bouclier contre les projectiles					DESC:.CLEAR					DESC:Parer une attaque à distance par round avec un bouclier
CATEGORY=FEAT|Mobility.MOD					OUTPUTNAME:Souplesse du serpent					DESC:.CLEAR					DESC:+4 (esquive) à la CA contre les attaques d’opportunité en quittant une case contrôlée
CATEGORY=FEAT|Mounted Archery.MOD					OUTPUTNAME:Tir monté					DESC:.CLEAR					DESC:Pénalité des attaques à distance sur monture divisée par 2 (-2 au lieu de -4 si la monture réalise un double mouvement, -4 au lieu de -8 si la monture court)
CATEGORY=FEAT|Mounted Combat.MOD					OUTPUTNAME:Combat monté					DESC:.CLEAR					DESC:Peut remplacer la CA de la monture par le résultat d’un test d’Équitation (1/jour)
CATEGORY=FEAT|Mounted Shield.MOD					OUTPUTNAME:Bouclier pour la monture					DESC:.CLEAR					DESC:Appliquer le bonus de bouclier à la CA de la monture
CATEGORY=FEAT|Mounted Skirmisher.MOD					OUTPUTNAME:Tirailleur monté					DESC:.CLEAR					DESC:Effectuer une attaque à outrance même si la monture se déplace de sa VD
CATEGORY=FEAT|Natural Spell.MOD					OUTPUTNAME:Incantation animale					DESC:.CLEAR					DESC:Permet d’incanter sous forme animale
CATEGORY=FEAT|Nimble Moves.MOD					OUTPUTNAME:Aisance					DESC:.CLEAR					DESC:Ignorer 1 case de terrain difficile par round
CATEGORY=FEAT|Outflank.MOD					OUTPUTNAME:Grande tenaille					DESC:.CLEAR					DESC:Bonus de +4 aux jets d'attaque en cas de prise en tenaille
CATEGORY=FEAT|Paired Opportunists.MOD					OUTPUTNAME:Couple d'opportunistes					DESC:.CLEAR					DESC:Bonus de +4 aux attaques d'opportunité
CATEGORY=FEAT|Parry Spell.MOD					OUTPUTNAME:Parade de sorts					DESC:.CLEAR					DESC:Renvoyer un sort contré vers le lanceur
CATEGORY=FEAT|Parting Shot.MOD					OUTPUTNAME:Tir en retraite					DESC:.CLEAR					DESC:Effectuer une attaque à distance pendant une retraite
CATEGORY=FEAT|Pass for Human.MOD					OUTPUTNAME:Passer pour un humain					DESC:.CLEAR					DESC:+10 aux tests de Déguisement pour ressembler à un humain
CATEGORY=FEAT|Penetrating Strike.MOD					OUTPUTNAME:Frappe puissante					DESC:.CLEAR					DESC:Les attaques avec l’arme choisie ignorent 5 points de RD (à condition que la RD soit typée).
CATEGORY=FEAT|Perfect Strike.MOD					OUTPUTNAME:Coup parfait					DESC:.CLEAR					DESC:Faire deux lancers pour les attaques à mains nues et choisir le meilleur
CATEGORY=FEAT|Persistent Spell.MOD					OUTPUTNAME:Sort persistant					DESC:.CLEAR					DESC:Les créatures qui ont réussi un JS contre le sort doivent refaire un autre JS.
CATEGORY=FEAT|Persuasive.MOD					OUTPUTNAME:Persuasion					DESC:.CLEAR					DESC:+2 Diplomatie et Intimidation (+4 si 10+ rangs)
CATEGORY=FEAT|Pinpoint Targeting.MOD					OUTPUTNAME:Viser juste					DESC:.CLEAR					DESC:Attaque spéciale (action simple) qui ignore les bonus d’armure, d’armure naturelle et de bouclier de la victime
CATEGORY=FEAT|Point Blank Shot.MOD					OUTPUTNAME:Tir à bout portant					DESC:.CLEAR					DESC:+1 à l’attaque et aux dégâts à 6 cases ou moins
CATEGORY=FEAT|Point-Blank Master.MOD					OUTPUTNAME:Maîtrise du tir à bout portant					DESC:.CLEAR					DESC:Attaquer avec une arme à distance ne provoque plus d'attaque d'opportunité
CATEGORY=FEAT|Power Attack.MOD					OUTPUTNAME:Attaque en puissance					DESC:.CLEAR					DESC:-1 toucher, +2 dégâts (augmente à chaque tranche de 4 points de la BBA)
CATEGORY=FEAT|Practiced Tactician.MOD					OUTPUTNAME:Tacticien expérimenté					DESC:.CLEAR					DESC:Permet d'utiliser la capacité de tacticien une fois de plus par jour
CATEGORY=FEAT|Precise Shot.MOD					OUTPUTNAME:Tir de précision					DESC:.CLEAR					DESC:Pas de pénalité lors d’attaque dans une mêlée
CATEGORY=FEAT|Precise Strike.MOD					OUTPUTNAME:Coup précis					DESC:.CLEAR					DESC:Inflige +1d6 points de précision avec les attaques au corps à corps
CATEGORY=FEAT|Preferred Spell.MOD					OUTPUTNAME:Sort de prédilection					DESC:.CLEAR					DESC:Lancer spontanément un sort en particulier
CATEGORY=FEAT|Punishing Kick.MOD					OUTPUTNAME:Coup mémorable					DESC:.CLEAR					DESC:Mettre à terre ou repousser un ennemi avec une attaque à mains nues
CATEGORY=FEAT|Pushing Assault.MOD					OUTPUTNAME:Assaut repoussant					DESC:.CLEAR					DESC:Repousser un ennemi avec une arme à deux mains
CATEGORY=FEAT|Quick Draw.MOD					OUTPUTNAME:Arme en main					DESC:.CLEAR					DESC:Permet de dégainer en une action libre
CATEGORY=FEAT|Quicken Spell.MOD					OUTPUTNAME:Incantation rapide					DESC:.CLEAR					DESC:Permet d’incanter en une action rapide (+4 niveaux)
CATEGORY=FEAT|Racial Heritage.MOD					OUTPUTNAME:Héritage racial					DESC:.CLEAR					DESC:Fonctionne comme un humain et un membre d'une autre race
CATEGORY=FEAT|Raging Vitality.MOD					OUTPUTNAME:Vigueur en rage					DESC:.CLEAR					DESC:Con +2 en rage et permet de rester en rage même inconscient
CATEGORY=FEAT|Rapid Reload.MOD					OUTPUTNAME:Rechargement rapide					DESC:.CLEAR					DESC:Peut recharger l’arbalète en une action libre (si légère/de poing) ou une action de mouvement (arbalète lourde)
CATEGORY=FEAT|Rapid Shot.MOD					OUTPUTNAME:Tir rapide					DESC:.CLEAR					DESC:Peut porter une attaque de plus en acceptant un malus de -2 sur toutes les attaques
CATEGORY=FEAT|Ray Shield.MOD					OUTPUTNAME:Bouclier contre les rayons					DESC:.CLEAR					DESC:Parer une attaque de contact à distance par round avec un bouclier
CATEGORY=FEAT|Razortusk.MOD					OUTPUTNAME:Crocs acérés					DESC:.CLEAR					DESC:Gagne une attaque de morsure
CATEGORY=FEAT|Reach Spell.MOD					OUTPUTNAME:Sort éloigné					DESC:.CLEAR					DESC:Augmente la portée d'un sort d'une ou de plusieurs catégories.
CATEGORY=FEAT|Rending Claws.MOD					OUTPUTNAME:Griffes coupantes					DESC:.CLEAR					DESC:Infliger 1d6 points de dégâts supplémentaires si les deux griffes touchent
CATEGORY=FEAT|Repositioning Strike.MOD					OUTPUTNAME:Coup repositionnant					DESC:.CLEAR					DESC:Tenter un repositionnement après un critique
CATEGORY=FEAT|Ride-By Attack.MOD					OUTPUTNAME:Attaque au galop					DESC:.CLEAR					DESC:Peut attaquer lors d’une charge et poursuivre son mouvement sans causer d’attaque d’opportunité de la cible
CATEGORY=FEAT|Run.MOD					OUTPUTNAME:Course					DESC:.CLEAR					DESC:Permet de courir plus vite, bonus pour les sauts avec élan
CATEGORY=FEAT|Saving Shield.MOD					OUTPUTNAME:Bouclier salvateur					DESC:.CLEAR					DESC:Octroyer un bonus de bouclier à un allié adjacent
CATEGORY=FEAT|Scorpion Style.MOD					OUTPUTNAME:École du scorpion					DESC:.CLEAR					DESC:Coup spécial à mains nues (action simple) qui inflige des dégâts normalement et peut (JdS Vigueur) réduire la vitesse de la cible à 1 case pendant plusieurs rounds.
CATEGORY=FEAT|Scribe Scroll.MOD					OUTPUTNAME:Écriture de parchemins					DESC:.CLEAR					DESC:Permet de créer des parchemins magiques
CATEGORY=FEAT|Second Chance.MOD					OUTPUTNAME:Seconde chance					DESC:.CLEAR					DESC:Sacrifier les attaques suivantes pour relancer la première attaque ratée
CATEGORY=FEAT|Selective Channeling.MOD					OUTPUTNAME:Canalisation sélective					DESC:.CLEAR					DESC:Permet de choisir qui affecter dans la zone de canalisation
CATEGORY=FEAT|Selective Spell.MOD					OUTPUTNAME:Sort sélectif					DESC:.CLEAR					DESC:attaque ratée
CATEGORY=FEAT|Self-Sufficient.MOD					OUTPUTNAME:Autonome					DESC:.CLEAR					DESC:+2 Premiers secours et Survie (+4 si 10+ rangs)
CATEGORY=FEAT|Shadow Strike.MOD					OUTPUTNAME:Coup dans l'ombre					DESC:.CLEAR					DESC:Infliger des dégâts de précision même aux cibles camouflées
CATEGORY=FEAT|Shared Insight.MOD					OUTPUTNAME:Intuition partagée					DESC:.CLEAR					DESC:Donner un bonus de +2 aux tests de Perception aux alliés
CATEGORY=FEAT|Sharp Senses.MOD					OUTPUTNAME:Sens très affûtés					DESC:.CLEAR					DESC:bonus racial de +4 aux tests de Perception
CATEGORY=FEAT|Shatter Defense.MOD					OUTPUTNAME:Briser les défenses					DESC:.CLEAR					DESC:Les cibles secouées, effrayées ou paniquées touchées avec l’arme choisie deviennent prises au dépourvu contre les attaques du personnage jusqu’à la fin de son prochain tour.
CATEGORY=FEAT|Shield Focus.MOD					OUTPUTNAME:Art du bouclier					DESC:.CLEAR					DESC:Bonus des boucliers à la CA augmenté de +1
CATEGORY=FEAT|Shield Master.MOD					OUTPUTNAME:Maîtrise du bouclier					DESC:.CLEAR					DESC:Pas de pénalité aux attaques de bouclier lorsqu’on tient une autre arme, et appliquer le bonus du bouclier à l’attaque et aux dégâts.
CATEGORY=FEAT|Shield of Swings.MOD					OUTPUTNAME:Coups protecteurs					DESC:.CLEAR					DESC:Réduire les dégâts avec une arme à deux mains pour gagner un bonus de bouclier de +4
CATEGORY=FEAT|Shield Proficiency.MOD					OUTPUTNAME:Maniement des boucliers					DESC:.CLEAR					DESC:Peut utiliser les boucliers (targes, écus, rondaches) sans pénalité
CATEGORY=FEAT|Shield Slam.MOD					OUTPUTNAME:Frappe du bouclier					DESC:.CLEAR					DESC:Accompagner les coups de bouclier d’une bousculade ne provoquant pas d’attaque d’opportunité, en utilisant le jet d’attaque comme jet de manoeuvre (met la cible à terre si celle-ci ne peut pas reculer).
CATEGORY=FEAT|Shield Specialization.MOD					OUTPUTNAME:Spécialisation aux boucliers					DESC:.CLEAR					DESC:Bonus de +2 à la CA contre les critiques avec un type de bouclier
CATEGORY=FEAT|Shield Wall.MOD					OUTPUTNAME:Mur de boucliers					DESC:.CLEAR					DESC:Augmenter le bonus de bouclier à la CA
CATEGORY=FEAT|Shielded Caster.MOD					OUTPUTNAME:Lanceur de sort protégé					DESC:.CLEAR					DESC:Bonus de +4 aux tests de Concentration
CATEGORY=FEAT|Shot on the Run.MOD					OUTPUTNAME:Tir en mouvement					DESC:.CLEAR					DESC:Peut se déplacer de sa vitesse et tirer au cours de ce mouvement (action complexe)
CATEGORY=FEAT|Sickening Critical.MOD					OUTPUTNAME:Critique fébrile					DESC:.CLEAR					DESC:Les coups critiques du personnage rendent la cible nauséeuse pendant 1 minute.
CATEGORY=FEAT|Sickening Spell.MOD					OUTPUTNAME:Sort écoeurant					DESC:.CLEAR					DESC:Rend fiévreuses les créatures blessées.
CATEGORY=FEAT|Sidestep.MOD					OUTPUTNAME:Pas de côté					DESC:.CLEAR					DESC:Faire un pas de placement de 1,50 m juste après une attaque ennemie ratée
CATEGORY=FEAT|Silent Spell.MOD					OUTPUTNAME:Incantation silencieuse					DESC:.CLEAR					DESC:Permet d’incanter sans composantes verbales (+1 niveau)
CATEGORY=FEAT|Simple Weapon Proficiency.MOD					OUTPUTNAME:Maniement des armes courantes					DESC:.CLEAR					DESC:Maniement de toutes les armes courantes
CATEGORY=FEAT|Skill Focus.MOD					OUTPUTNAME:Talent					DESC:.CLEAR					DESC:+3 à une compétence choisie (+6 si 10+ rangs)
CATEGORY=FEAT|Smash.MOD					OUTPUTNAME:Briseur d'objets					DESC:.CLEAR					DESC:Ignorer 5 points de solidité lorsqu'on brise un objet
CATEGORY=FEAT|Smell Fear.MOD					OUTPUTNAME:Perception de la peur					DESC:.CLEAR					DESC:+4 aux tests de Perception pour détecter les créatures effrayées
CATEGORY=FEAT|Snatch Arrow.MOD					OUTPUTNAME:Capture de projectiles					DESC:.CLEAR					DESC:Le personnage peut attraper (et même renvoyer) un projectile par round à condition d’avoir une main libre.
CATEGORY=FEAT|Sociable.MOD					OUTPUTNAME:Sociable					DESC:.CLEAR					DESC:Donner aux alliés un bonus de +2 aux tests de Diplomatie
CATEGORY=FEAT|Spell Focus.MOD					OUTPUTNAME:École renforcée					DESC:.CLEAR					DESC:+1 aux DD des sorts d’une école choisie
CATEGORY=FEAT|Spell Mastery.MOD					OUTPUTNAME:Maîtrise des sorts					DESC:.CLEAR					DESC:Permet de préparer certains sorts (nombre égal au bonus d’Intelligence) sans grimoire
CATEGORY=FEAT|Spell Penetration.MOD					OUTPUTNAME:Efficacité des sorts accrue					DESC:.CLEAR					DESC:+2 aux tests de NLS pour percer une RM
CATEGORY=FEAT|Spell Perfection.MOD					OUTPUTNAME:Perfection magique					DESC:.CLEAR					DESC:Appliquer n'importe quel don de métamagie à un sort en particulier sans pénalité
CATEGORY=FEAT|Spellbreaker.MOD					OUTPUTNAME:Briseur de sorts					DESC:.CLEAR					DESC:Permet d’infliger une attaque d’opportunité en cas de test d’incantation défensive raté
CATEGORY=FEAT|Spider Step.MOD					OUTPUTNAME:Démarche de l'araignée					DESC:.CLEAR					DESC:Marcher sur les murs ou les plafonds sur la moitié de la distance de chute ralentie
CATEGORY=FEAT|Spirited Charge.MOD					OUTPUTNAME:Charge dévastatrice					DESC:.CLEAR					DESC:Dégâts doublés lors d’une charge (triplés avec une lance).
CATEGORY=FEAT|Spring Attack.MOD					OUTPUTNAME:Attaque éclair					DESC:.CLEAR					DESC:Peut porter une attaque au cours d’un mouvement sans que celui-ci ne provoque d’attaque d’opportunité de la part de la cible
CATEGORY=FEAT|Stabbing Shot.MOD					OUTPUTNAME:Coup de flèche					DESC:.CLEAR					DESC:Utiliser une flèche comme arme de corps à corps pour repousser les ennemis
CATEGORY=FEAT|Staggering Critical.MOD					OUTPUTNAME:Critique ralentissant					DESC:.CLEAR					DESC:Les coups critiques peuvent rendre la cible chancelante pendant 1d4+1 rounds (1 round en cas de JdS de Vigueur DD 10 + BBA réussi).
CATEGORY=FEAT|Stand Still.MOD					OUTPUTNAME:Immobiliser					DESC:.CLEAR					DESC:Permet de faire un test de manoeuvre à la place d’une attaque d’opportunité pour faire cesser le mouvement d’un ennemi
CATEGORY=FEAT|Stealthy.MOD					OUTPUTNAME:Discret					DESC:.CLEAR					DESC:+2 en Discrétion et Évasion (+4 si 10+ rangs)
CATEGORY=FEAT|Steel Soul.MOD					OUTPUTNAME:Âme d'acier					DESC:.CLEAR					DESC:repousser les ennemis
CATEGORY=FEAT|Step Up and Strike.MOD					OUTPUTNAME:Avance et frappe					DESC:.CLEAR					DESC:Suivre une créature adjacente et attaquer par une action immédiate
CATEGORY=FEAT|Step Up.MOD					OUTPUTNAME:S’avancer					DESC:.CLEAR					DESC:Permet de suivre un ennemi qui s’éloigne par un pas de placement
CATEGORY=FEAT|Still Spell.MOD					OUTPUTNAME:Incantation statique					DESC:.CLEAR					DESC:Permet d’incanter sans composantes gestuelles (+1 niveau)
CATEGORY=FEAT|Stone Sense.MOD					OUTPUTNAME:Perception via la pierre					DESC:.CLEAR					DESC:Gagne la capacité de perception des vibrations à 3 m
CATEGORY=FEAT|Stone Singer.MOD					OUTPUTNAME:Chanteur des roches					DESC:.CLEAR					DESC:Améliore les représentations en sous-sol et contre les créatures de la Terre
CATEGORY=FEAT|Stone-Faced.MOD					OUTPUTNAME:Visage de pierre					DESC:.CLEAR					DESC:Bonus de +4 aux tests de Bluff pour mentir ou cacher son but
CATEGORY=FEAT|Strike back.MOD					OUTPUTNAME:Riposte					DESC:.CLEAR					DESC:Permet de contre-attaquer un ennemi bénéficiant d’allonge en préparant une attaque
CATEGORY=FEAT|Stunning Assault.MOD					OUTPUTNAME:Assaut étourdissant					DESC:.CLEAR					DESC:Sacrifier du bonus d'attaque, étourdir les cibles au corps à corps
CATEGORY=FEAT|Stunning Critical.MOD					OUTPUTNAME:Critique étourdissant					DESC:.CLEAR					DESC:Les coups critiques peuvent étourdir la cible pendant 1d4 rounds (chancelant en cas de JdS de Vigueur DD 10 + BBA réussi).
CATEGORY=FEAT|Stunning Fist.MOD					OUTPUTNAME:Coup étourdissant					DESC:.CLEAR					DESC:Le personnage peut tenter d’étourdir un adversaire frappé à mains nues (JdS Vigueur) un certain nombre de fois par jour (Don bonus de moine).
CATEGORY=FEAT|Summoner's Call.MOD					OUTPUTNAME:Appel de l'invocateur					DESC:.CLEAR					DESC:L'eidolon gagne un bonus lorsqu'il est conjuré
CATEGORY=FEAT|Sundering Strike.MOD					OUTPUTNAME:Coup destructeur					DESC:.CLEAR					DESC:Tentative de destruction en cas de coup critique
CATEGORY=FEAT|Swap Places.MOD					OUTPUTNAME:Échange de place					DESC:.CLEAR					DESC:Changer de place avec un allié adjacent
CATEGORY=FEAT|Swift Aid.MOD					OUTPUTNAME:Aide rapide					DESC:.CLEAR					DESC:Tenter d'aider quelqu'un par une action rapide
CATEGORY=FEAT|Taunt.MOD					OUTPUTNAME:Raillerie					DESC:.CLEAR					DESC:Démoraliser les adversaires avec Bluff au lieu d'Intimidation
CATEGORY=FEAT|Team Up.MOD					OUTPUTNAME:Travail en équipe					DESC:.CLEAR					DESC:Aider quelqu'un par une action de mouvementavec 2 alliés adjacents
CATEGORY=FEAT|Teleport Tactician.MOD					OUTPUTNAME:Tacticien de la téléportation					DESC:.CLEAR					DESC:Les créatures qui se téléportent provoquent des attaques d'opportunité
CATEGORY=FEAT|Tenacious Transmutation.MOD					OUTPUTNAME:Transmutation tenace					DESC:.CLEAR					DESC:+2 au DD pour dissiper les transmutations du personnage
CATEGORY=FEAT|Throw Anything.MOD					OUTPUTNAME:Lancer improvisé					DESC:.CLEAR					DESC:Pas de pénalité en attaquant à distance avec une arme improvisée
CATEGORY=FEAT|Thundering Spell.MOD					OUTPUTNAME:Sort tonitruant					DESC:.CLEAR					DESC:Assourdit les créatures blessées.
CATEGORY=FEAT|Tiring Critical.MOD					OUTPUTNAME:Critique fatigant					DESC:.CLEAR					DESC:Les coups critiques du personnage rendent la cible fatiguée.
CATEGORY=FEAT|Touch of Serenity.MOD					OUTPUTNAME:Toucher de la sérénité					DESC:.CLEAR					DESC:Les ennemis touchés par les attaques à mains nues ne peuvent ni attaquer ni incanter
CATEGORY=FEAT|Toughness.MOD					OUTPUTNAME:Robustesse					DESC:.CLEAR					DESC:Gagne +1 pv par niveau (avec un minimum de +3 pv)
CATEGORY=FEAT|Tower Shield Proficiency.MOD					OUTPUTNAME:Maniement du pavois					DESC:.CLEAR					DESC:Peut utiliser les pavois sans pénalité
CATEGORY=FEAT|Trample.MOD					OUTPUTNAME:Piétinement					DESC:.CLEAR					DESC:La cible ne peut pas éviter le renversement et la monture peut porter une attaque de sabot contre la victime
CATEGORY=FEAT|Trick Riding.MOD					OUTPUTNAME:Astuce d'équitation					DESC:.CLEAR					DESC:Réussir automatiquement les tests d'Équitation simples
CATEGORY=FEAT|Tripping Strike.MOD					OUTPUTNAME:Coup déséquilibrant					DESC:.CLEAR					DESC:Tenter un croc-en-jambe en cas de critique
CATEGORY=FEAT|Turn Undead.MOD					OUTPUTNAME:Renvoi des morts-vivants					DESC:.CLEAR					DESC:Permet de repousser les morts-vivants affectés
CATEGORY=FEAT|Two-Weapon Defense.MOD					OUTPUTNAME:Défense à deux armes					DESC:.CLEAR					DESC:+1 CA (bouclier) en tenant deux armes/une arme double
CATEGORY=FEAT|Two-Weapon Fighting.MOD					OUTPUTNAME:Combat à deux armes					DESC:.CLEAR					DESC:Pénalités d’attaques à deux armes réduites
CATEGORY=FEAT|Two-Weapon Rend.MOD					OUTPUTNAME:Éventration à deux armes					DESC:.CLEAR					DESC:Ajoute 1d10 + 1,5 fois bonus de Force aux dégâts si les deux armes touchent la même cible
CATEGORY=FEAT|Under and Over.MOD					OUTPUTNAME:Par-dessus et par-dessous					DESC:.CLEAR					DESC:Les créatures qui tentent et ratent une lutte contre le personnage tombent au sol
CATEGORY=FEAT|Underfoot.MOD					OUTPUTNAME:Sous les jambes					DESC:.CLEAR					DESC:+4 aux tests d'Acrobaties pour se faufiler près d'adversaires plus grands
CATEGORY=FEAT|Unseat.MOD					OUTPUTNAME:Désarçonner					DESC:.CLEAR					DESC:Ajoute une bousculade après une attaque de charge montée avec une lance
CATEGORY=FEAT|Vermin Heart.MOD					OUTPUTNAME:Cœur de vermine					DESC:.CLEAR					DESC:Cibler les vermines avec des sorts comme s'ils étaient des animaux
CATEGORY=FEAT|Vital Strike.MOD					OUTPUTNAME:Frappe décisive					DESC:.CLEAR					DESC:Coup spécial (action simple) en lançant les dégâts de base 2 fois
CATEGORY=FEAT|War Singer.MOD					OUTPUTNAME:Chanteur de guerre					DESC:.CLEAR					DESC:Améliore les représentations sur les champs de bataille et contre les orques
CATEGORY=FEAT|Weapon Finesse.MOD					OUTPUTNAME:Attaque en finesse					DESC:.CLEAR					DESC:Utiliser le bonus de Dextérité au lieu du bonus de Force pour les attaques avec une arme légère , une rapière, un fouet ou une chaîne cloutée (le malus d’armure des boucliers portés s’applique aux jets d’attaque)
CATEGORY=FEAT|Weapon Focus.MOD					OUTPUTNAME:Arme de prédilection					DESC:.CLEAR					DESC:+1 à l’attaque avec l’arme choisie
CATEGORY=FEAT|Weapon Specialization.MOD					OUTPUTNAME:Spécialisation martiale					DESC:.CLEAR					DESC:+2 aux dégâts avec l’arme choisie
CATEGORY=FEAT|Well-Prepared.MOD					OUTPUTNAME:Bien préparé					DESC:.CLEAR					DESC:Le personnage possède toute une série d'objets communs
CATEGORY=FEAT|Whirwind Attack.MOD					OUTPUTNAME:Attaque en rotation					DESC:.CLEAR					DESC:Coup spécial (action complexe) pour porter une attaque contre tous les ennemis à portée
CATEGORY=FEAT|Widen spell.MOD					OUTPUTNAME:Extension de zone d’effet					DESC:.CLEAR					DESC:Double la zone d’effet d’un sort (+3 niveaux)
CATEGORY=FEAT|Wind Stance.MOD					OUTPUTNAME:Comme le vent					DESC:.CLEAR					DESC:20%% de camouflage contre les attaques à distance pendant 1 round en cas de mouvement

